Component: ARM Compiler 5.06 update 7 (build 960) Tool: armlink [4d3601]

==============================================================================

Section Cross References

    startup_stm32f401xe.o(RESET) refers to startup_stm32f401xe.o(STACK) for __initial_sp
    startup_stm32f401xe.o(RESET) refers to startup_stm32f401xe.o(.text) for Reset_Handler
    startup_stm32f401xe.o(RESET) refers to stm32f4xx_it.o(i.NMI_Handler) for NMI_Handler
    startup_stm32f401xe.o(RESET) refers to stm32f4xx_it.o(i.HardFault_Handler) for HardFault_Handler
    startup_stm32f401xe.o(RESET) refers to stm32f4xx_it.o(i.MemManage_Handler) for MemManage_Handler
    startup_stm32f401xe.o(RESET) refers to stm32f4xx_it.o(i.BusFault_Handler) for BusFault_Handler
    startup_stm32f401xe.o(RESET) refers to stm32f4xx_it.o(i.UsageFault_Handler) for UsageFault_Handler
    startup_stm32f401xe.o(RESET) refers to port.o(.emb_text) for SVC_Handler
    startup_stm32f401xe.o(RESET) refers to stm32f4xx_it.o(i.DebugMon_Handler) for DebugMon_Handler
    startup_stm32f401xe.o(RESET) refers to port.o(i.SysTick_Handler) for SysTick_Handler
    startup_stm32f401xe.o(RESET) refers to stm32f4xx_it.o(i.TIM1_UP_TIM10_IRQHandler) for TIM1_UP_TIM10_IRQHandler
    startup_stm32f401xe.o(RESET) refers to stm32f4xx_it.o(i.USART1_IRQHandler) for USART1_IRQHandler
    startup_stm32f401xe.o(.text) refers to system_stm32f4xx.o(i.SystemInit) for SystemInit
    startup_stm32f401xe.o(.text) refers to entry.o(.ARM.Collect$$$$00000000) for __main
    main.o(i.AppTaskCreate) refers to port.o(i.vPortEnterCritical) for vPortEnterCritical
    main.o(i.AppTaskCreate) refers to tasks.o(i.xTaskCreate) for xTaskCreate
    main.o(i.AppTaskCreate) refers to printfa.o(i.__0printf) for __2printf
    main.o(i.AppTaskCreate) refers to tasks.o(i.vTaskDelete) for vTaskDelete
    main.o(i.AppTaskCreate) refers to port.o(i.vPortExitCritical) for vPortExitCritical
    main.o(i.AppTaskCreate) refers to main.o(.data) for Led_Task_Handle
    main.o(i.AppTaskCreate) refers to main.o(i.LED_Task) for LED_Task
    main.o(i.AppTaskCreate) refers to main.o(i.KEY_Task) for KEY_Task
    main.o(i.AppTaskCreate) refers to main.o(i.EC11_Task) for EC11_Task
    main.o(i.AppTaskCreate) refers to main.o(i.LCD_Task) for LCD_Task
    main.o(i.AppTaskCreate) refers to main.o(i.Closedloop_FOC_Task) for Closedloop_FOC_Task
    main.o(i.AppTaskCreate) refers to main.o(i.USART_Task) for USART_Task
    main.o(i.BSP_Init) refers to stm32f4xx_hal.o(i.HAL_Init) for HAL_Init
    main.o(i.BSP_Init) refers to main.o(i.SystemClock_Config) for SystemClock_Config
    main.o(i.BSP_Init) refers to gpio.o(i.MX_GPIO_Init) for MX_GPIO_Init
    main.o(i.BSP_Init) refers to tim.o(i.MX_TIM3_Init) for MX_TIM3_Init
    main.o(i.BSP_Init) refers to i2c.o(i.MX_I2C3_Init) for MX_I2C3_Init
    main.o(i.BSP_Init) refers to usart.o(i.MX_USART1_UART_Init) for MX_USART1_UART_Init
    main.o(i.BSP_Init) refers to adc.o(i.MX_ADC1_Init) for MX_ADC1_Init
    main.o(i.Closedloop_FOC_Task) refers to printfa.o(i.__0printf) for __2printf
    main.o(i.Closedloop_FOC_Task) refers to tasks.o(i.vTaskDelay) for vTaskDelay
    main.o(i.Closedloop_FOC_Task) refers to magneticsensor.o(i.MagneticSensor_Init) for MagneticSensor_Init
    main.o(i.Closedloop_FOC_Task) refers to inlinecurrentsense.o(i.InlineCurrentSense_Init) for InlineCurrentSense_Init
    main.o(i.Closedloop_FOC_Task) refers to bldcmotor.o(i.Motor_init) for Motor_init
    main.o(i.Closedloop_FOC_Task) refers to bldcmotor.o(i.Motor_initFOC) for Motor_initFOC
    main.o(i.Closedloop_FOC_Task) refers to bldcmotor.o(i.move) for move
    main.o(i.Closedloop_FOC_Task) refers to bldcmotor.o(i.loopFOC) for loopFOC
    main.o(i.Closedloop_FOC_Task) refers to tasks.o(i.vTaskDelayUntil) for vTaskDelayUntil
    main.o(i.Closedloop_FOC_Task) refers to main.o(.data) for target
    main.o(i.Closedloop_FOC_Task) refers to i2c.o(.bss) for hi2c3
    main.o(i.Closedloop_FOC_Task) refers to adc.o(.bss) for hadc1
    main.o(i.Closedloop_FOC_Task) refers to bldcmotor.o(.bss) for FOC_Para_M
    main.o(i.EC11_Task) refers to encoderec11.o(i.Encoder_EC11_Init) for Encoder_EC11_Init
    main.o(i.EC11_Task) refers to encoderec11.o(i.Encoder_EC11_Scan) for Encoder_EC11_Scan
    main.o(i.EC11_Task) refers to encoderec11.o(i.Encoder_EC11_Analyze) for Encoder_EC11_Analyze
    main.o(i.EC11_Task) refers to gui.o(i.EC11_GUI_Callback) for EC11_GUI_Callback
    main.o(i.EC11_Task) refers to tasks.o(i.vTaskDelay) for vTaskDelay
    main.o(i.EC11_Task) refers to encoderec11.o(.data) for EC11_Init_Flag
    main.o(i.HAL_TIM_PeriodElapsedCallback) refers to stm32f4xx_hal.o(i.HAL_IncTick) for HAL_IncTick
    main.o(i.KEY_Task) refers to stm32f4xx_hal_gpio.o(i.HAL_GPIO_ReadPin) for HAL_GPIO_ReadPin
    main.o(i.KEY_Task) refers to tasks.o(i.vTaskDelay) for vTaskDelay
    main.o(i.KEY_Task) refers to main.o(.data) for key_down_flag
    main.o(i.LCD_Task) refers to lcd_init.o(i.LCD_Init) for LCD_Init
[...]

    BuildAttributes$$THM_ISAv4$E$P$D$K$B$S$7EM$VFPi3$EXTD16$VFPS$VFMA$PE$A:L22UL41UL21$X:L11$S22US41US21$IEEE1$IW$USESV6$~STKCKD$USESV7$~SHL$OTIME$ROPI$IEEEX$EBA8$MICROLIB$REQ8$PRES8$EABIv2 0x00000000   Number         0  anon$$obj.o ABSOLUTE
    __ARM_use_no_argv                        0x00000000   Number         0  main.o ABSOLUTE
    _printf_a                                0x00000000   Number         0  stubs.o ABSOLUTE
    _printf_c                                0x00000000   Number         0  stubs.o ABSOLUTE
    _printf_charcount                        0x00000000   Number         0  stubs.o ABSOLUTE
    _printf_d                                0x00000000   Number         0  stubs.o ABSOLUTE
    _printf_e                                0x00000000   Number         0  stubs.o ABSOLUTE
    _printf_f                                0x00000000   Number         0  stubs.o ABSOLUTE
    _printf_flags                            0x00000000   Number         0  stubs.o ABSOLUTE
    _printf_fp_dec                           0x00000000   Number         0  stubs.o ABSOLUTE
    _printf_fp_hex                           0x00000000   Number         0  stubs.o ABSOLUTE
    _printf_g                                0x00000000   Number         0  stubs.o ABSOLUTE
    _printf_i                                0x00000000   Number         0  stubs.o ABSOLUTE
    _printf_int_dec                          0x00000000   Number         0  stubs.o ABSOLUTE
    _printf_l                                0x00000000   Number         0  stubs.o ABSOLUTE
    _printf_lc                               0x00000000   Number         0  stubs.o ABSOLUTE
    _printf_ll                               0x00000000   Number         0  stubs.o ABSOLUTE
    _printf_lld                              0x00000000   Number         0  stubs.o ABSOLUTE
    _printf_lli                              0x00000000   Number         0  stubs.o ABSOLUTE
    _printf_llo                              0x00000000   Number         0  stubs.o ABSOLUTE
    _printf_llu                              0x00000000   Number         0  stubs.o ABSOLUTE
    _printf_llx                              0x00000000   Number         0  stubs.o ABSOLUTE
    _printf_longlong_dec                     0x00000000   Number         0  stubs.o ABSOLUTE
    _printf_longlong_hex                     0x00000000   Number         0  stubs.o ABSOLUTE
    _printf_longlong_oct                     0x00000000   Number         0  stubs.o ABSOLUTE
    _printf_ls                               0x00000000   Number         0  stubs.o ABSOLUTE
    _printf_mbtowc                           0x00000000   Number         0  stubs.o ABSOLUTE
    _printf_n                                0x00000000   Number         0  stubs.o ABSOLUTE
    _printf_o                                0x00000000   Number         0  stubs.o ABSOLUTE
    _printf_p                                0x00000000   Number         0  stubs.o ABSOLUTE
    _printf_percent                          0x00000000   Number         0  stubs.o ABSOLUTE
    _printf_pre_padding                      0x00000000   Number         0  stubs.o ABSOLUTE
    _printf_return_value                     0x00000000   Number         0  stubs.o ABSOLUTE
    _printf_s                                0x00000000   Number         0  stubs.o ABSOLUTE
    _printf_sizespec                         0x00000000   Number         0  stubs.o ABSOLUTE
    _printf_str                              0x00000000   Number         0  stubs.o ABSOLUTE
    _printf_truncate_signed                  0x00000000   Number         0  stubs.o ABSOLUTE
    _printf_truncate_unsigned                0x00000000   Number         0  stubs.o ABSOLUTE
    _printf_u                                0x00000000   Number         0  stubs.o ABSOLUTE
    _printf_wc                               0x00000000   Number         0  stubs.o ABSOLUTE
    _printf_wctomb                           0x00000000   Number         0  stubs.o ABSOLUTE
    _printf_widthprec                        0x00000000   Number         0  stubs.o ABSOLUTE
    _printf_x                                0x00000000   Number         0  stubs.o ABSOLUTE
    __arm_fini_                               - Undefined Weak Reference
    __cpp_initialize__aeabi_                  - Undefined Weak Reference
    __cxa_finalize                            - Undefined Weak Reference
    _clock_init                               - Undefined Weak Reference
    _microlib_exit                            - Undefined Weak Reference
    __Vectors_Size                           0x00000194   Number         0  startup_stm32f401xe.o ABSOLUTE
    __Vectors                                0x08000000   Data           4  startup_stm32f401xe.o(RESET)
    __Vectors_End                            0x08000194   Data           0  startup_stm32f401xe.o(RESET)
    __main                                   0x08000195   Thumb Code     0  entry.o(.ARM.Collect$$$$00000000)
    _main_stk                                0x08000195   Thumb Code     0  entry2.o(.ARM.Collect$$$$00000001)
    _main_scatterload                        0x08000199   Thumb Code     0  entry5.o(.ARM.Collect$$$$00000004)
    __main_after_scatterload                 0x0800019d   Thumb Code     0  entry5.o(.ARM.Collect$$$$00000004)
    _main_clock                              0x0800019d   Thumb Code     0  entry7b.o(.ARM.Collect$$$$00000008)
    _main_cpp_init                           0x0800019d   Thumb Code     0  entry8b.o(.ARM.Collect$$$$0000000A)
    _main_init                               0x0800019d   Thumb Code     0  entry9a.o(.ARM.Collect$$$$0000000B)
    __rt_lib_shutdown_fini                   0x080001a5   Thumb Code     0  entry12b.o(.ARM.Collect$$$$0000000E)
    __rt_final_cpp                           0x080001a9   Thumb Code     0  entry10a.o(.ARM.Collect$$$$0000000F)
    __rt_final_exit                          0x080001a9   Thumb Code     0  entry11a.o(.ARM.Collect$$$$00000011)
    SVC_Handler                              0x080001ad   Thumb Code    28  port.o(.emb_text)
    __asm___6_port_c_39a90d8d__prvStartFirstTask 0x080001cd   Thumb Code    36  port.o(.emb_text)
    __asm___6_port_c_39a90d8d__prvEnableVFP  0x080001f5   Thumb Code    16  port.o(.emb_text)
    PendSV_Handler                           0x08000209   Thumb Code    88  port.o(.emb_text)
    vPortGetIPSR                             0x08000265   Thumb Code     6  port.o(.emb_text)
    Reset_Handler                            0x0800026d   Thumb Code     8  startup_stm32f401xe.o(.text)
    ADC_IRQHandler                           0x08000287   Thumb Code     0  startup_stm32f401xe.o(.text)
    DMA1_Stream0_IRQHandler                  0x08000287   Thumb Code     0  startup_stm32f401xe.o(.text)
    DMA1_Stream1_IRQHandler                  0x08000287   Thumb Code     0  startup_stm32f401xe.o(.text)
    DMA1_Stream2_IRQHandler                  0x08000287   Thumb Code     0  startup_stm32f401xe.o(.text)
    DMA1_Stream3_IRQHandler                  0x08000287   Thumb Code     0  startup_stm32f401xe.o(.text)
    DMA1_Stream4_IRQHandler                  0x08000287   Thumb Code     0  startup_stm32f401xe.o(.text)
    DMA1_Stream5_IRQHandler                  0x08000287   Thumb Code     0  startup_stm32f401xe.o(.text)
    DMA1_Stream6_IRQHandler                  0x08000287   Thumb Code     0  startup_stm32f401xe.o(.text)
    DMA1_Stream7_IRQHandler                  0x08000287   Thumb Code     0  startup_stm32f401xe.o(.text)
    DMA2_Stream0_IRQHandler                  0x08000287   Thumb Code     0  startup_stm32f401xe.o(.text)
    DMA2_Stream1_IRQHandler                  0x08000287   Thumb Code     0  startup_stm32f401xe.o(.text)
    DMA2_Stream2_IRQHandler                  0x08000287   Thumb Code     0  startup_stm32f401xe.o(.text)
    DMA2_Stream3_IRQHandler                  0x08000287   Thumb Code     0  startup_stm32f401xe.o(.text)
    DMA2_Stream4_IRQHandler                  0x08000287   Thumb Code     0  startup_stm32f401xe.o(.text)
    DMA2_Stream5_IRQHandler                  0x08000287   Thumb Code     0  startup_stm32f401xe.o(.text)
    DMA2_Stream6_IRQHandler                  0x08000287   Thumb Code     0  startup_stm32f401xe.o(.text)
    DMA2_Stream7_IRQHandler                  0x08000287   Thumb Code     0  startup_stm32f401xe.o(.text)
    EXTI0_IRQHandler                         0x08000287   Thumb Code     0  startup_stm32f401xe.o(.text)
    EXTI15_10_IRQHandler                     0x08000287   Thumb Code     0  startup_stm32f401xe.o(.text)
    EXTI1_IRQHandler                         0x08000287   Thumb Code     0  startup_stm32f401xe.o(.text)
    EXTI2_IRQHandler                         0x08000287   Thumb Code     0  startup_stm32f401xe.o(.text)
    EXTI3_IRQHandler                         0x08000287   Thumb Code     0  startup_stm32f401xe.o(.text)
    EXTI4_IRQHandler                         0x08000287   Thumb Code     0  startup_stm32f401xe.o(.text)
    EXTI9_5_IRQHandler                       0x08000287   Thumb Code     0  startup_stm32f401xe.o(.text)
    FLASH_IRQHandler                         0x08000287   Thumb Code     0  startup_stm32f401xe.o(.text)
    FPU_IRQHandler                           0x08000287   Thumb Code     0  startup_stm32f401xe.o(.text)
    I2C1_ER_IRQHandler                       0x08000287   Thumb Code     0  startup_stm32f401xe.o(.text)
    I2C1_EV_IRQHandler                       0x08000287   Thumb Code     0  startup_stm32f401xe.o(.text)
    I2C2_ER_IRQHandler                       0x08000287   Thumb Code     0  startup_stm32f401xe.o(.text)
    I2C2_EV_IRQHandler                       0x08000287   Thumb Code     0  startup_stm32f401xe.o(.text)
    I2C3_ER_IRQHandler                       0x08000287   Thumb Code     0  startup_stm32f401xe.o(.text)
    I2C3_EV_IRQHandler                       0x08000287   Thumb Code     0  startup_stm32f401xe.o(.text)
    OTG_FS_IRQHandler                        0x08000287   Thumb Code     0  startup_stm32f401xe.o(.text)
    OTG_FS_WKUP_IRQHandler                   0x08000287   Thumb Code     0  startup_stm32f401xe.o(.text)
    PVD_IRQHandler                           0x08000287   Thumb Code     0  startup_stm32f401xe.o(.text)
    RCC_IRQHandler                           0x08000287   Thumb Code     0  startup_stm32f401xe.o(.text)
    RTC_Alarm_IRQHandler                     0x08000287   Thumb Code     0  startup_stm32f401xe.o(.text)
    RTC_WKUP_IRQHandler                      0x08000287   Thumb Code     0  startup_stm32f401xe.o(.text)
    SDIO_IRQHandler                          0x08000287   Thumb Code     0  startup_stm32f401xe.o(.text)
    SPI1_IRQHandler                          0x08000287   Thumb Code     0  startup_stm32f401xe.o(.text)
    SPI2_IRQHandler                          0x08000287   Thumb Code     0  startup_stm32f401xe.o(.text)
    SPI3_IRQHandler                          0x08000287   Thumb Code     0  startup_stm32f401xe.o(.text)
    SPI4_IRQHandler                          0x08000287   Thumb Code     0  startup_stm32f401xe.o(.text)
    TAMP_STAMP_IRQHandler                    0x08000287   Thumb Code     0  startup_stm32f401xe.o(.text)
    TIM1_BRK_TIM9_IRQHandler                 0x08000287   Thumb Code     0  startup_stm32f401xe.o(.text)
    TIM1_CC_IRQHandler                       0x08000287   Thumb Code     0  startup_stm32f401xe.o(.text)
    TIM1_TRG_COM_TIM11_IRQHandler            0x08000287   Thumb Code     0  startup_stm32f401xe.o(.text)
    TIM2_IRQHandler                          0x08000287   Thumb Code     0  startup_stm32f401xe.o(.text)
    TIM3_IRQHandler                          0x08000287   Thumb Code     0  startup_stm32f401xe.o(.text)
    TIM4_IRQHandler                          0x08000287   Thumb Code     0  startup_stm32f401xe.o(.text)
    TIM5_IRQHandler                          0x08000287   Thumb Code     0  startup_stm32f401xe.o(.text)
    USART2_IRQHandler                        0x08000287   Thumb Code     0  startup_stm32f401xe.o(.text)
    USART6_IRQHandler                        0x08000287   Thumb Code     0  startup_stm32f401xe.o(.text)
    WWDG_IRQHandler                          0x08000287   Thumb Code     0  startup_stm32f401xe.o(.text)
    __aeabi_uldivmod                         0x08000291   Thumb Code    98  uldiv.o(.text)
    __aeabi_memcpy                           0x080002f3   Thumb Code    36  memcpya.o(.text)
    __aeabi_memcpy4                          0x080002f3   Thumb Code     0  memcpya.o(.text)
    __aeabi_memcpy8                          0x080002f3   Thumb Code     0  memcpya.o(.text)
    __aeabi_memset                           0x08000317   Thumb Code    14  memseta.o(.text)
    __aeabi_memset4                          0x08000317   Thumb Code     0  memseta.o(.text)
    __aeabi_memset8                          0x08000317   Thumb Code     0  memseta.o(.text)
    __aeabi_memclr                           0x08000325   Thumb Code     4  memseta.o(.text)
    __aeabi_memclr4                          0x08000325   Thumb Code     0  memseta.o(.text)
    __aeabi_memclr8                          0x08000325   Thumb Code     0  memseta.o(.text)
    memset                                   0x08000329   Thumb Code    18  memseta.o(.text)
    strlen                                   0x0800033b   Thumb Code    14  strlen.o(.text)
    __aeabi_dadd                             0x08000349   Thumb Code   322  dadd.o(.text)
    __aeabi_dsub                             0x0800048b   Thumb Code     6  dadd.o(.text)
    __aeabi_drsub                            0x08000491   Thumb Code     6  dadd.o(.text)
    __aeabi_dmul                             0x08000497   Thumb Code   228  dmul.o(.text)
    __aeabi_ddiv                             0x0800057b   Thumb Code   222  ddiv.o(.text)
    __aeabi_i2d                              0x08000659   Thumb Code    34  dflti.o(.text)
    __aeabi_f2d                              0x0800067b   Thumb Code    38  f2d.o(.text)
    __aeabi_cdrcmple                         0x080006a1   Thumb Code    48  cdrcmple.o(.text)
    __aeabi_d2f                              0x080006d1   Thumb Code    56  d2f.o(.text)
    __aeabi_uidiv                            0x08000709   Thumb Code     0  uidiv.o(.text)
    __aeabi_uidivmod                         0x08000709   Thumb Code    44  uidiv.o(.text)
    __aeabi_llsl                             0x08000735   Thumb Code    30  llshl.o(.text)
    _ll_shift_l                              0x08000735   Thumb Code     0  llshl.o(.text)
    __aeabi_llsr                             0x08000753   Thumb Code    32  llushr.o(.text)
    _ll_ushift_r                             0x08000753   Thumb Code     0  llushr.o(.text)
    __aeabi_lasr                             0x08000773   Thumb Code    36  llsshr.o(.text)
    _ll_sshift_r                             0x08000773   Thumb Code     0  llsshr.o(.text)
    __strtod_int                             0x080007cf   Thumb Code    90  strtod.o(.text)
    __I$use$fp                               0x08000835   Thumb Code     0  iusefp.o(.text)
    _float_round                             0x08000835   Thumb Code    18  fepilogue.o(.text)
    _float_epilogue                          0x08000847   Thumb Code    92  fepilogue.o(.text)
    _double_round                            0x080008a3   Thumb Code    30  depilogue.o(.text)
    _double_epilogue                         0x080008c1   Thumb Code   156  depilogue.o(.text)
    __ARM_scalbn                             0x0800095d   Thumb Code    46  dscalb.o(.text)
    scalbn                                   0x0800095d   Thumb Code     0  dscalb.o(.text)
    _dsqrt                                   0x0800098b   Thumb Code   162  dsqrt.o(.text)
    _drem                                    0x08000a2d   Thumb Code   134  drem.o(.text)
    __aeabi_d2ulz                            0x08000ab3   Thumb Code    48  dfixul.o(.text)
    __scatterload                            0x08000ae5   Thumb Code    28  init.o(.text)
    __scatterload_rt2                        0x08000ae5   Thumb Code     0  init.o(.text)
    isspace                                  0x08000b09   Thumb Code    10  isspace_c.o(.text)
    _scanf_real                              0x08000c3d   Thumb Code     0  scanf_fp.o(.text)
    _scanf_really_real                       0x08000c3d   Thumb Code   556  scanf_fp.o(.text)
    _sgetc                                   0x08000e75   Thumb Code    30  _sgetc.o(.text)
    _sbackspace                              0x08000e93   Thumb Code    34  _sgetc.o(.text)
    __aeabi_ui2d                             0x08000eb5   Thumb Code    26  dfltui.o(.text)
    __aeabi_d2iz                             0x08000ecf   Thumb Code    62  dfixi.o(.text)
    __ctype_lookup                           0x08000f0d   Thumb Code    34  ctype_c.o(.text)
    __aeabi_ul2d                             0x08000f35   Thumb Code    24  dfltul.o(.text)
    __decompress                             0x08000f4d   Thumb Code     0  __dczerorl2.o(.text)
    __decompress1                            0x08000f4d   Thumb Code    86  __dczerorl2.o(.text)
    ADC_Get_Average_VoltageInline            0x08000fa5   Thumb Code   116  adc.o(i.ADC_Get_Average_VoltageInline)
    BusFault_Handler                         0x080013b9   Thumb Code     4  stm32f4xx_it.o(i.BusFault_Handler)
    Current_calibrateOffsets                 0x08001479   Thumb Code   564  inlinecurrentsense.o(i.Current_calibrateOffsets)
    DebugMon_Handler                         0x080016ed   Thumb Code     2  stm32f4xx_it.o(i.DebugMon_Handler)
    EC11_GUI_Callback                        0x080016f1   Thumb Code  1330  gui.o(i.EC11_GUI_Callback)
    Encoder_EC11_Analyze                     0x08001c81   Thumb Code   584  encoderec11.o(i.Encoder_EC11_Analyze)
    Encoder_EC11_Init                        0x08001ef1   Thumb Code    88  encoderec11.o(i.Encoder_EC11_Init)
    Encoder_EC11_Scan                        0x08001f75   Thumb Code   442  encoderec11.o(i.Encoder_EC11_Scan)
    Error_Handler                            0x08002145   Thumb Code     6  main.o(i.Error_Handler)
    First_Time_Laod                          0x0800214b   Thumb Code    18  timecount.o(i.First_Time_Laod)
    GUI_Init                                 0x0800215d   Thumb Code    48  gui.o(i.GUI_Init)
    GUI_Show_Dynamic                         0x080021a1   Thumb Code   616  gui.o(i.GUI_Show_Dynamic)
    GUI_Show_Static                          0x08002439   Thumb Code   226  gui.o(i.GUI_Show_Static)
    Get_Interval_Timetick                    0x08002535   Thumb Code    40  timecount.o(i.Get_Interval_Timetick)
    Get_xCurrentTime_t                       0x0800255d   Thumb Code    14  timecount.o(i.Get_xCurrentTime_t)
    HAL_ADC_ConfigChannel                    0x0800256d   Thumb Code   380  stm32f4xx_hal_adc.o(i.HAL_ADC_ConfigChannel)
    HAL_ADC_GetValue                         0x080026f9   Thumb Code     8  stm32f4xx_hal_adc.o(i.HAL_ADC_GetValue)
    HAL_ADC_Init                             0x08002701   Thumb Code   100  stm32f4xx_hal_adc.o(i.HAL_ADC_Init)
    HAL_ADC_MspInit                          0x08002769   Thumb Code   120  adc.o(i.HAL_ADC_MspInit)
    HAL_ADC_PollForConversion                0x080027f1   Thumb Code   206  stm32f4xx_hal_adc.o(i.HAL_ADC_PollForConversion)
    HAL_ADC_Start                            0x080028c1   Thumb Code   260  stm32f4xx_hal_adc.o(i.HAL_ADC_Start)
    HAL_ADC_Stop                             0x080029d5   Thumb Code    72  stm32f4xx_hal_adc.o(i.HAL_ADC_Stop)
    HAL_DMA_Abort                            0x08002a1d   Thumb Code   172  stm32f4xx_hal_dma.o(i.HAL_DMA_Abort)
    HAL_DMA_Abort_IT                         0x08002ac9   Thumb Code    40  stm32f4xx_hal_dma.o(i.HAL_DMA_Abort_IT)
    HAL_GPIO_Init                            0x08002af1   Thumb Code   424  stm32f4xx_hal_gpio.o(i.HAL_GPIO_Init)
    HAL_GPIO_ReadPin                         0x08002cb9   Thumb Code    16  stm32f4xx_hal_gpio.o(i.HAL_GPIO_ReadPin)
    HAL_GPIO_WritePin                        0x08002cc9   Thumb Code    12  stm32f4xx_hal_gpio.o(i.HAL_GPIO_WritePin)
    HAL_GetTick                              0x08002cd5   Thumb Code     6  stm32f4xx_hal.o(i.HAL_GetTick)
    HAL_I2C_Init                             0x08002ce1   Thumb Code   446  stm32f4xx_hal_i2c.o(i.HAL_I2C_Init)
    HAL_I2C_Mem_Read                         0x08002eb1   Thumb Code   762  stm32f4xx_hal_i2c.o(i.HAL_I2C_Mem_Read)
    HAL_I2C_MspInit                          0x080031b9   Thumb Code   180  i2c.o(i.HAL_I2C_MspInit)
    HAL_IncTick                              0x0800327d   Thumb Code    16  stm32f4xx_hal.o(i.HAL_IncTick)
    HAL_Init                                 0x08003295   Thumb Code    54  stm32f4xx_hal.o(i.HAL_Init)
    HAL_InitTick                             0x080032d1   Thumb Code   140  stm32f4xx_hal_timebase_tim.o(i.HAL_InitTick)
    HAL_MspInit                              0x08003371   Thumb Code    78  stm32f4xx_hal_msp.o(i.HAL_MspInit)
    HAL_NVIC_EnableIRQ                       0x080033c5   Thumb Code    40  stm32f4xx_hal_cortex.o(i.HAL_NVIC_EnableIRQ)
    HAL_NVIC_SetPriority                     0x080033ed   Thumb Code   124  stm32f4xx_hal_cortex.o(i.HAL_NVIC_SetPriority)
    HAL_NVIC_SetPriorityGrouping             0x08003469   Thumb Code    32  stm32f4xx_hal_cortex.o(i.HAL_NVIC_SetPriorityGrouping)
    HAL_RCC_ClockConfig                      0x08003491   Thumb Code   368  stm32f4xx_hal_rcc.o(i.HAL_RCC_ClockConfig)
    HAL_RCC_GetClockConfig                   0x08003615   Thumb Code    58  stm32f4xx_hal_rcc.o(i.HAL_RCC_GetClockConfig)
    HAL_RCC_GetHCLKFreq                      0x08003659   Thumb Code     6  stm32f4xx_hal_rcc.o(i.HAL_RCC_GetHCLKFreq)
    HAL_RCC_GetPCLK1Freq                     0x08003665   Thumb Code    22  stm32f4xx_hal_rcc.o(i.HAL_RCC_GetPCLK1Freq)
    HAL_RCC_GetPCLK2Freq                     0x08003685   Thumb Code    22  stm32f4xx_hal_rcc.o(i.HAL_RCC_GetPCLK2Freq)
    HAL_RCC_GetSysClockFreq                  0x080036a5   Thumb Code   162  stm32f4xx_hal_rcc.o(i.HAL_RCC_GetSysClockFreq)
    HAL_RCC_OscConfig                        0x08003755   Thumb Code  1172  stm32f4xx_hal_rcc.o(i.HAL_RCC_OscConfig)
    HAL_TIMEx_BreakCallback                  0x08003bf1   Thumb Code     2  stm32f4xx_hal_tim_ex.o(i.HAL_TIMEx_BreakCallback)
    HAL_TIMEx_CommutCallback                 0x08003bf3   Thumb Code     2  stm32f4xx_hal_tim_ex.o(i.HAL_TIMEx_CommutCallback)
    HAL_TIMEx_MasterConfigSynchronization    0x08003bf5   Thumb Code   134  stm32f4xx_hal_tim_ex.o(i.HAL_TIMEx_MasterConfigSynchronization)
    HAL_TIM_Base_Init                        0x08003c91   Thumb Code   102  stm32f4xx_hal_tim.o(i.HAL_TIM_Base_Init)
    HAL_TIM_Base_MspInit                     0x08003cf9   Thumb Code    44  tim.o(i.HAL_TIM_Base_MspInit)
    HAL_TIM_Base_Start_IT                    0x08003d2d   Thumb Code   122  stm32f4xx_hal_tim.o(i.HAL_TIM_Base_Start_IT)
    HAL_TIM_ConfigClockSource                0x08003dbd   Thumb Code   268  stm32f4xx_hal_tim.o(i.HAL_TIM_ConfigClockSource)
    HAL_TIM_IC_CaptureCallback               0x08003ec9   Thumb Code     2  stm32f4xx_hal_tim.o(i.HAL_TIM_IC_CaptureCallback)
    HAL_TIM_IRQHandler                       0x08003ecb   Thumb Code   364  stm32f4xx_hal_tim.o(i.HAL_TIM_IRQHandler)
    HAL_TIM_MspPostInit                      0x08004039   Thumb Code   140  tim.o(i.HAL_TIM_MspPostInit)
    HAL_TIM_OC_DelayElapsedCallback          0x080040d5   Thumb Code     2  stm32f4xx_hal_tim.o(i.HAL_TIM_OC_DelayElapsedCallback)
    HAL_TIM_PWM_ConfigChannel                0x080040d7   Thumb Code   260  stm32f4xx_hal_tim.o(i.HAL_TIM_PWM_ConfigChannel)
    HAL_TIM_PWM_Init                         0x080041db   Thumb Code   102  stm32f4xx_hal_tim.o(i.HAL_TIM_PWM_Init)
    HAL_TIM_PWM_MspInit                      0x08004241   Thumb Code     2  stm32f4xx_hal_tim.o(i.HAL_TIM_PWM_MspInit)
    HAL_TIM_PWM_PulseFinishedCallback        0x08004243   Thumb Code     2  stm32f4xx_hal_tim.o(i.HAL_TIM_PWM_PulseFinishedCallback)
    HAL_TIM_PWM_Start                        0x08004245   Thumb Code   214  stm32f4xx_hal_tim.o(i.HAL_TIM_PWM_Start)
    HAL_TIM_PeriodElapsedCallback            0x08004331   Thumb Code    18  main.o(i.HAL_TIM_PeriodElapsedCallback)
    HAL_TIM_TriggerCallback                  0x08004349   Thumb Code     2  stm32f4xx_hal_tim.o(i.HAL_TIM_TriggerCallback)
    HAL_UARTEx_RxEventCallback               0x0800434b   Thumb Code     2  stm32f4xx_hal_uart.o(i.HAL_UARTEx_RxEventCallback)
    HAL_UART_ErrorCallback                   0x0800434d   Thumb Code     2  stm32f4xx_hal_uart.o(i.HAL_UART_ErrorCallback)
    HAL_UART_IRQHandler                      0x08004351   Thumb Code   740  stm32f4xx_hal_uart.o(i.HAL_UART_IRQHandler)
    HAL_UART_Init                            0x08004639   Thumb Code   118  stm32f4xx_hal_uart.o(i.HAL_UART_Init)
    HAL_UART_MspInit                         0x080046b1   Thumb Code   140  usart.o(i.HAL_UART_MspInit)
    HAL_UART_Receive_IT                      0x08004749   Thumb Code    44  stm32f4xx_hal_uart.o(i.HAL_UART_Receive_IT)
    HAL_UART_RxCpltCallback                  0x08004775   Thumb Code   172  usart.o(i.HAL_UART_RxCpltCallback)
    HAL_UART_Transmit                        0x08004835   Thumb Code   190  stm32f4xx_hal_uart.o(i.HAL_UART_Transmit)
    HAL_UART_TxCpltCallback                  0x080048f3   Thumb Code     2  stm32f4xx_hal_uart.o(i.HAL_UART_TxCpltCallback)
    HardFault_Handler                        0x080048f5   Thumb Code     4  stm32f4xx_it.o(i.HardFault_Handler)
    I2C_getRawCount                          0x08004d41   Thumb Code   148  magneticsensor.o(i.I2C_getRawCount)
    InlineCurrentSense_Init                  0x08004de1   Thumb Code    70  inlinecurrentsense.o(i.InlineCurrentSense_Init)
    LCD_Address_Set                          0x08004ed1   Thumb Code    58  lcd_init.o(i.LCD_Address_Set)
    LCD_DrawLine                             0x08004f0b   Thumb Code   172  lcd.o(i.LCD_DrawLine)
    LCD_DrawPoint                            0x08004fb7   Thumb Code    28  lcd.o(i.LCD_DrawPoint)
    LCD_Fill                                 0x08004fd3   Thumb Code    74  lcd.o(i.LCD_Fill)
    LCD_Init                                 0x0800501d   Thumb Code   434  lcd_init.o(i.LCD_Init)
    LCD_ShowChar                             0x080051dd   Thumb Code   328  lcd.o(i.LCD_ShowChar)
    LCD_ShowFloatNum1                        0x08005335   Thumb Code   240  lcd.o(i.LCD_ShowFloatNum1)
    LCD_ShowFloatNum2                        0x08005429   Thumb Code   240  lcd.o(i.LCD_ShowFloatNum2)
    LCD_ShowIntNum                           0x0800551d   Thumb Code   214  lcd.o(i.LCD_ShowIntNum)
    LCD_ShowString                           0x080055f3   Thumb Code    66  lcd.o(i.LCD_ShowString)
    LCD_WR_DATA                              0x080056c5   Thumb Code    18  lcd_init.o(i.LCD_WR_DATA)
    LCD_WR_DATA8                             0x080056d7   Thumb Code    12  lcd_init.o(i.LCD_WR_DATA8)
    LCD_WR_REG                               0x080056e5   Thumb Code    32  lcd_init.o(i.LCD_WR_REG)
    LCD_Writ_Bus                             0x08005709   Thumb Code    74  lcd_init.o(i.LCD_Writ_Bus)
    LPF_init                                 0x080057a1   Thumb Code   198  lowpass_filter.o(i.LPF_init)
    LPFoperator                              0x08005879   Thumb Code   118  lowpass_filter.o(i.LPFoperator)
    MX_ADC1_Init                             0x080058f9   Thumb Code    98  adc.o(i.MX_ADC1_Init)
    MX_GPIO_Init                             0x08005969   Thumb Code   288  gpio.o(i.MX_GPIO_Init)
    MX_I2C3_Init                             0x08005a99   Thumb Code    48  i2c.o(i.MX_I2C3_Init)
    MX_TIM3_Init                             0x08005ad5   Thumb Code   236  tim.o(i.MX_TIM3_Init)
    MX_USART1_UART_Init                      0x08005bc9   Thumb Code    46  usart.o(i.MX_USART1_UART_Init)
    MagneticSensor_Init                      0x08005c01   Thumb Code   144  magneticsensor.o(i.MagneticSensor_Init)
    MemManage_Handler                        0x08005c99   Thumb Code     4  stm32f4xx_it.o(i.MemManage_Handler)
    Motor_init                               0x08005c9d   Thumb Code   750  bldcmotor.o(i.Motor_init)
    Motor_initFOC                            0x08005fc1   Thumb Code   200  bldcmotor.o(i.Motor_initFOC)
    NMI_Handler                              0x08006091   Thumb Code     4  stm32f4xx_it.o(i.NMI_Handler)
    PID_init                                 0x08006095   Thumb Code   750  foc_pid.o(i.PID_init)
    PIDoperator                              0x08006399   Thumb Code   370  foc_pid.o(i.PIDoperator)
    Set_TIM_PWM_CCRx                         0x08006511   Thumb Code   138  tim.o(i.Set_TIM_PWM_CCRx)
    SysTick_Handler                          0x080065a5   Thumb Code    46  port.o(i.SysTick_Handler)
    SystemClock_Config                       0x080065d9   Thumb Code   172  main.o(i.SystemClock_Config)
    SystemInit                               0x0800668d   Thumb Code    14  system_stm32f4xx.o(i.SystemInit)
    TIM1_UP_TIM10_IRQHandler                 0x080066a1   Thumb Code    10  stm32f4xx_it.o(i.TIM1_UP_TIM10_IRQHandler)
    TIM_Base_SetConfig                       0x080066b1   Thumb Code   150  stm32f4xx_hal_tim.o(i.TIM_Base_SetConfig)
    TIM_CCxChannelCmd                        0x08006765   Thumb Code    34  stm32f4xx_hal_tim.o(i.TIM_CCxChannelCmd)
    TIM_ETR_SetConfig                        0x08006787   Thumb Code    22  stm32f4xx_hal_tim.o(i.TIM_ETR_SetConfig)
    TIM_OC2_SetConfig                        0x08006811   Thumb Code   100  stm32f4xx_hal_tim.o(i.TIM_OC2_SetConfig)
    UART_Start_Receive_IT                    0x08006d41   Thumb Code    64  stm32f4xx_hal_uart.o(i.UART_Start_Receive_IT)
    USART1_IRQHandler                        0x08006e6d   Thumb Code    10  stm32f4xx_it.o(i.USART1_IRQHandler)
    UsageFault_Handler                       0x08006fe9   Thumb Code     4  stm32f4xx_it.o(i.UsageFault_Handler)
    __0printf                                0x08006fed   Thumb Code    22  printfa.o(i.__0printf)
    __1printf                                0x08006fed   Thumb Code     0  printfa.o(i.__0printf)
    __2printf                                0x08006fed   Thumb Code     0  printfa.o(i.__0printf)
    __c89printf                              0x08006fed   Thumb Code     0  printfa.o(i.__0printf)
    printf                                   0x08006fed   Thumb Code     0  printfa.o(i.__0printf)
    __ARM_fpclassify                         0x0800700d   Thumb Code    48  fpclassify.o(i.__ARM_fpclassify)
    __hardfp_atof                            0x08007079   Thumb Code    44  atof.o(i.__hardfp_atof)
    __hardfp_cos                             0x080070b1   Thumb Code   180  cos.o(i.__hardfp_cos)
    __hardfp_fabs                            0x08007179   Thumb Code    20  fabs.o(i.__hardfp_fabs)
    __hardfp_fmod                            0x0800718d   Thumb Code   254  fmod.o(i.__hardfp_fmod)
    __hardfp_pow                             0x08007291   Thumb Code  3072  pow.o(i.__hardfp_pow)
    __hardfp_sin                             0x08007ee1   Thumb Code   180  sin.o(i.__hardfp_sin)
    __hardfp_sqrt                            0x08007fa9   Thumb Code   122  sqrt.o(i.__hardfp_sqrt)
    __ieee754_rem_pio2                       0x08008029   Thumb Code   938  rred.o(i.__ieee754_rem_pio2)
    __kernel_cos                             0x08008461   Thumb Code   322  cos_i.o(i.__kernel_cos)
    __kernel_poly                            0x080085d1   Thumb Code   248  poly.o(i.__kernel_poly)
    __kernel_sin                             0x080086c9   Thumb Code   280  sin_i.o(i.__kernel_sin)
    __mathlib_dbl_divzero                    0x080087f9   Thumb Code    28  dunder.o(i.__mathlib_dbl_divzero)
    __mathlib_dbl_infnan                     0x08008829   Thumb Code    20  dunder.o(i.__mathlib_dbl_infnan)
    __mathlib_dbl_infnan2                    0x0800883d   Thumb Code    20  dunder.o(i.__mathlib_dbl_infnan2)
    __mathlib_dbl_invalid                    0x08008851   Thumb Code    24  dunder.o(i.__mathlib_dbl_invalid)
    __mathlib_dbl_overflow                   0x08008871   Thumb Code    24  dunder.o(i.__mathlib_dbl_overflow)
    __mathlib_dbl_underflow                  0x08008891   Thumb Code    24  dunder.o(i.__mathlib_dbl_underflow)
    __read_errno                             0x080088b1   Thumb Code     6  errno.o(i.__read_errno)
    __scatterload_copy                       0x080088bd   Thumb Code    14  handlers.o(i.__scatterload_copy)
    __scatterload_null                       0x080088cb   Thumb Code     2  handlers.o(i.__scatterload_null)
    __scatterload_zeroinit                   0x080088cd   Thumb Code    14  handlers.o(i.__scatterload_zeroinit)
    __set_errno                              0x080088dd   Thumb Code     6  errno.o(i.__set_errno)
    _electricalAngle                         0x080088e9   Thumb Code    18  foc_utils.o(i._electricalAngle)
    _is_digit                                0x08008a81   Thumb Code    14  scanf_fp.o(i._is_digit)
    _normalizeAngle                          0x08008a91   Thumb Code    88  foc_utils.o(i._normalizeAngle)
    alignSensor                              0x08009209   Thumb Code   900  bldcmotor.o(i.alignSensor)
    angleOpenloop                            0x0800970d   Thumb Code   444  bldcmotor.o(i.angleOpenloop)
    configureADCInline                       0x080098d5   Thumb Code   318  inlinecurrentsense.o(i.configureADCInline)
    electricalAngle                          0x08009a41   Thumb Code    92  focmotor.o(i.electricalAngle)
    fabs                                     0x08009aa1   Thumb Code    24  fabs.o(i.fabs)
    fputc                                    0x08009ab9   Thumb Code    22  usart.o(i.fputc)
    getAngle                                 0x08009ad5   Thumb Code   420  magneticsensor.o(i.getAngle)
    getDCCurrent                             0x08009c99   Thumb Code   434  currentsense.o(i.getDCCurrent)
    getFOCCurrents                           0x08009e65   Thumb Code   306  currentsense.o(i.getFOCCurrents)
    getPhaseCurrents                         0x08009fa9   Thumb Code   280  inlinecurrentsense.o(i.getPhaseCurrents)
    getRawCount                              0x0800a0cd   Thumb Code    16  magneticsensor.o(i.getRawCount)
    getVelocity                              0x0800a0dd   Thumb Code   144  magneticsensor.o(i.getVelocity)
    loopFOC                                  0x0800a175   Thumb Code   736  bldcmotor.o(i.loopFOC)
    main                                     0x0800a481   Thumb Code    40  main.o(i.main)
    move                                     0x0800a4c1   Thumb Code   724  bldcmotor.o(i.move)
    mypow                                    0x0800a79d   Thumb Code    22  lcd.o(i.mypow)
    processParameter                         0x0800a7b3   Thumb Code    36  gui.o(i.processParameter)
    protocol_init                            0x0800a7d9   Thumb Code    20  protocol.o(i.protocol_init)
    pvPortMalloc                             0x0800b1f9   Thumb Code   306  heap_4.o(i.pvPortMalloc)
    pxPortInitialiseStack                    0x0800b345   Thumb Code    38  port.o(i.pxPortInitialiseStack)
    setPhaseVoltage                          0x0800b371   Thumb Code   902  bldcmotor.o(i.setPhaseVoltage)
    setPwm                                   0x0800b70d   Thumb Code   632  bldcmotor.o(i.setPwm)
    shaftAngle                               0x0800b98d   Thumb Code    58  focmotor.o(i.shaftAngle)
    shaftVelocity                            0x0800b9cd   Thumb Code    72  focmotor.o(i.shaftVelocity)
    sqrt                                     0x0800ba19   Thumb Code   110  sqrt.o(i.sqrt)
    uxListRemove                             0x0800ba87   Thumb Code    40  list.o(i.uxListRemove)
    vApplicationGetIdleTaskMemory            0x0800bab1   Thumb Code    14  freertos.o(i.vApplicationGetIdleTaskMemory)
    vApplicationGetTimerTaskMemory           0x0800bac9   Thumb Code    16  freertos.o(i.vApplicationGetTimerTaskMemory)
    vListInitialise                          0x0800bae1   Thumb Code    26  list.o(i.vListInitialise)
    vListInitialiseItem                      0x0800bafb   Thumb Code     6  list.o(i.vListInitialiseItem)
    vListInsert                              0x0800bb01   Thumb Code    52  list.o(i.vListInsert)
    vListInsertEnd                           0x0800bb35   Thumb Code    24  list.o(i.vListInsertEnd)
    vPortEnterCritical                       0x0800bb4d   Thumb Code    76  port.o(i.vPortEnterCritical)
    vPortExitCritical                        0x0800bba1   Thumb Code    56  port.o(i.vPortExitCritical)
    vPortFree                                0x0800bbdd   Thumb Code   150  heap_4.o(i.vPortFree)
    vPortSetupTimerInterrupt                 0x0800bc81   Thumb Code    36  port.o(i.vPortSetupTimerInterrupt)
    vPortValidateInterruptPriority           0x0800bca9   Thumb Code   106  port.o(i.vPortValidateInterruptPriority)
    vQueueAddToRegistry                      0x0800bd21   Thumb Code    38  queue.o(i.vQueueAddToRegistry)
    vQueueWaitForMessageRestricted           0x0800bd4d   Thumb Code    74  queue.o(i.vQueueWaitForMessageRestricted)
    vTaskDelay                               0x0800bd99   Thumb Code    82  tasks.o(i.vTaskDelay)
    vTaskDelayUntil                          0x0800bdf5   Thumb Code   200  tasks.o(i.vTaskDelayUntil)
    vTaskDelete                              0x0800bec9   Thumb Code   202  tasks.o(i.vTaskDelete)
    vTaskInternalSetTimeOutState             0x0800bfbd   Thumb Code    14  tasks.o(i.vTaskInternalSetTimeOutState)
    vTaskMissedYield                         0x0800bfd5   Thumb Code     8  tasks.o(i.vTaskMissedYield)
    vTaskPlaceOnEventList                    0x0800bfe1   Thumb Code    52  tasks.o(i.vTaskPlaceOnEventList)
    vTaskPlaceOnEventListRestricted          0x0800c019   Thumb Code    60  tasks.o(i.vTaskPlaceOnEventListRestricted)
    vTaskStartScheduler                      0x0800c059   Thumb Code   156  tasks.o(i.vTaskStartScheduler)
    vTaskSuspendAll                          0x0800c111   Thumb Code    12  tasks.o(i.vTaskSuspendAll)
    vTaskSwitchContext                       0x0800c121   Thumb Code   118  tasks.o(i.vTaskSwitchContext)
    velocityOpenloop                         0x0800c1ad   Thumb Code   222  bldcmotor.o(i.velocityOpenloop)
    xPortStartScheduler                      0x0800c299   Thumb Code   330  port.o(i.xPortStartScheduler)
    xQueueGenericCreateStatic                0x0800c401   Thumb Code   224  queue.o(i.xQueueGenericCreateStatic)
    xQueueGenericReset                       0x0800c4e1   Thumb Code   146  queue.o(i.xQueueGenericReset)
    xQueueGenericSend                        0x0800c579   Thumb Code   420  queue.o(i.xQueueGenericSend)
    xQueueGenericSendFromISR                 0x0800c721   Thumb Code   252  queue.o(i.xQueueGenericSendFromISR)
    xQueueReceive                            0x0800c81d   Thumb Code   356  queue.o(i.xQueueReceive)
    xTaskCheckForTimeOut                     0x0800c985   Thumb Code   132  tasks.o(i.xTaskCheckForTimeOut)
    xTaskCreate                              0x0800ca11   Thumb Code   100  tasks.o(i.xTaskCreate)
    xTaskCreateStatic                        0x0800ca75   Thumb Code   186  tasks.o(i.xTaskCreateStatic)
    xTaskGetSchedulerState                   0x0800cb31   Thumb Code    24  tasks.o(i.xTaskGetSchedulerState)
    xTaskGetTickCount                        0x0800cb51   Thumb Code     6  tasks.o(i.xTaskGetTickCount)
    xTaskIncrementTick                       0x0800cb5d   Thumb Code   282  tasks.o(i.xTaskIncrementTick)
    xTaskPriorityDisinherit                  0x0800cca5   Thumb Code   188  tasks.o(i.xTaskPriorityDisinherit)
    xTaskRemoveFromEventList                 0x0800cd6d   Thumb Code   128  tasks.o(i.xTaskRemoveFromEventList)
    xTaskResumeAll                           0x0800ce05   Thumb Code   224  tasks.o(i.xTaskResumeAll)
    xTimerCreateTimerTask                    0x0800cf09   Thumb Code   100  timers.o(i.xTimerCreateTimerTask)
    xTimerGenericCommand                     0x0800cf81   Thumb Code   126  timers.o(i.xTimerGenericCommand)
    AHBPrescTable                            0x0800d004   Data          16  system_stm32f4xx.o(.constdata)
    APBPrescTable                            0x0800d014   Data           8  system_stm32f4xx.o(.constdata)
    ascii_1206                               0x0800d01c   Data        1140  lcdfont.o(.constdata)
    ascii_1608                               0x0800d490   Data        1520  lcdfont.o(.constdata)
    ascii_2412                               0x0800da80   Data        4560  lcdfont.o(.constdata)
    ascii_3216                               0x0800ec50   Data        6080  lcdfont.o(.constdata)
    tfont12                                  0x08010410   Data        7800  lcdfont.o(.constdata)
    tfont16                                  0x08012288   Data       10200  lcdfont.o(.constdata)
    tfont24                                  0x08014a60   Data       22200  lcdfont.o(.constdata)
    tfont32                                  0x0801a118   Data       39000  lcdfont.o(.constdata)
    __mathlib_zero                           0x08023a28   Data           8  qnan.o(.constdata)
    __ctype_categories                       0x08023b20   Data          64  ctype_c.o(.constdata)
    Region$$Table$$Base                      0x08023c50   Number         0  anon$$obj.o(Region$$Table)
    Region$$Table$$Limit                     0x08023c70   Number         0  anon$$obj.o(Region$$Table)
    AREFA_SHOW                               0x20000038   Data           4  main.o(.data)
    Protocol_Period                          0x2000003c   Data           4  main.o(.data)
    target                                   0x20000040   Data           4  main.o(.data)
    USART_RX_STA                             0x20000070   Data           2  usart.o(.data)
    dr                                       0x20000072   Data           1  usart.o(.data)
    uwTick                                   0x20000074   Data           4  stm32f4xx_hal.o(.data)
    uwTickPrio                               0x20000078   Data           4  stm32f4xx_hal.o(.data)
    uwTickFreq                               0x2000007c   Data           1  stm32f4xx_hal.o(.data)
    SystemCoreClock                          0x20000080   Data           4  system_stm32f4xx.o(.data)
    pxCurrentTCB                             0x20000084   Data           4  tasks.o(.data)
    Title_Width                              0x20000113   Data           1  gui.o(.data)
    Item_Width                               0x20000114   Data           1  gui.o(.data)
    GUI_Item_Sizey                           0x20000115   Data           1  gui.o(.data)
    GUI_Title_Sizey                          0x20000116   Data           1  gui.o(.data)
    GUI1_SubMenu_Para                        0x20000118   Data          84  gui.o(.data)
    GUI2_SubMenu_Para                        0x2000016c   Data          84  gui.o(.data)
    GUI3_SubMenu_Para                        0x200001c0   Data          72  gui.o(.data)
    GUI4_SubMenu_Para                        0x20000208   Data          24  gui.o(.data)
    GUI_MainMenu                             0x20000220   Data          64  gui.o(.data)
    GUI_Index_Current                        0x20000260   Data           5  gui.o(.data)
    LCD_refresh_flag                         0x2000027b   Data           1  lcd.o(.data)
    LCD_init_flag                            0x2000028f   Data           1  lcd_init.o(.data)
    EC11_Init_Flag                           0x200002a3   Data           1  encoderec11.o(.data)
    EC11                                     0x200002a4   Data           3  encoderec11.o(.data)
    __stdout                                 0x200002ac   Data           4  stdout.o(.data)
    hadc1                                    0x2000097c   Data          72  adc.o(.bss)
    hi2c3                                    0x200009c4   Data          84  i2c.o(.bss)
    htim3                                    0x20000a18   Data          72  tim.o(.bss)
    USART_RX_BUF                             0x20000a60   Data         256  usart.o(.bss)
    huart1                                   0x20000b60   Data          72  usart.o(.bss)
    htim1                                    0x20000ba8   Data          72  stm32f4xx_hal_timebase_tim.o(.bss)
    xQueueRegistry                           0x20000bf0   Data          64  queue.o(.bss)
    FOC_Para_M                               0x20005094   Data         864  bldcmotor.o(.bss)
    LCD_Show_Parameter                       0x200053f4   Data          28  lcd.o(.bss)
    __initial_sp                             0x20005810   Data           0  startup_stm32f401xe.o(STACK)



==============================================================================

Memory Map of the image

  Image Entry point : 0x08000195

  Load Region LR_IROM1 (Base: 0x08000000, Size: 0x00023f24, Max: 0x00060000, ABSOLUTE, COMPRESSED[0x00023d3c])

    Execution Region ER_IROM1 (Exec base: 0x08000000, Load base: 0x08000000, Size: 0x00023c70, Max: 0x00060000, ABSOLUTE)

    Exec Addr    Load Addr    Size         Type   Attr      Idx    E Section Name        Object

    0x08000000   0x08000000   0x00000194   Data   RO            3    RESET               startup_stm32f401xe.o
    0x08000194   0x08000194   0x00000000   Code   RO         6671  * .ARM.Collect$$$$00000000  mc_w.l(entry.o)
    0x08000194   0x08000194   0x00000004   Code   RO         6994    .ARM.Collect$$$$00000001  mc_w.l(entry2.o)
    0x08000198   0x08000198   0x00000004   Code   RO         6997    .ARM.Collect$$$$00000004  mc_w.l(entry5.o)
    0x0800019c   0x0800019c   0x00000000   Code   RO         6999    .ARM.Collect$$$$00000008  mc_w.l(entry7b.o)
    0x0800019c   0x0800019c   0x00000000   Code   RO         7001    .ARM.Collect$$$$0000000A  mc_w.l(entry8b.o)
    0x0800019c   0x0800019c   0x00000008   Code   RO         7002    .ARM.Collect$$$$0000000B  mc_w.l(entry9a.o)
    0x080001a4   0x080001a4   0x00000004   Code   RO         7009    .ARM.Collect$$$$0000000E  mc_w.l(entry12b.o)
    0x080001a8   0x080001a8   0x00000000   Code   RO         7004    .ARM.Collect$$$$0000000F  mc_w.l(entry10a.o)
    0x080001a8   0x080001a8   0x00000000   Code   RO         7006    .ARM.Collect$$$$00000011  mc_w.l(entry11a.o)
    0x080001a8   0x080001a8   0x00000004   Code   RO         6995    .ARM.Collect$$$$00002712  mc_w.l(entry2.o)
    0x080001ac   0x080001ac   0x000000be   Code   RO         5615    .emb_text           port.o
    0x0800026a   0x0800026a   0x00000002   PAD
    0x0800026c   0x0800026c   0x00000024   Code   RO            4    .text               startup_stm32f401xe.o
    0x08000290   0x08000290   0x00000062   Code   RO         6674    .text               mc_w.l(uldiv.o)
    0x080002f2   0x080002f2   0x00000024   Code   RO         6676    .text               mc_w.l(memcpya.o)
    0x08000316   0x08000316   0x00000024   Code   RO         6680    .text               mc_w.l(memseta.o)
    0x0800033a   0x0800033a   0x0000000e   Code   RO         6682    .text               mc_w.l(strlen.o)
    0x08000348   0x08000348   0x0000014e   Code   RO         6947    .text               mf_w.l(dadd.o)
    0x08000496   0x08000496   0x000000e4   Code   RO         6949    .text               mf_w.l(dmul.o)
    0x0800057a   0x0800057a   0x000000de   Code   RO         6951    .text               mf_w.l(ddiv.o)
    0x08000658   0x08000658   0x00000022   Code   RO         6953    .text               mf_w.l(dflti.o)
    0x0800067a   0x0800067a   0x00000026   Code   RO         6955    .text               mf_w.l(f2d.o)
    0x080006a0   0x080006a0   0x00000030   Code   RO         6957    .text               mf_w.l(cdrcmple.o)
    0x080006d0   0x080006d0   0x00000038   Code   RO         6959    .text               mf_w.l(d2f.o)
    0x08000708   0x08000708   0x0000002c   Code   RO         7011    .text               mc_w.l(uidiv.o)
    0x08000734   0x08000734   0x0000001e   Code   RO         7013    .text               mc_w.l(llshl.o)
    0x08000752   0x08000752   0x00000020   Code   RO         7015    .text               mc_w.l(llushr.o)
    0x08000772   0x08000772   0x00000024   Code   RO         7017    .text               mc_w.l(llsshr.o)
    0x08000796   0x08000796   0x00000002   PAD
    0x08000798   0x08000798   0x0000009c   Code   RO         7026    .text               mc_w.l(strtod.o)
    0x08000834   0x08000834   0x00000000   Code   RO         7028    .text               mc_w.l(iusefp.o)
    0x08000834   0x08000834   0x0000006e   Code   RO         7029    .text               mf_w.l(fepilogue.o)
    0x080008a2   0x080008a2   0x000000ba   Code   RO         7031    .text               mf_w.l(depilogue.o)
    0x0800095c   0x0800095c   0x0000002e   Code   RO         7035    .text               mf_w.l(dscalb.o)
    0x0800098a   0x0800098a   0x000000a2   Code   RO         7037    .text               mf_w.l(dsqrt.o)
    0x08000a2c   0x08000a2c   0x00000086   Code   RO         7039    .text               mf_w.l(drem.o)
    0x08000ab2   0x08000ab2   0x00000030   Code   RO         7041    .text               mf_w.l(dfixul.o)
    0x08000ae2   0x08000ae2   0x00000002   PAD
    0x08000ae4   0x08000ae4   0x00000024   Code   RO         7045    .text               mc_w.l(init.o)
    0x08000b08   0x08000b08   0x0000000a   Code   RO         7047    .text               mc_w.l(isspace_c.o)
    0x08000b12   0x08000b12   0x00000002   PAD
    0x08000b14   0x08000b14   0x00000360   Code   RO         7049    .text               mc_w.l(scanf_fp.o)
    0x08000e74   0x08000e74   0x00000040   Code   RO         7053    .text               mc_w.l(_sgetc.o)
    0x08000eb4   0x08000eb4   0x0000001a   Code   RO         7055    .text               mf_w.l(dfltui.o)
    0x08000ece   0x08000ece   0x0000003e   Code   RO         7057    .text               mf_w.l(dfixi.o)
    0x08000f0c   0x08000f0c   0x00000028   Code   RO         7059    .text               mc_w.l(ctype_c.o)
    0x08000f34   0x08000f34   0x00000018   Code   RO         7062    .text               mf_w.l(dfltul.o)
    0x08000f4c   0x08000f4c   0x00000056   Code   RO         7072    .text               mc_w.l(__dczerorl2.o)
    0x08000fa2   0x08000fa2   0x00000002   PAD
    0x08000fa4   0x08000fa4   0x00000080   Code   RO          431    i.ADC_Get_Average_VoltageInline  adc.o
    0x08001024   0x08001024   0x00000160   Code   RO          803    i.ADC_Init          stm32f4xx_hal_adc.o
    0x08001184   0x08001184   0x00000214   Code   RO           13    i.AppTaskCreate     main.o
    0x08001398   0x08001398   0x00000020   Code   RO           14    i.BSP_Init          main.o
    0x080013b8   0x080013b8   0x00000004   Code   RO          663    i.BusFault_Handler  stm32f4xx_it.o
    0x080013bc   0x080013bc   0x000000bc   Code   RO           15    i.Closedloop_FOC_Task  main.o
    0x08001478   0x08001478   0x00000274   Code   RO         6219    i.Current_calibrateOffsets  inlinecurrentsense.o
    0x080016ec   0x080016ec   0x00000002   Code   RO          664    i.DebugMon_Handler  stm32f4xx_it.o
    0x080016ee   0x080016ee   0x00000002   PAD
    0x080016f0   0x080016f0   0x00000540   Code   RO         6272    i.EC11_GUI_Callback  gui.o
    0x08001c30   0x08001c30   0x00000050   Code   RO           16    i.EC11_Task         main.o
    0x08001c80   0x08001c80   0x00000270   Code   RO         6558    i.Encoder_EC11_Analyze  encoderec11.o
    0x08001ef0   0x08001ef0   0x00000084   Code   RO         6559    i.Encoder_EC11_Init  encoderec11.o
    0x08001f74   0x08001f74   0x000001d0   Code   RO         6560    i.Encoder_EC11_Scan  encoderec11.o
    0x08002144   0x08002144   0x00000006   Code   RO           17    i.Error_Handler     main.o
    0x0800214a   0x0800214a   0x00000012   Code   RO         6145    i.First_Time_Laod   timecount.o
    0x0800215c   0x0800215c   0x00000044   Code   RO         6273    i.GUI_Init          gui.o
    0x080021a0   0x080021a0   0x00000298   Code   RO         6274    i.GUI_Show_Dynamic  gui.o
    0x08002438   0x08002438   0x000000fc   Code   RO         6275    i.GUI_Show_Static   gui.o
    0x08002534   0x08002534   0x00000028   Code   RO         6146    i.Get_Interval_Timetick  timecount.o
    0x0800255c   0x0800255c   0x0000000e   Code   RO         6147    i.Get_xCurrentTime_t  timecount.o
    0x0800256a   0x0800256a   0x00000002   PAD
    0x0800256c   0x0800256c   0x0000018c   Code   RO          805    i.HAL_ADC_ConfigChannel  stm32f4xx_hal_adc.o
    0x080026f8   0x080026f8   0x00000008   Code   RO          812    i.HAL_ADC_GetValue  stm32f4xx_hal_adc.o
    0x08002700   0x08002700   0x00000068   Code   RO          814    i.HAL_ADC_Init      stm32f4xx_hal_adc.o
    0x08002768   0x08002768   0x00000088   Code   RO          433    i.HAL_ADC_MspInit   adc.o
    0x080027f0   0x080027f0   0x000000ce   Code   RO          818    i.HAL_ADC_PollForConversion  stm32f4xx_hal_adc.o
    0x080028be   0x080028be   0x00000002   PAD
    0x080028c0   0x080028c0   0x00000114   Code   RO          820    i.HAL_ADC_Start     stm32f4xx_hal_adc.o
    0x080029d4   0x080029d4   0x00000048   Code   RO          823    i.HAL_ADC_Stop      stm32f4xx_hal_adc.o
    0x08002a1c   0x08002a1c   0x000000ac   Code   RO         1619    i.HAL_DMA_Abort     stm32f4xx_hal_dma.o
    0x08002ac8   0x08002ac8   0x00000028   Code   RO         1620    i.HAL_DMA_Abort_IT  stm32f4xx_hal_dma.o
    0x08002af0   0x08002af0   0x000001c8   Code   RO         1512    i.HAL_GPIO_Init     stm32f4xx_hal_gpio.o
    0x08002cb8   0x08002cb8   0x00000010   Code   RO         1514    i.HAL_GPIO_ReadPin  stm32f4xx_hal_gpio.o
    0x08002cc8   0x08002cc8   0x0000000c   Code   RO         1516    i.HAL_GPIO_WritePin  stm32f4xx_hal_gpio.o
    0x08002cd4   0x08002cd4   0x0000000c   Code   RO         2091    i.HAL_GetTick       stm32f4xx_hal.o
    0x08002ce0   0x08002ce0   0x000001d0   Code   RO         2347    i.HAL_I2C_Init      stm32f4xx_hal_i2c.o
    0x08002eb0   0x08002eb0   0x00000308   Code   RO         2365    i.HAL_I2C_Mem_Read  stm32f4xx_hal_i2c.o
    0x080031b8   0x080031b8   0x000000c4   Code   RO          481    i.HAL_I2C_MspInit   i2c.o
    0x0800327c   0x0800327c   0x00000018   Code   RO         2097    i.HAL_IncTick       stm32f4xx_hal.o
    0x08003294   0x08003294   0x0000003c   Code   RO         2098    i.HAL_Init          stm32f4xx_hal.o
    0x080032d0   0x080032d0   0x000000a0   Code   RO          761    i.HAL_InitTick      stm32f4xx_hal_timebase_tim.o
    0x08003370   0x08003370   0x00000054   Code   RO          735    i.HAL_MspInit       stm32f4xx_hal_msp.o
    0x080033c4   0x080033c4   0x00000028   Code   RO         1928    i.HAL_NVIC_EnableIRQ  stm32f4xx_hal_cortex.o
    0x080033ec   0x080033ec   0x0000007c   Code   RO         1934    i.HAL_NVIC_SetPriority  stm32f4xx_hal_cortex.o
    0x08003468   0x08003468   0x00000028   Code   RO         1935    i.HAL_NVIC_SetPriorityGrouping  stm32f4xx_hal_cortex.o
    0x08003490   0x08003490   0x00000184   Code   RO         1079    i.HAL_RCC_ClockConfig  stm32f4xx_hal_rcc.o
    0x08003614   0x08003614   0x00000044   Code   RO         1083    i.HAL_RCC_GetClockConfig  stm32f4xx_hal_rcc.o
    0x08003658   0x08003658   0x0000000c   Code   RO         1084    i.HAL_RCC_GetHCLKFreq  stm32f4xx_hal_rcc.o
    0x08003664   0x08003664   0x00000020   Code   RO         1086    i.HAL_RCC_GetPCLK1Freq  stm32f4xx_hal_rcc.o
    0x08003684   0x08003684   0x00000020   Code   RO         1087    i.HAL_RCC_GetPCLK2Freq  stm32f4xx_hal_rcc.o
    0x080036a4   0x080036a4   0x000000b0   Code   RO         1088    i.HAL_RCC_GetSysClockFreq  stm32f4xx_hal_rcc.o
    0x08003754   0x08003754   0x0000049c   Code   RO         1091    i.HAL_RCC_OscConfig  stm32f4xx_hal_rcc.o
    0x08003bf0   0x08003bf0   0x00000002   Code   RO         3560    i.HAL_TIMEx_BreakCallback  stm32f4xx_hal_tim_ex.o
    0x08003bf2   0x08003bf2   0x00000002   Code   RO         3561    i.HAL_TIMEx_CommutCallback  stm32f4xx_hal_tim_ex.o
    0x08003bf4   0x08003bf4   0x0000009c   Code   RO         3579    i.HAL_TIMEx_MasterConfigSynchronization  stm32f4xx_hal_tim_ex.o
    0x08003c90   0x08003c90   0x00000066   Code   RO         2845    i.HAL_TIM_Base_Init  stm32f4xx_hal_tim.o
    0x08003cf6   0x08003cf6   0x00000002   PAD
    0x08003cf8   0x08003cf8   0x00000034   Code   RO          524    i.HAL_TIM_Base_MspInit  tim.o
    0x08003d2c   0x08003d2c   0x00000090   Code   RO         2850    i.HAL_TIM_Base_Start_IT  stm32f4xx_hal_tim.o
    0x08003dbc   0x08003dbc   0x0000010c   Code   RO         2854    i.HAL_TIM_ConfigClockSource  stm32f4xx_hal_tim.o
    0x08003ec8   0x08003ec8   0x00000002   Code   RO         2879    i.HAL_TIM_IC_CaptureCallback  stm32f4xx_hal_tim.o
    0x08003eca   0x08003eca   0x0000016c   Code   RO         2893    i.HAL_TIM_IRQHandler  stm32f4xx_hal_tim.o
    0x08004036   0x08004036   0x00000002   PAD
    0x08004038   0x08004038   0x0000009c   Code   RO          525    i.HAL_TIM_MspPostInit  tim.o
    0x080040d4   0x080040d4   0x00000002   Code   RO         2896    i.HAL_TIM_OC_DelayElapsedCallback  stm32f4xx_hal_tim.o
    0x080040d6   0x080040d6   0x00000104   Code   RO         2917    i.HAL_TIM_PWM_ConfigChannel  stm32f4xx_hal_tim.o
    0x080041da   0x080041da   0x00000066   Code   RO         2920    i.HAL_TIM_PWM_Init  stm32f4xx_hal_tim.o
    0x08004240   0x08004240   0x00000002   Code   RO         2922    i.HAL_TIM_PWM_MspInit  stm32f4xx_hal_tim.o
    0x08004242   0x08004242   0x00000002   Code   RO         2923    i.HAL_TIM_PWM_PulseFinishedCallback  stm32f4xx_hal_tim.o
    0x08004244   0x08004244   0x000000ec   Code   RO         2925    i.HAL_TIM_PWM_Start  stm32f4xx_hal_tim.o
    0x08004330   0x08004330   0x00000018   Code   RO           18    i.HAL_TIM_PeriodElapsedCallback  main.o
    0x08004348   0x08004348   0x00000002   Code   RO         2936    i.HAL_TIM_TriggerCallback  stm32f4xx_hal_tim.o
    0x0800434a   0x0800434a   0x00000002   Code   RO         3839    i.HAL_UARTEx_RxEventCallback  stm32f4xx_hal_uart.o
    0x0800434c   0x0800434c   0x00000002   Code   RO         3853    i.HAL_UART_ErrorCallback  stm32f4xx_hal_uart.o
    0x0800434e   0x0800434e   0x00000002   PAD
    0x08004350   0x08004350   0x000002e8   Code   RO         3856    i.HAL_UART_IRQHandler  stm32f4xx_hal_uart.o
    0x08004638   0x08004638   0x00000076   Code   RO         3857    i.HAL_UART_Init     stm32f4xx_hal_uart.o
    0x080046ae   0x080046ae   0x00000002   PAD
    0x080046b0   0x080046b0   0x00000098   Code   RO          579    i.HAL_UART_MspInit  usart.o
    0x08004748   0x08004748   0x0000002c   Code   RO         3862    i.HAL_UART_Receive_IT  stm32f4xx_hal_uart.o
    0x08004774   0x08004774   0x000000c0   Code   RO          580    i.HAL_UART_RxCpltCallback  usart.o
    0x08004834   0x08004834   0x000000be   Code   RO         3865    i.HAL_UART_Transmit  stm32f4xx_hal_uart.o
    0x080048f2   0x080048f2   0x00000002   Code   RO         3868    i.HAL_UART_TxCpltCallback  stm32f4xx_hal_uart.o
    0x080048f4   0x080048f4   0x00000004   Code   RO          665    i.HardFault_Handler  stm32f4xx_it.o
    0x080048f8   0x080048f8   0x0000003e   Code   RO         2391    i.I2C_IsAcknowledgeFailed  stm32f4xx_hal_i2c.o
    0x08004936   0x08004936   0x00000002   PAD
    0x08004938   0x08004938   0x00000160   Code   RO         2402    i.I2C_RequestMemoryRead  stm32f4xx_hal_i2c.o
    0x08004a98   0x08004a98   0x000000be   Code   RO         2412    i.I2C_WaitOnFlagUntilTimeout  stm32f4xx_hal_i2c.o
    0x08004b56   0x08004b56   0x000000fa   Code   RO         2413    i.I2C_WaitOnMasterAddressFlagUntilTimeout  stm32f4xx_hal_i2c.o
    0x08004c50   0x08004c50   0x0000008a   Code   RO         2414    i.I2C_WaitOnRXNEFlagUntilTimeout  stm32f4xx_hal_i2c.o
    0x08004cda   0x08004cda   0x00000066   Code   RO         2417    i.I2C_WaitOnTXEFlagUntilTimeout  stm32f4xx_hal_i2c.o
    0x08004d40   0x08004d40   0x000000a0   Code   RO         6052    i.I2C_getRawCount   magneticsensor.o
    0x08004de0   0x08004de0   0x00000046   Code   RO         6220    i.InlineCurrentSense_Init  inlinecurrentsense.o
    0x08004e26   0x08004e26   0x00000002   PAD
    0x08004e28   0x08004e28   0x000000a8   Code   RO           19    i.KEY_Task          main.o
    0x08004ed0   0x08004ed0   0x0000003a   Code   RO         6473    i.LCD_Address_Set   lcd_init.o
    0x08004f0a   0x08004f0a   0x000000ac   Code   RO         6329    i.LCD_DrawLine      lcd.o
    0x08004fb6   0x08004fb6   0x0000001c   Code   RO         6330    i.LCD_DrawPoint     lcd.o
    0x08004fd2   0x08004fd2   0x0000004a   Code   RO         6332    i.LCD_Fill          lcd.o
    0x0800501c   0x0800501c   0x000001c0   Code   RO         6474    i.LCD_Init          lcd_init.o
    0x080051dc   0x080051dc   0x00000158   Code   RO         6333    i.LCD_ShowChar      lcd.o
    0x08005334   0x08005334   0x000000f4   Code   RO         6339    i.LCD_ShowFloatNum1  lcd.o
    0x08005428   0x08005428   0x000000f4   Code   RO         6340    i.LCD_ShowFloatNum2  lcd.o
    0x0800551c   0x0800551c   0x000000d6   Code   RO         6341    i.LCD_ShowIntNum    lcd.o
    0x080055f2   0x080055f2   0x00000042   Code   RO         6343    i.LCD_ShowString    lcd.o
    0x08005634   0x08005634   0x00000090   Code   RO           20    i.LCD_Task          main.o
    0x080056c4   0x080056c4   0x00000012   Code   RO         6475    i.LCD_WR_DATA       lcd_init.o
    0x080056d6   0x080056d6   0x0000000c   Code   RO         6476    i.LCD_WR_DATA8      lcd_init.o
    0x080056e2   0x080056e2   0x00000002   PAD
    0x080056e4   0x080056e4   0x00000024   Code   RO         6477    i.LCD_WR_REG        lcd_init.o
    0x08005708   0x08005708   0x00000050   Code   RO         6478    i.LCD_Writ_Bus      lcd_init.o
    0x08005758   0x08005758   0x00000048   Code   RO           21    i.LED_Task          main.o
    0x080057a0   0x080057a0   0x000000d8   Code   RO         6003    i.LPF_init          lowpass_filter.o
    0x08005878   0x08005878   0x00000080   Code   RO         6005    i.LPFoperator       lowpass_filter.o
    0x080058f8   0x080058f8   0x00000070   Code   RO          434    i.MX_ADC1_Init      adc.o
    0x08005968   0x08005968   0x00000130   Code   RO          341    i.MX_GPIO_Init      gpio.o
    0x08005a98   0x08005a98   0x0000003c   Code   RO          482    i.MX_I2C3_Init      i2c.o
    0x08005ad4   0x08005ad4   0x000000f4   Code   RO          526    i.MX_TIM3_Init      tim.o
    0x08005bc8   0x08005bc8   0x00000038   Code   RO          581    i.MX_USART1_UART_Init  usart.o
    0x08005c00   0x08005c00   0x00000098   Code   RO         6053    i.MagneticSensor_Init  magneticsensor.o
    0x08005c98   0x08005c98   0x00000004   Code   RO          666    i.MemManage_Handler  stm32f4xx_it.o
    0x08005c9c   0x08005c9c   0x00000324   Code   RO         5803    i.Motor_init        bldcmotor.o
    0x08005fc0   0x08005fc0   0x000000d0   Code   RO         5804    i.Motor_initFOC     bldcmotor.o
    0x08006090   0x08006090   0x00000004   Code   RO          667    i.NMI_Handler       stm32f4xx_it.o
    0x08006094   0x08006094   0x00000304   Code   RO         6109    i.PID_init          foc_pid.o
    0x08006398   0x08006398   0x00000178   Code   RO         6110    i.PIDoperator       foc_pid.o
    0x08006510   0x08006510   0x00000094   Code   RO          527    i.Set_TIM_PWM_CCRx  tim.o
    0x080065a4   0x080065a4   0x00000034   Code   RO         5616    i.SysTick_Handler   port.o
    0x080065d8   0x080065d8   0x000000b4   Code   RO           22    i.SystemClock_Config  main.o
    0x0800668c   0x0800668c   0x00000014   Code   RO         4201    i.SystemInit        system_stm32f4xx.o
    0x080066a0   0x080066a0   0x00000010   Code   RO          668    i.TIM1_UP_TIM10_IRQHandler  stm32f4xx_it.o
    0x080066b0   0x080066b0   0x000000b4   Code   RO         2938    i.TIM_Base_SetConfig  stm32f4xx_hal_tim.o
    0x08006764   0x08006764   0x00000022   Code   RO         2939    i.TIM_CCxChannelCmd  stm32f4xx_hal_tim.o
    0x08006786   0x08006786   0x00000016   Code   RO         2949    i.TIM_ETR_SetConfig  stm32f4xx_hal_tim.o
    0x0800679c   0x0800679c   0x00000012   Code   RO         2950    i.TIM_ITRx_SetConfig  stm32f4xx_hal_tim.o
    0x080067ae   0x080067ae   0x00000002   PAD
    0x080067b0   0x080067b0   0x00000060   Code   RO         2951    i.TIM_OC1_SetConfig  stm32f4xx_hal_tim.o
    0x08006810   0x08006810   0x00000068   Code   RO         2952    i.TIM_OC2_SetConfig  stm32f4xx_hal_tim.o
    0x08006878   0x08006878   0x00000068   Code   RO         2953    i.TIM_OC3_SetConfig  stm32f4xx_hal_tim.o
    0x080068e0   0x080068e0   0x00000048   Code   RO         2954    i.TIM_OC4_SetConfig  stm32f4xx_hal_tim.o
    0x08006928   0x08006928   0x00000026   Code   RO         2956    i.TIM_TI1_ConfigInputStage  stm32f4xx_hal_tim.o
    0x0800694e   0x0800694e   0x00000028   Code   RO         2958    i.TIM_TI2_ConfigInputStage  stm32f4xx_hal_tim.o
    0x08006976   0x08006976   0x00000014   Code   RO         3870    i.UART_DMAAbortOnError  stm32f4xx_hal_uart.o
    0x0800698a   0x0800698a   0x0000006c   Code   RO         3880    i.UART_EndRxTransfer  stm32f4xx_hal_uart.o
    0x080069f6   0x080069f6   0x00000020   Code   RO         3881    i.UART_EndTransmit_IT  stm32f4xx_hal_uart.o
    0x08006a16   0x08006a16   0x000000fc   Code   RO         3883    i.UART_Receive_IT   stm32f4xx_hal_uart.o
    0x08006b12   0x08006b12   0x00000002   PAD
    0x08006b14   0x08006b14   0x0000022c   Code   RO         3884    i.UART_SetConfig    stm32f4xx_hal_uart.o
    0x08006d40   0x08006d40   0x00000040   Code   RO         3886    i.UART_Start_Receive_IT  stm32f4xx_hal_uart.o
    0x08006d80   0x08006d80   0x00000060   Code   RO         3887    i.UART_Transmit_IT  stm32f4xx_hal_uart.o
    0x08006de0   0x08006de0   0x0000008c   Code   RO         3888    i.UART_WaitOnFlagUntilTimeout  stm32f4xx_hal_uart.o
    0x08006e6c   0x08006e6c   0x00000010   Code   RO          669    i.USART1_IRQHandler  stm32f4xx_it.o
    0x08006e7c   0x08006e7c   0x0000016c   Code   RO           23    i.USART_Task        main.o
    0x08006fe8   0x08006fe8   0x00000004   Code   RO          670    i.UsageFault_Handler  stm32f4xx_it.o
    0x08006fec   0x08006fec   0x00000020   Code   RO         6919    i.__0printf         mc_w.l(printfa.o)
    0x0800700c   0x0800700c   0x00000030   Code   RO         6978    i.__ARM_fpclassify  m_wm.l(fpclassify.o)
    0x0800703c   0x0800703c   0x00000010   Code   RO         1941    i.__NVIC_GetPriorityGrouping  stm32f4xx_hal_cortex.o
    0x0800704c   0x0800704c   0x00000028   Code   RO         1942    i.__NVIC_SetPriority  stm32f4xx_hal_cortex.o
    0x08007074   0x08007074   0x00000004   PAD
    0x08007078   0x08007078   0x00000038   Code   RO         6597    i.__hardfp_atof     m_wm.l(atof.o)
    0x080070b0   0x080070b0   0x000000c8   Code   RO         6603    i.__hardfp_cos      m_wm.l(cos.o)
    0x08007178   0x08007178   0x00000014   Code   RO         6615    i.__hardfp_fabs     m_wm.l(fabs.o)
    0x0800718c   0x0800718c   0x00000104   Code   RO         6621    i.__hardfp_fmod     m_wm.l(fmod.o)
    0x08007290   0x08007290   0x00000c50   Code   RO         6633    i.__hardfp_pow      m_wm.l(pow.o)
    0x08007ee0   0x08007ee0   0x000000c8   Code   RO         6647    i.__hardfp_sin      m_wm.l(sin.o)
    0x08007fa8   0x08007fa8   0x0000007a   Code   RO         6659    i.__hardfp_sqrt     m_wm.l(sqrt.o)
    0x08008022   0x08008022   0x00000006   PAD
    0x08008028   0x08008028   0x00000438   Code   RO         6983    i.__ieee754_rem_pio2  m_wm.l(rred.o)
    0x08008460   0x08008460   0x00000170   Code   RO         6961    i.__kernel_cos      m_wm.l(cos_i.o)
    0x080085d0   0x080085d0   0x000000f8   Code   RO         6980    i.__kernel_poly     m_wm.l(poly.o)
    0x080086c8   0x080086c8   0x00000130   Code   RO         6988    i.__kernel_sin      m_wm.l(sin_i.o)
    0x080087f8   0x080087f8   0x00000030   Code   RO         6964    i.__mathlib_dbl_divzero  m_wm.l(dunder.o)
    0x08008828   0x08008828   0x00000014   Code   RO         6965    i.__mathlib_dbl_infnan  m_wm.l(dunder.o)
    0x0800883c   0x0800883c   0x00000014   Code   RO         6966    i.__mathlib_dbl_infnan2  m_wm.l(dunder.o)
    0x08008850   0x08008850   0x00000020   Code   RO         6967    i.__mathlib_dbl_invalid  m_wm.l(dunder.o)
    0x08008870   0x08008870   0x00000020   Code   RO         6968    i.__mathlib_dbl_overflow  m_wm.l(dunder.o)
    0x08008890   0x08008890   0x00000020   Code   RO         6970    i.__mathlib_dbl_underflow  m_wm.l(dunder.o)
    0x080088b0   0x080088b0   0x0000000c   Code   RO         7020    i.__read_errno      mc_w.l(errno.o)
    0x080088bc   0x080088bc   0x0000000e   Code   RO         7066    i.__scatterload_copy  mc_w.l(handlers.o)
    0x080088ca   0x080088ca   0x00000002   Code   RO         7067    i.__scatterload_null  mc_w.l(handlers.o)
    0x080088cc   0x080088cc   0x0000000e   Code   RO         7068    i.__scatterload_zeroinit  mc_w.l(handlers.o)
    0x080088da   0x080088da   0x00000002   PAD
    0x080088dc   0x080088dc   0x0000000c   Code   RO         7021    i.__set_errno       mc_w.l(errno.o)
    0x080088e8   0x080088e8   0x00000012   Code   RO         5907    i._electricalAngle  foc_utils.o
    0x080088fa   0x080088fa   0x00000002   PAD
    0x080088fc   0x080088fc   0x00000184   Code   RO         6926    i._fp_digits        mc_w.l(printfa.o)
    0x08008a80   0x08008a80   0x0000000e   Code   RO         7051    i._is_digit         mc_w.l(scanf_fp.o)
    0x08008a8e   0x08008a8e   0x00000002   PAD
    0x08008a90   0x08008a90   0x00000064   Code   RO         5908    i._normalizeAngle   foc_utils.o
    0x08008af4   0x08008af4   0x000006b4   Code   RO         6927    i._printf_core      mc_w.l(printfa.o)
    0x080091a8   0x080091a8   0x00000024   Code   RO         6928    i._printf_post_padding  mc_w.l(printfa.o)
    0x080091cc   0x080091cc   0x0000002e   Code   RO         6929    i._printf_pre_padding  mc_w.l(printfa.o)
    0x080091fa   0x080091fa   0x0000000c   Code   RO         6221    i._readADCVoltageInline  inlinecurrentsense.o
    0x08009206   0x08009206   0x00000002   PAD
    0x08009208   0x08009208   0x00000504   Code   RO         5805    i.alignSensor       bldcmotor.o
    0x0800970c   0x0800970c   0x000001c8   Code   RO         5806    i.angleOpenloop     bldcmotor.o
    0x080098d4   0x080098d4   0x0000016c   Code   RO         6222    i.configureADCInline  inlinecurrentsense.o
    0x08009a40   0x08009a40   0x00000060   Code   RO         5958    i.electricalAngle   focmotor.o
    0x08009aa0   0x08009aa0   0x00000018   Code   RO         6617    i.fabs              m_wm.l(fabs.o)
    0x08009ab8   0x08009ab8   0x0000001c   Code   RO          584    i.fputc             usart.o
    0x08009ad4   0x08009ad4   0x000001c4   Code   RO         6054    i.getAngle          magneticsensor.o
    0x08009c98   0x08009c98   0x000001cc   Code   RO         6187    i.getDCCurrent      currentsense.o
    0x08009e64   0x08009e64   0x00000144   Code   RO         6188    i.getFOCCurrents    currentsense.o
    0x08009fa8   0x08009fa8   0x00000124   Code   RO         6223    i.getPhaseCurrents  inlinecurrentsense.o
    0x0800a0cc   0x0800a0cc   0x00000010   Code   RO         6055    i.getRawCount       magneticsensor.o
    0x0800a0dc   0x0800a0dc   0x00000098   Code   RO         6056    i.getVelocity       magneticsensor.o
    0x0800a174   0x0800a174   0x0000030c   Code   RO         5807    i.loopFOC           bldcmotor.o
    0x0800a480   0x0800a480   0x00000040   Code   RO           24    i.main              main.o
    0x0800a4c0   0x0800a4c0   0x000002dc   Code   RO         5808    i.move              bldcmotor.o
    0x0800a79c   0x0800a79c   0x00000016   Code   RO         6346    i.mypow             lcd.o
    0x0800a7b2   0x0800a7b2   0x00000024   Code   RO         6276    i.processParameter  gui.o
    0x0800a7d6   0x0800a7d6   0x00000002   PAD
    0x0800a7d8   0x0800a7d8   0x0000001c   Code   RO         5701    i.protocol_init     protocol.o
    0x0800a7f4   0x0800a7f4   0x00000098   Code   RO         4718    i.prvAddCurrentTaskToDelayedList  tasks.o
    0x0800a88c   0x0800a88c   0x000000b4   Code   RO         4719    i.prvAddNewTaskToReadyList  tasks.o
    0x0800a940   0x0800a940   0x00000074   Code   RO         5049    i.prvCheckForValidListAndQueue  timers.o
    0x0800a9b4   0x0800a9b4   0x00000048   Code   RO         4720    i.prvCheckTasksWaitingTermination  tasks.o
    0x0800a9fc   0x0800a9fc   0x0000002a   Code   RO         4378    i.prvCopyDataFromQueue  queue.o
    0x0800aa26   0x0800aa26   0x0000007e   Code   RO         4379    i.prvCopyDataToQueue  queue.o
    0x0800aaa4   0x0800aaa4   0x00000050   Code   RO         4721    i.prvDeleteTCB      tasks.o
    0x0800aaf4   0x0800aaf4   0x00000028   Code   RO         5050    i.prvGetNextExpireTime  timers.o
    0x0800ab1c   0x0800ab1c   0x0000007c   Code   RO         5560    i.prvHeapInit       heap_4.o
    0x0800ab98   0x0800ab98   0x00000028   Code   RO         4722    i.prvIdleTask       tasks.o
    0x0800abc0   0x0800abc0   0x00000026   Code   RO         4382    i.prvInitialiseNewQueue  queue.o
    0x0800abe6   0x0800abe6   0x000000b4   Code   RO         4723    i.prvInitialiseNewTask  tasks.o
    0x0800ac9a   0x0800ac9a   0x00000002   PAD
    0x0800ac9c   0x0800ac9c   0x00000068   Code   RO         4724    i.prvInitialiseTaskLists  tasks.o
    0x0800ad04   0x0800ad04   0x00000068   Code   RO         5561    i.prvInsertBlockIntoFreeList  heap_4.o
    0x0800ad6c   0x0800ad6c   0x00000058   Code   RO         5052    i.prvInsertTimerInActiveList  timers.o
    0x0800adc4   0x0800adc4   0x0000001a   Code   RO         4383    i.prvIsQueueEmpty   queue.o
    0x0800adde   0x0800adde   0x0000001e   Code   RO         4384    i.prvIsQueueFull    queue.o
    0x0800adfc   0x0800adfc   0x00000074   Code   RO         5053    i.prvProcessExpiredTimer  timers.o
    0x0800ae70   0x0800ae70   0x00000138   Code   RO         5054    i.prvProcessReceivedCommands  timers.o
    0x0800afa8   0x0800afa8   0x00000074   Code   RO         5055    i.prvProcessTimerOrBlockTask  timers.o
    0x0800b01c   0x0800b01c   0x00000034   Code   RO         4725    i.prvResetNextTaskUnblockTime  tasks.o
    0x0800b050   0x0800b050   0x0000002c   Code   RO         5056    i.prvSampleTimeNow  timers.o
    0x0800b07c   0x0800b07c   0x000000a4   Code   RO         5057    i.prvSwitchTimerLists  timers.o
    0x0800b120   0x0800b120   0x00000040   Code   RO         5617    i.prvTaskExitError  port.o
    0x0800b160   0x0800b160   0x0000001a   Code   RO         5058    i.prvTimerTask      timers.o
    0x0800b17a   0x0800b17a   0x0000007e   Code   RO         4385    i.prvUnlockQueue    queue.o
    0x0800b1f8   0x0800b1f8   0x0000014c   Code   RO         5562    i.pvPortMalloc      heap_4.o
    0x0800b344   0x0800b344   0x0000002c   Code   RO         5618    i.pxPortInitialiseStack  port.o
    0x0800b370   0x0800b370   0x0000039c   Code   RO         5809    i.setPhaseVoltage   bldcmotor.o
    0x0800b70c   0x0800b70c   0x00000280   Code   RO         5810    i.setPwm            bldcmotor.o
    0x0800b98c   0x0800b98c   0x00000040   Code   RO         5959    i.shaftAngle        focmotor.o
    0x0800b9cc   0x0800b9cc   0x0000004c   Code   RO         5960    i.shaftVelocity     focmotor.o
    0x0800ba18   0x0800ba18   0x0000006e   Code   RO         6661    i.sqrt              m_wm.l(sqrt.o)
    0x0800ba86   0x0800ba86   0x00000028   Code   RO         4338    i.uxListRemove      list.o
    0x0800baae   0x0800baae   0x00000002   PAD
    0x0800bab0   0x0800bab0   0x00000018   Code   RO          377    i.vApplicationGetIdleTaskMemory  freertos.o
    0x0800bac8   0x0800bac8   0x00000018   Code   RO          378    i.vApplicationGetTimerTaskMemory  freertos.o
    0x0800bae0   0x0800bae0   0x0000001a   Code   RO         4339    i.vListInitialise   list.o
    0x0800bafa   0x0800bafa   0x00000006   Code   RO         4340    i.vListInitialiseItem  list.o
    0x0800bb00   0x0800bb00   0x00000034   Code   RO         4341    i.vListInsert       list.o
    0x0800bb34   0x0800bb34   0x00000018   Code   RO         4342    i.vListInsertEnd    list.o
    0x0800bb4c   0x0800bb4c   0x00000054   Code   RO         5620    i.vPortEnterCritical  port.o
    0x0800bba0   0x0800bba0   0x0000003c   Code   RO         5621    i.vPortExitCritical  port.o
    0x0800bbdc   0x0800bbdc   0x000000a4   Code   RO         5563    i.vPortFree         heap_4.o
    0x0800bc80   0x0800bc80   0x00000028   Code   RO         5622    i.vPortSetupTimerInterrupt  port.o
    0x0800bca8   0x0800bca8   0x00000078   Code   RO         5623    i.vPortValidateInterruptPriority  port.o
    0x0800bd20   0x0800bd20   0x0000002c   Code   RO         4389    i.vQueueAddToRegistry  queue.o
    0x0800bd4c   0x0800bd4c   0x0000004a   Code   RO         4392    i.vQueueWaitForMessageRestricted  queue.o
    0x0800bd96   0x0800bd96   0x00000002   PAD
    0x0800bd98   0x0800bd98   0x0000005c   Code   RO         4734    i.vTaskDelay        tasks.o
    0x0800bdf4   0x0800bdf4   0x000000d4   Code   RO         4735    i.vTaskDelayUntil   tasks.o
    0x0800bec8   0x0800bec8   0x000000f4   Code   RO         4736    i.vTaskDelete       tasks.o
    0x0800bfbc   0x0800bfbc   0x00000018   Code   RO         4738    i.vTaskInternalSetTimeOutState  tasks.o
    0x0800bfd4   0x0800bfd4   0x0000000c   Code   RO         4739    i.vTaskMissedYield  tasks.o
    0x0800bfe0   0x0800bfe0   0x00000038   Code   RO         4741    i.vTaskPlaceOnEventList  tasks.o
    0x0800c018   0x0800c018   0x00000040   Code   RO         4742    i.vTaskPlaceOnEventListRestricted  tasks.o
    0x0800c058   0x0800c058   0x000000b8   Code   RO         4749    i.vTaskStartScheduler  tasks.o
    0x0800c110   0x0800c110   0x00000010   Code   RO         4751    i.vTaskSuspendAll   tasks.o
    0x0800c120   0x0800c120   0x0000008c   Code   RO         4752    i.vTaskSwitchContext  tasks.o
    0x0800c1ac   0x0800c1ac   0x000000ec   Code   RO         5811    i.velocityOpenloop  bldcmotor.o
    0x0800c298   0x0800c298   0x00000168   Code   RO         5624    i.xPortStartScheduler  port.o
    0x0800c400   0x0800c400   0x000000e0   Code   RO         4396    i.xQueueGenericCreateStatic  queue.o
    0x0800c4e0   0x0800c4e0   0x00000098   Code   RO         4397    i.xQueueGenericReset  queue.o
    0x0800c578   0x0800c578   0x000001a8   Code   RO         4398    i.xQueueGenericSend  queue.o
    0x0800c720   0x0800c720   0x000000fc   Code   RO         4399    i.xQueueGenericSendFromISR  queue.o
    0x0800c81c   0x0800c81c   0x00000168   Code   RO         4405    i.xQueueReceive     queue.o
    0x0800c984   0x0800c984   0x0000008c   Code   RO         4754    i.xTaskCheckForTimeOut  tasks.o
    0x0800ca10   0x0800ca10   0x00000064   Code   RO         4755    i.xTaskCreate       tasks.o
    0x0800ca74   0x0800ca74   0x000000ba   Code   RO         4756    i.xTaskCreateStatic  tasks.o
    0x0800cb2e   0x0800cb2e   0x00000002   PAD
    0x0800cb30   0x0800cb30   0x00000020   Code   RO         4760    i.xTaskGetSchedulerState  tasks.o
    0x0800cb50   0x0800cb50   0x0000000c   Code   RO         4761    i.xTaskGetTickCount  tasks.o
    0x0800cb5c   0x0800cb5c   0x00000148   Code   RO         4763    i.xTaskIncrementTick  tasks.o
    0x0800cca4   0x0800cca4   0x000000c8   Code   RO         4766    i.xTaskPriorityDisinherit  tasks.o
    0x0800cd6c   0x0800cd6c   0x00000098   Code   RO         4768    i.xTaskRemoveFromEventList  tasks.o
    0x0800ce04   0x0800ce04   0x00000104   Code   RO         4769    i.xTaskResumeAll    tasks.o
    0x0800cf08   0x0800cf08   0x00000078   Code   RO         5065    i.xTimerCreateTimerTask  timers.o
    0x0800cf80   0x0800cf80   0x00000084   Code   RO         5066    i.xTimerGenericCommand  timers.o
    0x0800d004   0x0800d004   0x00000018   Data   RO         4202    .constdata          system_stm32f4xx.o
    0x0800d01c   0x0800d01c   0x00016954   Data   RO         6533    .constdata          lcdfont.o
    0x08023970   0x08023970   0x00000088   Data   RO         6636    .constdata          m_wm.l(pow.o)
    0x080239f8   0x080239f8   0x00000030   Data   RO         6962    .constdata          m_wm.l(cos_i.o)
    0x08023a28   0x08023a28   0x00000008   Data   RO         6982    .constdata          m_wm.l(qnan.o)
    0x08023a30   0x08023a30   0x000000c8   Data   RO         6985    .constdata          m_wm.l(rred.o)
    0x08023af8   0x08023af8   0x00000028   Data   RO         6989    .constdata          m_wm.l(sin_i.o)
    0x08023b20   0x08023b20   0x00000040   Data   RO         7060    .constdata          mc_w.l(ctype_c.o)
    0x08023b60   0x08023b60   0x000000ed   Data   RO         6277    .conststring        gui.o
    0x08023c4d   0x08023c4d   0x00000003   PAD
    0x08023c50   0x08023c50   0x00000020   Data   RO         7064    Region$$Table       anon$$obj.o


    Execution Region RW_IRAM1 (Exec base: 0x20000000, Load base: 0x08023c70, Size: 0x00005810, Max: 0x00018000, ABSOLUTE, COMPRESSED[0x000000cc])

    Exec Addr    Load Addr    Size         Type   Attr      Idx    E Section Name        Object

    0x20000000   COMPRESSED   0x00000045   Data   RW           25    .data               main.o
    0x20000045   COMPRESSED   0x00000003   PAD
    0x20000048   COMPRESSED   0x00000014   Data   RW          436    .data               adc.o
    0x2000005c   COMPRESSED   0x00000017   Data   RW          586    .data               usart.o
    0x20000073   COMPRESSED   0x00000001   PAD
    0x20000074   COMPRESSED   0x00000009   Data   RW         2105    .data               stm32f4xx_hal.o
    0x2000007d   COMPRESSED   0x00000003   PAD
    0x20000080   COMPRESSED   0x00000004   Data   RW         4203    .data               system_stm32f4xx.o
    0x20000084   COMPRESSED   0x0000003c   Data   RW         4772    .data               tasks.o
    0x200000c0   COMPRESSED   0x00000014   Data   RW         5072    .data               timers.o
    0x200000d4   COMPRESSED   0x00000020   Data   RW         5569    .data               heap_4.o
    0x200000f4   COMPRESSED   0x0000000c   Data   RW         5625    .data               port.o
    0x20000100   COMPRESSED   0x00000165   Data   RW         6278    .data               gui.o
    0x20000265   COMPRESSED   0x00000003   PAD
    0x20000268   COMPRESSED   0x00000014   Data   RW         6348    .data               lcd.o
    0x2000027c   COMPRESSED   0x00000014   Data   RW         6479    .data               lcd_init.o
    0x20000290   COMPRESSED   0x0000001c   Data   RW         6561    .data               encoderec11.o
    0x200002ac   COMPRESSED   0x00000004   Data   RW         7010    .data               mc_w.l(stdout.o)
    0x200002b0   COMPRESSED   0x00000004   Data   RW         7022    .data               mc_w.l(errno.o)
    0x200002b4        -       0x000006c8   Zero   RW          379    .bss                freertos.o
    0x2000097c        -       0x00000048   Zero   RW          435    .bss                adc.o
    0x200009c4        -       0x00000054   Zero   RW          483    .bss                i2c.o
    0x20000a18        -       0x00000048   Zero   RW          528    .bss                tim.o
    0x20000a60        -       0x00000148   Zero   RW          585    .bss                usart.o
    0x20000ba8        -       0x00000048   Zero   RW          764    .bss                stm32f4xx_hal_timebase_tim.o
    0x20000bf0        -       0x00000040   Zero   RW         4408    .bss                queue.o
    0x20000c30        -       0x000002e4   Zero   RW         4771    .bss                tasks.o
    0x20000f14        -       0x000000e8   Zero   RW         5071    .bss                timers.o
    0x20000ffc        -       0x00004000   Zero   RW         5568    .bss                heap_4.o
    0x20004ffc        -       0x00000096   Zero   RW         5710    .bss                protocol.o
    0x20005092   COMPRESSED   0x00000002   PAD
    0x20005094        -       0x00000360   Zero   RW         5812    .bss                bldcmotor.o
    0x200053f4        -       0x0000001c   Zero   RW         6347    .bss                lcd.o
    0x20005410        -       0x00000400   Zero   RW            1    STACK               startup_stm32f401xe.o


==============================================================================

Image component sizes


      Code (inc. data)   RO Data    RW Data    ZI Data      Debug   Object Name

       376         42          0         20         72       3121   adc.o
      6064        560          0          0        864      14551   bldcmotor.o
       784         44          0          0          0       2324   currentsense.o
      1220        106          0         28          0       4689   encoderec11.o
         0          0          0          0          0      20324   event_groups.o
      1148         28          0          0          0       2201   foc_pid.o
       118         12          0          0          0       1505   foc_utils.o
       236         14          0          0          0       2007   focmotor.o
        48         18          0          0       1736       2701   freertos.o
       304         16          0          0          0       1179   gpio.o
      2364        160        237        357          0       5830   gui.o
       724         74          0         32      16384       5263   heap_4.o
       256         28          0          0         84       2289   i2c.o
      1366        122          0          0          0       4885   inlinecurrentsense.o
      1408         24          0         20         28      10816   lcd.o
       652         24          0         20          0       4690   lcd_init.o
         0          0      92500          0          0       1974   lcdfont.o
       148          0          0          0          0       3962   list.o
       344         28          0          0          0       2109   lowpass_filter.o
       932         60          0          0          0       4571   magneticsensor.o
      1854        608          0         69          0     482912   main.o
      1014         92          0         12          0      12801   port.o
        28          8          0          0        150       3792   protocol.o
      1918         20          0          0         64      18396   queue.o
        36          8        404          0       1024        900   startup_stm32f401xe.o
        96         20          0          9          0       8330   stm32f4xx_hal.o
      1414         44          0          0          0       6281   stm32f4xx_hal_adc.o
       260         22          0          0          0      33958   stm32f4xx_hal_cortex.o
       212          0          0          0          0       2147   stm32f4xx_hal_dma.o
       484         32          0          0          0       3015   stm32f4xx_hal_gpio.o
      2334         36          0          0          0       9466   stm32f4xx_hal_i2c.o
        84          6          0          0          0        990   stm32f4xx_hal_msp.o
      1888         94          0          0          0       6785   stm32f4xx_hal_rcc.o
      2194         94          0          0          0      17988   stm32f4xx_hal_tim.o
       160         22          0          0          0       2777   stm32f4xx_hal_tim_ex.o
       160         20          0          0         72       1623   stm32f4xx_hal_timebase_tim.o
      2370         14          0          0          0      13544   stm32f4xx_hal_uart.o
        54         12          0          0          0       4332   stm32f4xx_it.o
        20          6         24          4          0       1319   system_stm32f4xx.o
      3314        402          0         60        740      31506   tasks.o
       600         42          0          0         72       3835   tim.o
        72          0          0          0          0       2583   timecount.o
      1274        124          0         20        232      31851   timers.o
       428         48          0         23        328       6833   usart.o

    ----------------------------------------------------------------------
     40804       3138      93200        684      21852     808955   Object Totals
         0          0         32          0          0          0   (incl. Generated)
        44          4          3         10          2          0   (incl. Padding)

    ----------------------------------------------------------------------

      Code (inc. data)   RO Data    RW Data    ZI Data      Debug   Library Member Name

        56         12          0          0          0        132   atof.o
       200         20          0          0          0        164   cos.o
       368         46         48          0          0        200   cos_i.o
       184         44          0          0          0        744   dunder.o
        44          0          0          0          0        248   fabs.o
       260          6          0          0          0        144   fmod.o
        48          0          0          0          0        124   fpclassify.o
       248          0          0          0          0        152   poly.o
      3152        296        136          0          0        352   pow.o
         0          0          8          0          0          0   qnan.o
      1080        142        200          0          0        188   rred.o
       200         20          0          0          0        164   sin.o
       304         24         40          0          0        208   sin_i.o
       232          0          0          0          0        296   sqrt.o
        86          0          0          0          0          0   __dczerorl2.o
        64          0          0          0          0         84   _sgetc.o
        40          6         64          0          0         68   ctype_c.o
         0          0          0          0          0          0   entry.o
         0          0          0          0          0          0   entry10a.o
         0          0          0          0          0          0   entry11a.o
         4          0          0          0          0          0   entry12b.o
         8          4          0          0          0          0   entry2.o
         4          0          0          0          0          0   entry5.o
         0          0          0          0          0          0   entry7b.o
         0          0          0          0          0          0   entry8b.o
         8          4          0          0          0          0   entry9a.o
        24         12          0          4          0        136   errno.o
        30          0          0          0          0          0   handlers.o
        36          8          0          0          0         68   init.o
        10          0          0          0          0         68   isspace_c.o
         0          0          0          0          0          0   iusefp.o
        30          0          0          0          0         68   llshl.o
        36          0          0          0          0         68   llsshr.o
        32          0          0          0          0         68   llushr.o
        36          0          0          0          0         68   memcpya.o
        36          0          0          0          0        108   memseta.o
      2218         90          0          0          0        464   printfa.o
       878         12          0          0          0        216   scanf_fp.o
         0          0          0          4          0          0   stdout.o
        14          0          0          0          0         68   strlen.o
       156         12          0          0          0        120   strtod.o
        44          0          0          0          0         80   uidiv.o
        98          0          0          0          0         92   uldiv.o
        48          0          0          0          0         68   cdrcmple.o
        56          0          0          0          0         88   d2f.o
       334          0          0          0          0        148   dadd.o
       222          0          0          0          0        100   ddiv.o
       186          0          0          0          0        176   depilogue.o
        62          0          0          0          0         80   dfixi.o
        48          0          0          0          0         68   dfixul.o
        34          0          0          0          0         76   dflti.o
        26          0          0          0          0         76   dfltui.o
        24          0          0          0          0         76   dfltul.o
       228          0          0          0          0         96   dmul.o
       134          0          0          0          0         96   drem.o
        46          0          0          0          0         80   dscalb.o
       162          0          0          0          0        100   dsqrt.o
        38          0          0          0          0         68   f2d.o
       110          0          0          0          0        168   fepilogue.o

    ----------------------------------------------------------------------
     12044        758        496          8          0       6524   Library Totals
        18          0          0          0          0          0   (incl. Padding)

    ----------------------------------------------------------------------

      Code (inc. data)   RO Data    RW Data    ZI Data      Debug   Library Name

      6376        610        432          0          0       3116   m_wm.l
      3892        148         64          8          0       1844   mc_w.l
      1758          0          0          0          0       1564   mf_w.l

    ----------------------------------------------------------------------
     12044        758        496          8          0       6524   Library Totals

    ----------------------------------------------------------------------

==============================================================================


      Code (inc. data)   RO Data    RW Data    ZI Data      Debug   

     52848       3896      93696        692      21852     788795   Grand Totals
     52848       3896      93696        204      21852     788795   ELF Image Totals (compressed)
     52848       3896      93696        204          0          0   ROM Totals

==============================================================================

    Total RO  Size (Code + RO Data)               146544 ( 143.11kB)
    Total RW  Size (RW Data + ZI Data)             22544 (  22.02kB)
    Total ROM Size (Code + RO Data + RW Data)     146748 ( 143.31kB)

==============================================================================

