Component: ARM Compiler 5.06 update 7 (build 960) Tool: armlink [4d3601]

==============================================================================

Section Cross References

    startup_stm32f401xe.o(RESET) refers to startup_stm32f401xe.o(STACK) for __initial_sp
    startup_stm32f401xe.o(RESET) refers to startup_stm32f401xe.o(.text) for Reset_Handler
    startup_stm32f401xe.o(RESET) refers to stm32f4xx_it.o(i.NMI_Handler) for NMI_Handler
    startup_stm32f401xe.o(RESET) refers to stm32f4xx_it.o(i.HardFault_Handler) for HardFault_Handler
    startup_stm32f401xe.o(RESET) refers to stm32f4xx_it.o(i.MemManage_Handler) for MemManage_Handler
    startup_stm32f401xe.o(RESET) refers to stm32f4xx_it.o(i.BusFault_Handler) for BusFault_Handler
    startup_stm32f401xe.o(RESET) refers to stm32f4xx_it.o(i.UsageFault_Handler) for UsageFault_Handler
    startup_stm32f401xe.o(RESET) refers to port.o(.emb_text) for SVC_Handler
    startup_stm32f401xe.o(RESET) refers to stm32f4xx_it.o(i.DebugMon_Handler) for DebugMon_Handler
    startup_stm32f401xe.o(RESET) refers to port.o(i.SysTick_Handler) for SysTick_Handler
    startup_stm32f401xe.o(RESET) refers to stm32f4xx_it.o(i.TIM1_UP_TIM10_IRQHandler) for TIM1_UP_TIM10_IRQHandler
    startup_stm32f401xe.o(.text) refers to system_stm32f4xx.o(i.SystemInit) for SystemInit
    startup_stm32f401xe.o(.text) refers to entry.o(.ARM.Collect$$$$00000000) for __main
    bsp_gpio.o(i.MX_GPIO_Init) refers to memseta.o(.text) for __aeabi_memclr4
    bsp_gpio.o(i.MX_GPIO_Init) refers to stm32f4xx_hal_gpio.o(i.HAL_GPIO_WritePin) for HAL_GPIO_WritePin
    bsp_gpio.o(i.MX_GPIO_Init) refers to stm32f4xx_hal_gpio.o(i.HAL_GPIO_Init) for HAL_GPIO_Init
    bsp_time.o(i.MX_TIM3_Init) refers to memseta.o(.text) for __aeabi_memclr4
    bsp_time.o(i.MX_TIM3_Init) refers to stm32f4xx_hal_tim.o(i.HAL_TIM_Base_Init) for HAL_TIM_Base_Init
    bsp_time.o(i.MX_TIM3_Init) refers to main.o(i.Error_Handler) for Error_Handler
    bsp_time.o(i.MX_TIM3_Init) refers to stm32f4xx_hal_tim.o(i.HAL_TIM_ConfigClockSource) for HAL_TIM_ConfigClockSource
    bsp_time.o(i.MX_TIM3_Init) refers to stm32f4xx_hal_tim.o(i.HAL_TIM_PWM_Init) for HAL_TIM_PWM_Init
    bsp_time.o(i.MX_TIM3_Init) refers to stm32f4xx_hal_tim_ex.o(i.HAL_TIMEx_MasterConfigSynchronization) for HAL_TIMEx_MasterConfigSynchronization
    bsp_time.o(i.MX_TIM3_Init) refers to stm32f4xx_hal_tim.o(i.HAL_TIM_PWM_ConfigChannel) for HAL_TIM_PWM_ConfigChannel
    bsp_time.o(i.MX_TIM3_Init) refers to stm32f4xx_hal_tim.o(i.HAL_TIM_PWM_Start) for HAL_TIM_PWM_Start
    bsp_time.o(i.MX_TIM3_Init) refers to stm32f4xx_hal_msp.o(i.HAL_TIM_MspPostInit) for HAL_TIM_MspPostInit
    bsp_time.o(i.MX_TIM3_Init) refers to bsp_time.o(.bss) for .bss
    bsp_time.o(i.Set_TIM3_PWM_CCRx) refers to bsp_time.o(.bss) for .bss
    main.o(i.AppTaskCreate) refers to port.o(i.vPortEnterCritical) for vPortEnterCritical
    main.o(i.AppTaskCreate) refers to tasks.o(i.xTaskCreate) for xTaskCreate
    main.o(i.AppTaskCreate) refers to tasks.o(i.vTaskDelete) for vTaskDelete
    main.o(i.AppTaskCreate) refers to port.o(i.vPortExitCritical) for vPortExitCritical
    main.o(i.AppTaskCreate) refers to main.o(.data) for .data
    main.o(i.AppTaskCreate) refers to main.o(i.LED_Task) for LED_Task
    main.o(i.AppTaskCreate) refers to main.o(i.KEY_Task) for KEY_Task
    main.o(i.AppTaskCreate) refers to main.o(i.PWM_DETECT_Task) for PWM_DETECT_Task
    main.o(i.AppTaskCreate) refers to main.o(i.LCD_Task) for LCD_Task
    main.o(i.HAL_TIM_PeriodElapsedCallback) refers to stm32f4xx_hal.o(i.HAL_IncTick) for HAL_IncTick
    main.o(i.KEY_Task) refers to stm32f4xx_hal_gpio.o(i.HAL_GPIO_ReadPin) for HAL_GPIO_ReadPin
    main.o(i.KEY_Task) refers to tasks.o(i.vTaskDelay) for vTaskDelay
    main.o(i.KEY_Task) refers to main.o(.data) for .data
    main.o(i.LCD_Task) refers to lcd.o(i.LCD_Show_Dynamic) for LCD_Show_Dynamic
    main.o(i.LCD_Task) refers to lcd_init.o(i.LCD_Init) for LCD_Init
    main.o(i.LCD_Task) refers to lcd.o(i.LCD_Show_Static) for LCD_Show_Static
    main.o(i.LCD_Task) refers to lcd_init.o(.data) for LCD_init_flag
    main.o(i.LED_Task) refers to tasks.o(i.vTaskDelay) for vTaskDelay
    main.o(i.LED_Task) refers to main.o(.data) for .data
    main.o(i.PWM_DETECT_Task) refers to d2f.o(.text) for __aeabi_d2f
    main.o(i.PWM_DETECT_Task) refers to bsp_time.o(i.Set_TIM3_PWM_CCRx) for Set_TIM3_PWM_CCRx
    main.o(i.PWM_DETECT_Task) refers to tasks.o(i.vTaskDelay) for vTaskDelay
    main.o(i.PWM_DETECT_Task) refers to main.o(.data) for .data
    main.o(i.StartDefaultTask) refers to cmsis_os.o(i.osDelay) for osDelay
    main.o(i.SystemClock_Config) refers to memseta.o(.text) for __aeabi_memclr4
    main.o(i.SystemClock_Config) refers to stm32f4xx_hal_rcc.o(i.HAL_RCC_OscConfig) for HAL_RCC_OscConfig
    main.o(i.SystemClock_Config) refers to stm32f4xx_hal_rcc.o(i.HAL_RCC_ClockConfig) for HAL_RCC_ClockConfig
    main.o(i.main) refers to stm32f4xx_hal.o(i.HAL_Init) for HAL_Init
[...]
    Removing cmsis_os.o(i.osMessageDelete), (24 bytes).
    Removing cmsis_os.o(i.osMessageGet), (148 bytes).
    Removing cmsis_os.o(i.osMessagePeek), (74 bytes).
    Removing cmsis_os.o(i.osMessagePut), (92 bytes).
    Removing cmsis_os.o(i.osMessageWaiting), (30 bytes).
    Removing cmsis_os.o(i.osMutexCreate), (16 bytes).
    Removing cmsis_os.o(i.osMutexDelete), (24 bytes).
    Removing cmsis_os.o(i.osMutexRelease), (80 bytes).
    Removing cmsis_os.o(i.osMutexWait), (100 bytes).
    Removing cmsis_os.o(i.osPoolAlloc), (106 bytes).
    Removing cmsis_os.o(i.osPoolCAlloc), (16 bytes).
    Removing cmsis_os.o(i.osPoolCreate), (94 bytes).
    Removing cmsis_os.o(i.osPoolFree), (48 bytes).
    Removing cmsis_os.o(i.osRecursiveMutexCreate), (4 bytes).
    Removing cmsis_os.o(i.osRecursiveMutexRelease), (4 bytes).
    Removing cmsis_os.o(i.osRecursiveMutexWait), (4 bytes).
    Removing cmsis_os.o(i.osSemaphoreCreate), (62 bytes).
    Removing cmsis_os.o(i.osSemaphoreDelete), (24 bytes).
    Removing cmsis_os.o(i.osSemaphoreGetCount), (4 bytes).
    Removing cmsis_os.o(i.osSemaphoreRelease), (80 bytes).
    Removing cmsis_os.o(i.osSemaphoreWait), (100 bytes).
    Removing cmsis_os.o(i.osSignalSet), (92 bytes).
    Removing cmsis_os.o(i.osSignalWait), (86 bytes).
    Removing cmsis_os.o(i.osSystickHandler), (20 bytes).
    Removing cmsis_os.o(i.osThreadCreate), (84 bytes).
    Removing cmsis_os.o(i.osThreadGetId), (4 bytes).
    Removing cmsis_os.o(i.osThreadGetPriority), (32 bytes).
    Removing cmsis_os.o(i.osThreadList), (4 bytes).
    Removing cmsis_os.o(i.osThreadResume), (52 bytes).
    Removing cmsis_os.o(i.osThreadResumeAll), (18 bytes).
    Removing cmsis_os.o(i.osThreadSetPriority), (22 bytes).
    Removing cmsis_os.o(i.osThreadSuspend), (10 bytes).
    Removing cmsis_os.o(i.osThreadSuspendAll), (10 bytes).
    Removing cmsis_os.o(i.osThreadTerminate), (10 bytes).
    Removing cmsis_os.o(i.osThreadYield), (24 bytes).
    Removing cmsis_os.o(i.osTimerCreate), (64 bytes).
    Removing cmsis_os.o(i.osTimerDelete), (44 bytes).
    Removing cmsis_os.o(i.osTimerStart), (92 bytes).
    Removing cmsis_os.o(i.osTimerStop), (88 bytes).
    Removing heap_4.o(i.vPortGetHeapStats), (108 bytes).
    Removing heap_4.o(i.vPortInitialiseBlocks), (2 bytes).
    Removing heap_4.o(i.xPortGetFreeHeapSize), (12 bytes).
    Removing heap_4.o(i.xPortGetMinimumEverFreeHeapSize), (12 bytes).
    Removing port.o(i.vPortEndScheduler), (32 bytes).
    Removing lcd.o(.rev16_text), (4 bytes).
    Removing lcd.o(.revsh_text), (4 bytes).
    Removing lcd.o(.rrx_text), (6 bytes).
    Removing lcd.o(i.Draw_Circle), (188 bytes).
    Removing lcd.o(i.LCD_Color_Fill), (80 bytes).
    Removing lcd.o(i.LCD_DrawLine), (156 bytes).
    Removing lcd.o(i.LCD_DrawRectangle), (68 bytes).
    Removing lcd.o(i.LCD_ShowChinese), (140 bytes).
    Removing lcd.o(i.LCD_ShowChinese12x12), (252 bytes).
    Removing lcd.o(i.LCD_ShowChinese16x16), (248 bytes).
    Removing lcd.o(i.LCD_ShowChinese24x24), (252 bytes).
    Removing lcd.o(i.LCD_ShowChinese32x32), (248 bytes).
    Removing lcd.o(i.LCD_ShowFloatNum1), (152 bytes).
    Removing lcd.o(i.LCD_ShowPicture), (80 bytes).
    Removing lcd_init.o(.rev16_text), (4 bytes).
    Removing lcd_init.o(.revsh_text), (4 bytes).
    Removing lcd_init.o(.rrx_text), (6 bytes).
    Removing lcd_init.o(i.LCD_WR_DATA8), (4 bytes).
    Removing lcdfont.o(.rev16_text), (4 bytes).
    Removing lcdfont.o(.revsh_text), (4 bytes).
    Removing lcdfont.o(.rrx_text), (6 bytes).
    Removing lcdfont.o(.constdata), (7800 bytes).
    Removing lcdfont.o(.constdata), (10200 bytes).
    Removing lcdfont.o(.constdata), (22200 bytes).
    Removing lcdfont.o(.constdata), (39000 bytes).

535 unused section(s) (total 116700 bytes) removed from the image.

==============================================================================

Image Symbol Table

    Local Symbols

    Symbol Name                              Value     Ov Type        Size  Object(Section)

    ../Core/Src/freertos.c                   0x00000000   Number         0  freertos.o ABSOLUTE
    ../Core/Src/main.c                       0x00000000   Number         0  main.o ABSOLUTE
    ../Core/Src/stm32f4xx_hal_msp.c          0x00000000   Number         0  stm32f4xx_hal_msp.o ABSOLUTE
    ../Core/Src/stm32f4xx_hal_timebase_tim.c 0x00000000   Number         0  stm32f4xx_hal_timebase_tim.o ABSOLUTE
    ../Core/Src/stm32f4xx_it.c               0x00000000   Number         0  stm32f4xx_it.o ABSOLUTE
    ../Core/Src/system_stm32f4xx.c           0x00000000   Number         0  system_stm32f4xx.o ABSOLUTE
    ../Drivers/STM32F4xx_HAL_Driver/Src/stm32f4xx_hal.c 0x00000000   Number         0  stm32f4xx_hal.o ABSOLUTE
    ../Drivers/STM32F4xx_HAL_Driver/Src/stm32f4xx_hal_cortex.c 0x00000000   Number         0  stm32f4xx_hal_cortex.o ABSOLUTE
    ../Drivers/STM32F4xx_HAL_Driver/Src/stm32f4xx_hal_dma.c 0x00000000   Number         0  stm32f4xx_hal_dma.o ABSOLUTE
    ../Drivers/STM32F4xx_HAL_Driver/Src/stm32f4xx_hal_dma_ex.c 0x00000000   Number         0  stm32f4xx_hal_dma_ex.o ABSOLUTE
    ../Drivers/STM32F4xx_HAL_Driver/Src/stm32f4xx_hal_exti.c 0x00000000   Number         0  stm32f4xx_hal_exti.o ABSOLUTE
    ../Drivers/STM32F4xx_HAL_Driver/Src/stm32f4xx_hal_flash.c 0x00000000   Number         0  stm32f4xx_hal_flash.o ABSOLUTE
    ../Drivers/STM32F4xx_HAL_Driver/Src/stm32f4xx_hal_flash_ex.c 0x00000000   Number         0  stm32f4xx_hal_flash_ex.o ABSOLUTE
    ../Drivers/STM32F4xx_HAL_Driver/Src/stm32f4xx_hal_flash_ramfunc.c 0x00000000   Number         0  stm32f4xx_hal_flash_ramfunc.o ABSOLUTE
    ../Drivers/STM32F4xx_HAL_Driver/Src/stm32f4xx_hal_gpio.c 0x00000000   Number         0  stm32f4xx_hal_gpio.o ABSOLUTE
    ../Drivers/STM32F4xx_HAL_Driver/Src/stm32f4xx_hal_pwr.c 0x00000000   Number         0  stm32f4xx_hal_pwr.o ABSOLUTE
    ../Drivers/STM32F4xx_HAL_Driver/Src/stm32f4xx_hal_pwr_ex.c 0x00000000   Number         0  stm32f4xx_hal_pwr_ex.o ABSOLUTE
    ../Drivers/STM32F4xx_HAL_Driver/Src/stm32f4xx_hal_rcc.c 0x00000000   Number         0  stm32f4xx_hal_rcc.o ABSOLUTE
    ../Drivers/STM32F4xx_HAL_Driver/Src/stm32f4xx_hal_rcc_ex.c 0x00000000   Number         0  stm32f4xx_hal_rcc_ex.o ABSOLUTE
    ../Drivers/STM32F4xx_HAL_Driver/Src/stm32f4xx_hal_tim.c 0x00000000   Number         0  stm32f4xx_hal_tim.o ABSOLUTE
    ../Drivers/STM32F4xx_HAL_Driver/Src/stm32f4xx_hal_tim_ex.c 0x00000000   Number         0  stm32f4xx_hal_tim_ex.o ABSOLUTE
    ../Middlewares/Third_Party/FreeRTOS/Source/CMSIS_RTOS/cmsis_os.c 0x00000000   Number         0  cmsis_os.o ABSOLUTE
    ../Middlewares/Third_Party/FreeRTOS/Source/croutine.c 0x00000000   Number         0  croutine.o ABSOLUTE
    ../Middlewares/Third_Party/FreeRTOS/Source/event_groups.c 0x00000000   Number         0  event_groups.o ABSOLUTE
    ../Middlewares/Third_Party/FreeRTOS/Source/list.c 0x00000000   Number         0  list.o ABSOLUTE
    ../Middlewares/Third_Party/FreeRTOS/Source/portable/MemMang/heap_4.c 0x00000000   Number         0  heap_4.o ABSOLUTE
    ../Middlewares/Third_Party/FreeRTOS/Source/portable/RVDS/ARM_CM4F/port.c 0x00000000   Number         0  port.o ABSOLUTE
    ../Middlewares/Third_Party/FreeRTOS/Source/queue.c 0x00000000   Number         0  queue.o ABSOLUTE
    ../Middlewares/Third_Party/FreeRTOS/Source/stream_buffer.c 0x00000000   Number         0  stream_buffer.o ABSOLUTE
    ../Middlewares/Third_Party/FreeRTOS/Source/tasks.c 0x00000000   Number         0  tasks.o ABSOLUTE
    ../Middlewares/Third_Party/FreeRTOS/Source/timers.c 0x00000000   Number         0  timers.o ABSOLUTE
    ../clib/microlib/division.c              0x00000000   Number         0  uldiv.o ABSOLUTE
    ../clib/microlib/init/entry.s            0x00000000   Number         0  entry.o ABSOLUTE
    ../clib/microlib/init/entry.s            0x00000000   Number         0  entry2.o ABSOLUTE
    ../clib/microlib/init/entry.s            0x00000000   Number         0  entry12b.o ABSOLUTE
    ../clib/microlib/init/entry.s            0x00000000   Number         0  entry12a.o ABSOLUTE
    ../clib/microlib/init/entry.s            0x00000000   Number         0  entry11b.o ABSOLUTE
    ../clib/microlib/init/entry.s            0x00000000   Number         0  entry11a.o ABSOLUTE
    ../clib/microlib/init/entry.s            0x00000000   Number         0  entry10b.o ABSOLUTE
    ../clib/microlib/init/entry.s            0x00000000   Number         0  entry10a.o ABSOLUTE
    ../clib/microlib/init/entry.s            0x00000000   Number         0  entry5.o ABSOLUTE
    ../clib/microlib/init/entry.s            0x00000000   Number         0  entry9b.o ABSOLUTE
    ../clib/microlib/init/entry.s            0x00000000   Number         0  entry9a.o ABSOLUTE
    ../clib/microlib/init/entry.s            0x00000000   Number         0  entry7a.o ABSOLUTE
    ../clib/microlib/init/entry.s            0x00000000   Number         0  entry8b.o ABSOLUTE
    ../clib/microlib/init/entry.s            0x00000000   Number         0  entry8a.o ABSOLUTE
    ../clib/microlib/init/entry.s            0x00000000   Number         0  entry7b.o ABSOLUTE
    ../clib/microlib/longlong.c              0x00000000   Number         0  llshl.o ABSOLUTE
    ../clib/microlib/longlong.c              0x00000000   Number         0  llushr.o ABSOLUTE
    ../clib/microlib/string/memcpy.c         0x00000000   Number         0  memcpya.o ABSOLUTE
    ../clib/microlib/string/memcpy.c         0x00000000   Number         0  memcpyb.o ABSOLUTE
    ../clib/microlib/string/memset.c         0x00000000   Number         0  memset.o ABSOLUTE
    ../clib/microlib/string/memset.c         0x00000000   Number         0  memseta.o ABSOLUTE
    ../clib/microlib/stubs.s                 0x00000000   Number         0  iusefp.o ABSOLUTE
    ../fplib/microlib/d2f.c                  0x00000000   Number         0  d2f.o ABSOLUTE
    ../fplib/microlib/fpepilogue.c           0x00000000   Number         0  fepilogue.o ABSOLUTE
    ..\Core\Src\bsp_gpio.c                   0x00000000   Number         0  bsp_gpio.o ABSOLUTE
    ..\Core\Src\bsp_time.c                   0x00000000   Number         0  bsp_time.o ABSOLUTE
    ..\Core\Src\freertos.c                   0x00000000   Number         0  freertos.o ABSOLUTE
    ..\Core\Src\main.c                       0x00000000   Number         0  main.o ABSOLUTE
    ..\Core\Src\stm32f4xx_hal_msp.c          0x00000000   Number         0  stm32f4xx_hal_msp.o ABSOLUTE
    ..\Core\Src\stm32f4xx_hal_timebase_tim.c 0x00000000   Number         0  stm32f4xx_hal_timebase_tim.o ABSOLUTE
    ..\Core\Src\stm32f4xx_it.c               0x00000000   Number         0  stm32f4xx_it.o ABSOLUTE
    ..\Core\Src\system_stm32f4xx.c           0x00000000   Number         0  system_stm32f4xx.o ABSOLUTE
    ..\Drivers\STM32F4xx_HAL_Driver\Src\stm32f4xx_hal.c 0x00000000   Number         0  stm32f4xx_hal.o ABSOLUTE
    ..\Drivers\STM32F4xx_HAL_Driver\Src\stm32f4xx_hal_cortex.c 0x00000000   Number         0  stm32f4xx_hal_cortex.o ABSOLUTE
    ..\Drivers\STM32F4xx_HAL_Driver\Src\stm32f4xx_hal_dma.c 0x00000000   Number         0  stm32f4xx_hal_dma.o ABSOLUTE
    ..\Drivers\STM32F4xx_HAL_Driver\Src\stm32f4xx_hal_dma_ex.c 0x00000000   Number         0  stm32f4xx_hal_dma_ex.o ABSOLUTE
    ..\Drivers\STM32F4xx_HAL_Driver\Src\stm32f4xx_hal_exti.c 0x00000000   Number         0  stm32f4xx_hal_exti.o ABSOLUTE
    ..\Drivers\STM32F4xx_HAL_Driver\Src\stm32f4xx_hal_flash.c 0x00000000   Number         0  stm32f4xx_hal_flash.o ABSOLUTE
    ..\Drivers\STM32F4xx_HAL_Driver\Src\stm32f4xx_hal_flash_ex.c 0x00000000   Number         0  stm32f4xx_hal_flash_ex.o ABSOLUTE
    ..\Drivers\STM32F4xx_HAL_Driver\Src\stm32f4xx_hal_flash_ramfunc.c 0x00000000   Number         0  stm32f4xx_hal_flash_ramfunc.o ABSOLUTE
    ..\Drivers\STM32F4xx_HAL_Driver\Src\stm32f4xx_hal_gpio.c 0x00000000   Number         0  stm32f4xx_hal_gpio.o ABSOLUTE
    ..\Drivers\STM32F4xx_HAL_Driver\Src\stm32f4xx_hal_pwr.c 0x00000000   Number         0  stm32f4xx_hal_pwr.o ABSOLUTE
    ..\Drivers\STM32F4xx_HAL_Driver\Src\stm32f4xx_hal_pwr_ex.c 0x00000000   Number         0  stm32f4xx_hal_pwr_ex.o ABSOLUTE
    ..\Drivers\STM32F4xx_HAL_Driver\Src\stm32f4xx_hal_rcc.c 0x00000000   Number         0  stm32f4xx_hal_rcc.o ABSOLUTE
    ..\Drivers\STM32F4xx_HAL_Driver\Src\stm32f4xx_hal_rcc_ex.c 0x00000000   Number         0  stm32f4xx_hal_rcc_ex.o ABSOLUTE
    ..\Drivers\STM32F4xx_HAL_Driver\Src\stm32f4xx_hal_tim.c 0x00000000   Number         0  stm32f4xx_hal_tim.o ABSOLUTE
    ..\Drivers\STM32F4xx_HAL_Driver\Src\stm32f4xx_hal_tim_ex.c 0x00000000   Number         0  stm32f4xx_hal_tim_ex.o ABSOLUTE
    ..\Middlewares\LCD\lcd.c                 0x00000000   Number         0  lcd.o ABSOLUTE
    ..\Middlewares\LCD\lcd_init.c            0x00000000   Number         0  lcd_init.o ABSOLUTE
    ..\Middlewares\LCD\lcdfont.c             0x00000000   Number         0  lcdfont.o ABSOLUTE
    ..\Middlewares\Third_Party\FreeRTOS\Source\CMSIS_RTOS\cmsis_os.c 0x00000000   Number         0  cmsis_os.o ABSOLUTE
    ..\Middlewares\Third_Party\FreeRTOS\Source\portable\RVDS\ARM_CM4F\port.c 0x00000000   Number         0  port.o ABSOLUTE
    ..\\Core\\Src\\bsp_gpio.c                0x00000000   Number         0  bsp_gpio.o ABSOLUTE
    ..\\Core\\Src\\bsp_time.c                0x00000000   Number         0  bsp_time.o ABSOLUTE
    ..\\Middlewares\\LCD\\lcd.c              0x00000000   Number         0  lcd.o ABSOLUTE
    ..\\Middlewares\\LCD\\lcd_init.c         0x00000000   Number         0  lcd_init.o ABSOLUTE
    ..\\Middlewares\\LCD\\lcdfont.c          0x00000000   Number         0  lcdfont.o ABSOLUTE
    dc.s                                     0x00000000   Number         0  dc.o ABSOLUTE
    handlers.s                               0x00000000   Number         0  handlers.o ABSOLUTE
    init.s                                   0x00000000   Number         0  init.o ABSOLUTE
    startup_stm32f401xe.s                    0x00000000   Number         0  startup_stm32f401xe.o ABSOLUTE
    RESET                                    0x08000000   Section      404  startup_stm32f401xe.o(RESET)
    .ARM.Collect$$$$00000000                 0x08000194   Section        0  entry.o(.ARM.Collect$$$$00000000)
    .ARM.Collect$$$$00000001                 0x08000194   Section        4  entry2.o(.ARM.Collect$$$$00000001)
    .ARM.Collect$$$$00000004                 0x08000198   Section        4  entry5.o(.ARM.Collect$$$$00000004)
    .ARM.Collect$$$$00000008                 0x0800019c   Section        0  entry7b.o(.ARM.Collect$$$$00000008)
    .ARM.Collect$$$$0000000A                 0x0800019c   Section        0  entry8b.o(.ARM.Collect$$$$0000000A)
    .ARM.Collect$$$$0000000B                 0x0800019c   Section        8  entry9a.o(.ARM.Collect$$$$0000000B)
    .ARM.Collect$$$$0000000E                 0x080001a4   Section        4  entry12b.o(.ARM.Collect$$$$0000000E)
    .ARM.Collect$$$$0000000F                 0x080001a8   Section        0  entry10a.o(.ARM.Collect$$$$0000000F)
    .ARM.Collect$$$$00000011                 0x080001a8   Section        0  entry11a.o(.ARM.Collect$$$$00000011)
    .ARM.Collect$$$$00002712                 0x080001a8   Section        4  entry2.o(.ARM.Collect$$$$00002712)
    __lit__00000000                          0x080001a8   Data           4  entry2.o(.ARM.Collect$$$$00002712)
    .emb_text                                0x080001ac   Section      190  port.o(.emb_text)
    $v0                                      0x080001ac   Number         0  port.o(.emb_text)
    .text                                    0x0800026c   Section       36  startup_stm32f401xe.o(.text)
    $v0                                      0x0800026c   Number         0  startup_stm32f401xe.o(.text)
    .text                                    0x08000290   Section        0  uldiv.o(.text)
    .text                                    0x080002f2   Section        0  memcpya.o(.text)
    .text                                    0x08000316   Section        0  memseta.o(.text)
    .text                                    0x0800033a   Section        0  d2f.o(.text)
    .text                                    0x08000372   Section        0  llshl.o(.text)
    .text                                    0x08000390   Section        0  llushr.o(.text)
    .text                                    0x080003b0   Section        0  fepilogue.o(.text)
    .text                                    0x080003b0   Section        0  iusefp.o(.text)
    .text                                    0x08000420   Section       36  init.o(.text)
    i.AppTaskCreate                          0x08000444   Section        0  main.o(i.AppTaskCreate)
    AppTaskCreate                            0x08000445   Thumb Code   120  main.o(i.AppTaskCreate)
    i.BusFault_Handler                       0x08000504   Section        0  stm32f4xx_it.o(i.BusFault_Handler)
    i.DebugMon_Handler                       0x08000506   Section        0  stm32f4xx_it.o(i.DebugMon_Handler)
    i.Error_Handler                          0x08000508   Section        0  main.o(i.Error_Handler)
    i.HAL_GPIO_Init                          0x0800050c   Section        0  stm32f4xx_hal_gpio.o(i.HAL_GPIO_Init)
    i.HAL_GPIO_ReadPin                       0x080006ec   Section        0  stm32f4xx_hal_gpio.o(i.HAL_GPIO_ReadPin)
    i.HAL_GPIO_WritePin                      0x080006f6   Section        0  stm32f4xx_hal_gpio.o(i.HAL_GPIO_WritePin)
    i.HAL_GetTick                            0x08000700   Section        0  stm32f4xx_hal.o(i.HAL_GetTick)
    i.HAL_IncTick                            0x0800070c   Section        0  stm32f4xx_hal.o(i.HAL_IncTick)
    i.HAL_Init                               0x0800071c   Section        0  stm32f4xx_hal.o(i.HAL_Init)
    i.HAL_InitTick                           0x08000750   Section        0  stm32f4xx_hal_timebase_tim.o(i.HAL_InitTick)
    i.HAL_MspInit                            0x080007dc   Section        0  stm32f4xx_hal_msp.o(i.HAL_MspInit)
    i.HAL_NVIC_EnableIRQ                     0x08000814   Section        0  stm32f4xx_hal_cortex.o(i.HAL_NVIC_EnableIRQ)
    i.HAL_NVIC_SetPriority                   0x08000830   Section        0  stm32f4xx_hal_cortex.o(i.HAL_NVIC_SetPriority)
    i.HAL_NVIC_SetPriorityGrouping           0x08000870   Section        0  stm32f4xx_hal_cortex.o(i.HAL_NVIC_SetPriorityGrouping)
    i.HAL_RCC_ClockConfig                    0x08000894   Section        0  stm32f4xx_hal_rcc.o(i.HAL_RCC_ClockConfig)
    i.HAL_RCC_GetClockConfig                 0x080009c8   Section        0  stm32f4xx_hal_rcc.o(i.HAL_RCC_GetClockConfig)
    i.HAL_RCC_GetPCLK2Freq                   0x08000a08   Section        0  stm32f4xx_hal_rcc.o(i.HAL_RCC_GetPCLK2Freq)
    i.HAL_RCC_GetSysClockFreq                0x08000a28   Section        0  stm32f4xx_hal_rcc.o(i.HAL_RCC_GetSysClockFreq)
    i.HAL_RCC_OscConfig                      0x08000a8c   Section        0  stm32f4xx_hal_rcc.o(i.HAL_RCC_OscConfig)
    i.HAL_TIMEx_BreakCallback                0x08000df8   Section        0  stm32f4xx_hal_tim_ex.o(i.HAL_TIMEx_BreakCallback)
    i.HAL_TIMEx_CommutCallback               0x08000dfa   Section        0  stm32f4xx_hal_tim_ex.o(i.HAL_TIMEx_CommutCallback)
    i.HAL_TIMEx_MasterConfigSynchronization  0x08000dfc   Section        0  stm32f4xx_hal_tim_ex.o(i.HAL_TIMEx_MasterConfigSynchronization)
    i.HAL_TIM_Base_Init                      0x08000e78   Section        0  stm32f4xx_hal_tim.o(i.HAL_TIM_Base_Init)
    i.HAL_TIM_Base_MspInit                   0x08000ed4   Section        0  stm32f4xx_hal_msp.o(i.HAL_TIM_Base_MspInit)
    i.HAL_TIM_Base_Start_IT                  0x08000efc   Section        0  stm32f4xx_hal_tim.o(i.HAL_TIM_Base_Start_IT)
    i.HAL_TIM_ConfigClockSource              0x08000f68   Section        0  stm32f4xx_hal_tim.o(i.HAL_TIM_ConfigClockSource)
    i.HAL_TIM_IC_CaptureCallback             0x08001044   Section        0  stm32f4xx_hal_tim.o(i.HAL_TIM_IC_CaptureCallback)
    i.HAL_TIM_IRQHandler                     0x08001046   Section        0  stm32f4xx_hal_tim.o(i.HAL_TIM_IRQHandler)
    i.HAL_TIM_MspPostInit                    0x08001178   Section        0  stm32f4xx_hal_msp.o(i.HAL_TIM_MspPostInit)
    i.HAL_TIM_OC_DelayElapsedCallback        0x080011f0   Section        0  stm32f4xx_hal_tim.o(i.HAL_TIM_OC_DelayElapsedCallback)
    i.HAL_TIM_PWM_ConfigChannel              0x080011f2   Section        0  stm32f4xx_hal_tim.o(i.HAL_TIM_PWM_ConfigChannel)
    i.HAL_TIM_PWM_Init                       0x080012be   Section        0  stm32f4xx_hal_tim.o(i.HAL_TIM_PWM_Init)
    i.HAL_TIM_PWM_MspInit                    0x08001318   Section        0  stm32f4xx_hal_tim.o(i.HAL_TIM_PWM_MspInit)
    i.HAL_TIM_PWM_PulseFinishedCallback      0x0800131a   Section        0  stm32f4xx_hal_tim.o(i.HAL_TIM_PWM_PulseFinishedCallback)
    i.HAL_TIM_PWM_Start                      0x0800131c   Section        0  stm32f4xx_hal_tim.o(i.HAL_TIM_PWM_Start)
    i.HAL_TIM_PeriodElapsedCallback          0x080013cc   Section        0  main.o(i.HAL_TIM_PeriodElapsedCallback)
    i.HAL_TIM_TriggerCallback                0x080013e0   Section        0  stm32f4xx_hal_tim.o(i.HAL_TIM_TriggerCallback)
    i.HardFault_Handler                      0x080013e2   Section        0  stm32f4xx_it.o(i.HardFault_Handler)
    i.KEY_Task                               0x080013e4   Section        0  main.o(i.KEY_Task)
    KEY_Task                                 0x080013e5   Thumb Code    74  main.o(i.KEY_Task)
    i.LCD_Address_Set                        0x08001438   Section        0  lcd_init.o(i.LCD_Address_Set)
    i.LCD_DrawPoint                          0x08001472   Section        0  lcd.o(i.LCD_DrawPoint)
    i.LCD_Fill                               0x08001488   Section        0  lcd.o(i.LCD_Fill)
    i.LCD_Init                               0x080014c8   Section        0  lcd_init.o(i.LCD_Init)
    i.LCD_ShowChar                           0x08001688   Section        0  lcd.o(i.LCD_ShowChar)
    i.LCD_ShowIntNum                         0x08001794   Section        0  lcd.o(i.LCD_ShowIntNum)
    i.LCD_ShowString                         0x08001812   Section        0  lcd.o(i.LCD_ShowString)
    i.LCD_Show_Dynamic                       0x0800184c   Section        0  lcd.o(i.LCD_Show_Dynamic)
    i.LCD_Show_Static                        0x0800187c   Section        0  lcd.o(i.LCD_Show_Static)
    i.LCD_Task                               0x08001904   Section        0  main.o(i.LCD_Task)
    LCD_Task                                 0x08001905   Thumb Code    28  main.o(i.LCD_Task)
    i.LCD_WR_DATA                            0x08001924   Section        0  lcd_init.o(i.LCD_WR_DATA)
    i.LCD_WR_REG                             0x08001938   Section        0  lcd_init.o(i.LCD_WR_REG)
    i.LCD_Writ_Bus                           0x08001960   Section        0  lcd_init.o(i.LCD_Writ_Bus)
    i.LED_Task                               0x080019ac   Section        0  main.o(i.LED_Task)
    LED_Task                                 0x080019ad   Thumb Code    34  main.o(i.LED_Task)
    i.MX_GPIO_Init                           0x080019d8   Section        0  bsp_gpio.o(i.MX_GPIO_Init)
    i.MX_TIM3_Init                           0x08001a84   Section        0  bsp_time.o(i.MX_TIM3_Init)
    i.MemManage_Handler                      0x08001b70   Section        0  stm32f4xx_it.o(i.MemManage_Handler)
    i.NMI_Handler                            0x08001b72   Section        0  stm32f4xx_it.o(i.NMI_Handler)
    i.PWM_DETECT_Task                        0x08001b74   Section        0  main.o(i.PWM_DETECT_Task)
    PWM_DETECT_Task                          0x08001b75   Thumb Code    38  main.o(i.PWM_DETECT_Task)
    i.Set_TIM3_PWM_CCRx                      0x08001ba0   Section        0  bsp_time.o(i.Set_TIM3_PWM_CCRx)
    i.SysTick_Handler                        0x08001c10   Section        0  port.o(i.SysTick_Handler)
    i.SystemClock_Config                     0x08001c3c   Section        0  main.o(i.SystemClock_Config)
    i.SystemInit                             0x08001cd0   Section        0  system_stm32f4xx.o(i.SystemInit)
    i.TIM1_UP_TIM10_IRQHandler               0x08001ce0   Section        0  stm32f4xx_it.o(i.TIM1_UP_TIM10_IRQHandler)
    i.TIM_Base_SetConfig                     0x08001cec   Section        0  stm32f4xx_hal_tim.o(i.TIM_Base_SetConfig)
    i.TIM_CCxChannelCmd                      0x08001d90   Section        0  stm32f4xx_hal_tim.o(i.TIM_CCxChannelCmd)
    i.TIM_ETR_SetConfig                      0x08001daa   Section        0  stm32f4xx_hal_tim.o(i.TIM_ETR_SetConfig)
    i.TIM_ITRx_SetConfig                     0x08001dbe   Section        0  stm32f4xx_hal_tim.o(i.TIM_ITRx_SetConfig)
    TIM_ITRx_SetConfig                       0x08001dbf   Thumb Code    16  stm32f4xx_hal_tim.o(i.TIM_ITRx_SetConfig)
    i.TIM_OC1_SetConfig                      0x08001dd0   Section        0  stm32f4xx_hal_tim.o(i.TIM_OC1_SetConfig)
    TIM_OC1_SetConfig                        0x08001dd1   Thumb Code    74  stm32f4xx_hal_tim.o(i.TIM_OC1_SetConfig)
    i.TIM_OC2_SetConfig                      0x08001e20   Section        0  stm32f4xx_hal_tim.o(i.TIM_OC2_SetConfig)
    i.TIM_OC3_SetConfig                      0x08001e78   Section        0  stm32f4xx_hal_tim.o(i.TIM_OC3_SetConfig)
    TIM_OC3_SetConfig                        0x08001e79   Thumb Code    82  stm32f4xx_hal_tim.o(i.TIM_OC3_SetConfig)
    i.TIM_OC4_SetConfig                      0x08001ed0   Section        0  stm32f4xx_hal_tim.o(i.TIM_OC4_SetConfig)
    TIM_OC4_SetConfig                        0x08001ed1   Thumb Code    64  stm32f4xx_hal_tim.o(i.TIM_OC4_SetConfig)
    i.TIM_TI1_ConfigInputStage               0x08001f14   Section        0  stm32f4xx_hal_tim.o(i.TIM_TI1_ConfigInputStage)
    TIM_TI1_ConfigInputStage                 0x08001f15   Thumb Code    34  stm32f4xx_hal_tim.o(i.TIM_TI1_ConfigInputStage)
    i.TIM_TI2_ConfigInputStage               0x08001f36   Section        0  stm32f4xx_hal_tim.o(i.TIM_TI2_ConfigInputStage)
    TIM_TI2_ConfigInputStage                 0x08001f37   Thumb Code    36  stm32f4xx_hal_tim.o(i.TIM_TI2_ConfigInputStage)
    i.UsageFault_Handler                     0x08001f5a   Section        0  stm32f4xx_it.o(i.UsageFault_Handler)
    i.__NVIC_SetPriority                     0x08001f5c   Section        0  stm32f4xx_hal_cortex.o(i.__NVIC_SetPriority)
    __NVIC_SetPriority                       0x08001f5d   Thumb Code    32  stm32f4xx_hal_cortex.o(i.__NVIC_SetPriority)
    i.__scatterload_copy                     0x08001f7c   Section       14  handlers.o(i.__scatterload_copy)
    i.__scatterload_null                     0x08001f8a   Section        2  handlers.o(i.__scatterload_null)
    i.__scatterload_zeroinit                 0x08001f8c   Section       14  handlers.o(i.__scatterload_zeroinit)
    i.main                                   0x08001f9c   Section        0  main.o(i.main)
    i.mypow                                  0x08001fe4   Section        0  lcd.o(i.mypow)
    i.prvAddCurrentTaskToDelayedList         0x08001ff4   Section        0  tasks.o(i.prvAddCurrentTaskToDelayedList)
    prvAddCurrentTaskToDelayedList           0x08001ff5   Thumb Code   102  tasks.o(i.prvAddCurrentTaskToDelayedList)
    i.prvAddNewTaskToReadyList               0x08002064   Section        0  tasks.o(i.prvAddNewTaskToReadyList)
    prvAddNewTaskToReadyList                 0x08002065   Thumb Code   190  tasks.o(i.prvAddNewTaskToReadyList)
    i.prvCheckForValidListAndQueue           0x08002134   Section        0  timers.o(i.prvCheckForValidListAndQueue)
    prvCheckForValidListAndQueue             0x08002135   Thumb Code    72  timers.o(i.prvCheckForValidListAndQueue)
    i.prvCopyDataFromQueue                   0x0800218c   Section        0  queue.o(i.prvCopyDataFromQueue)
    prvCopyDataFromQueue                     0x0800218d   Thumb Code    38  queue.o(i.prvCopyDataFromQueue)
    i.prvCopyDataToQueue                     0x080021b2   Section        0  queue.o(i.prvCopyDataToQueue)
    prvCopyDataToQueue                       0x080021b3   Thumb Code   108  queue.o(i.prvCopyDataToQueue)
    i.prvDeleteTCB                           0x0800221e   Section        0  tasks.o(i.prvDeleteTCB)
    prvDeleteTCB                             0x0800221f   Thumb Code    52  tasks.o(i.prvDeleteTCB)
    i.prvHeapInit                            0x08002254   Section        0  heap_4.o(i.prvHeapInit)
    prvHeapInit                              0x08002255   Thumb Code    66  heap_4.o(i.prvHeapInit)
    i.prvIdleTask                            0x080022a0   Section        0  tasks.o(i.prvIdleTask)
    prvIdleTask                              0x080022a1   Thumb Code    82  tasks.o(i.prvIdleTask)
    i.prvInitialiseNewQueue                  0x08002300   Section        0  queue.o(i.prvInitialiseNewQueue)
    prvInitialiseNewQueue                    0x08002301   Thumb Code    22  queue.o(i.prvInitialiseNewQueue)
    i.prvInitialiseNewTask                   0x08002316   Section        0  tasks.o(i.prvInitialiseNewTask)
    prvInitialiseNewTask                     0x08002317   Thumb Code   152  tasks.o(i.prvInitialiseNewTask)
    i.prvInsertBlockIntoFreeList             0x080023b0   Section        0  heap_4.o(i.prvInsertBlockIntoFreeList)
    prvInsertBlockIntoFreeList               0x080023b1   Thumb Code    72  heap_4.o(i.prvInsertBlockIntoFreeList)
    i.prvInsertTimerInActiveList             0x080023fc   Section        0  timers.o(i.prvInsertTimerInActiveList)
    prvInsertTimerInActiveList               0x080023fd   Thumb Code    52  timers.o(i.prvInsertTimerInActiveList)
    i.prvIsQueueEmpty                        0x08002434   Section        0  queue.o(i.prvIsQueueEmpty)
    prvIsQueueEmpty                          0x08002435   Thumb Code    28  queue.o(i.prvIsQueueEmpty)
    i.prvProcessReceivedCommands             0x08002450   Section        0  timers.o(i.prvProcessReceivedCommands)
    prvProcessReceivedCommands               0x08002451   Thumb Code   234  timers.o(i.prvProcessReceivedCommands)
    i.prvProcessTimerOrBlockTask             0x08002540   Section        0  timers.o(i.prvProcessTimerOrBlockTask)
    prvProcessTimerOrBlockTask               0x08002541   Thumb Code   182  timers.o(i.prvProcessTimerOrBlockTask)
    i.prvResetNextTaskUnblockTime            0x08002600   Section        0  tasks.o(i.prvResetNextTaskUnblockTime)
    prvResetNextTaskUnblockTime              0x08002601   Thumb Code    26  tasks.o(i.prvResetNextTaskUnblockTime)
    i.prvSampleTimeNow                       0x08002620   Section        0  timers.o(i.prvSampleTimeNow)
    prvSampleTimeNow                         0x08002621   Thumb Code    36  timers.o(i.prvSampleTimeNow)
    i.prvSwitchTimerLists                    0x08002648   Section        0  timers.o(i.prvSwitchTimerLists)
    prvSwitchTimerLists                      0x08002649   Thumb Code   104  timers.o(i.prvSwitchTimerLists)
    i.prvTaskExitError                       0x080026b4   Section        0  port.o(i.prvTaskExitError)
    prvTaskExitError                         0x080026b5   Thumb Code    36  port.o(i.prvTaskExitError)
    i.prvTimerTask                           0x080026dc   Section        0  timers.o(i.prvTimerTask)
    prvTimerTask                             0x080026dd   Thumb Code    32  timers.o(i.prvTimerTask)
    i.prvUnlockQueue                         0x08002700   Section        0  queue.o(i.prvUnlockQueue)
    prvUnlockQueue                           0x08002701   Thumb Code   106  queue.o(i.prvUnlockQueue)
    i.pvPortMalloc                           0x0800276c   Section        0  heap_4.o(i.pvPortMalloc)
    i.pxPortInitialiseStack                  0x08002848   Section        0  port.o(i.pxPortInitialiseStack)
    i.uxListRemove                           0x08002874   Section        0  list.o(i.uxListRemove)
    i.vApplicationGetIdleTaskMemory          0x0800289c   Section        0  freertos.o(i.vApplicationGetIdleTaskMemory)
    i.vApplicationGetTimerTaskMemory         0x080028b0   Section        0  freertos.o(i.vApplicationGetTimerTaskMemory)
    i.vListInitialise                        0x080028c8   Section        0  list.o(i.vListInitialise)
    i.vListInitialiseItem                    0x080028de   Section        0  list.o(i.vListInitialiseItem)
    i.vListInsert                            0x080028e4   Section        0  list.o(i.vListInsert)
    i.vListInsertEnd                         0x08002914   Section        0  list.o(i.vListInsertEnd)
    i.vPortEnterCritical                     0x0800292c   Section        0  port.o(i.vPortEnterCritical)
    i.vPortExitCritical                      0x0800296c   Section        0  port.o(i.vPortExitCritical)
    i.vPortFree                              0x08002994   Section        0  heap_4.o(i.vPortFree)
    i.vPortSetupTimerInterrupt               0x080029f8   Section        0  port.o(i.vPortSetupTimerInterrupt)
    i.vPortValidateInterruptPriority         0x08002a1c   Section        0  port.o(i.vPortValidateInterruptPriority)
    i.vQueueAddToRegistry                    0x08002a70   Section        0  queue.o(i.vQueueAddToRegistry)
    i.vQueueWaitForMessageRestricted         0x08002a98   Section        0  queue.o(i.vQueueWaitForMessageRestricted)
    i.vTaskDelay                             0x08002adc   Section        0  tasks.o(i.vTaskDelay)
    i.vTaskDelete                            0x08002b28   Section        0  tasks.o(i.vTaskDelete)
    i.vTaskInternalSetTimeOutState           0x08002bd4   Section        0  tasks.o(i.vTaskInternalSetTimeOutState)
    i.vTaskMissedYield                       0x08002be4   Section        0  tasks.o(i.vTaskMissedYield)
    i.vTaskPlaceOnEventList                  0x08002bf0   Section        0  tasks.o(i.vTaskPlaceOnEventList)
    i.vTaskPlaceOnEventListRestricted        0x08002c20   Section        0  tasks.o(i.vTaskPlaceOnEventListRestricted)
    i.vTaskStartScheduler                    0x08002c58   Section        0  tasks.o(i.vTaskStartScheduler)
    i.vTaskSuspendAll                        0x08002ce0   Section        0  tasks.o(i.vTaskSuspendAll)
    i.vTaskSwitchContext                     0x08002cf0   Section        0  tasks.o(i.vTaskSwitchContext)
    i.xPortStartScheduler                    0x08002d4c   Section        0  port.o(i.xPortStartScheduler)
    i.xQueueGenericCreateStatic              0x08002e40   Section        0  queue.o(i.xQueueGenericCreateStatic)
    i.xQueueGenericReset                     0x08002ea8   Section        0  queue.o(i.xQueueGenericReset)
    i.xQueueGenericSend                      0x08002f30   Section        0  queue.o(i.xQueueGenericSend)
    i.xQueueGenericSendFromISR               0x08003090   Section        0  queue.o(i.xQueueGenericSendFromISR)
    i.xQueueReceive                          0x08003150   Section        0  queue.o(i.xQueueReceive)
    i.xTaskCheckForTimeOut                   0x08003288   Section        0  tasks.o(i.xTaskCheckForTimeOut)
    i.xTaskCreate                            0x080032fc   Section        0  tasks.o(i.xTaskCreate)
    i.xTaskCreateStatic                      0x08003356   Section        0  tasks.o(i.xTaskCreateStatic)
    i.xTaskGetSchedulerState                 0x080033ac   Section        0  tasks.o(i.xTaskGetSchedulerState)
    i.xTaskGetTickCount                      0x080033c8   Section        0  tasks.o(i.xTaskGetTickCount)
    i.xTaskIncrementTick                     0x080033d4   Section        0  tasks.o(i.xTaskIncrementTick)
    i.xTaskPriorityDisinherit                0x080034a0   Section        0  tasks.o(i.xTaskPriorityDisinherit)
    i.xTaskRemoveFromEventList               0x08003538   Section        0  tasks.o(i.xTaskRemoveFromEventList)
    i.xTaskResumeAll                         0x080035b0   Section        0  tasks.o(i.xTaskResumeAll)
    i.xTimerCreateTimerTask                  0x08003674   Section        0  timers.o(i.xTimerCreateTimerTask)
    i.xTimerGenericCommand                   0x080036d4   Section        0  timers.o(i.xTimerGenericCommand)
    .constdata                               0x08003734   Section       16  system_stm32f4xx.o(.constdata)
    .constdata                               0x08003744   Section        8  system_stm32f4xx.o(.constdata)
    .constdata                               0x0800374c   Section     1140  lcdfont.o(.constdata)
    .constdata                               0x08003bc0   Section     1520  lcdfont.o(.constdata)
    .constdata                               0x080041b0   Section     4560  lcdfont.o(.constdata)
    .constdata                               0x08005380   Section     6080  lcdfont.o(.constdata)
    .data                                    0x20000000   Section       40  main.o(.data)
    key_down_flag                            0x20000000   Data           1  main.o(.data)
    Led_Task_Handle                          0x20000004   Data           4  main.o(.data)
    KEY_Task_Handle                          0x20000008   Data           4  main.o(.data)
    PWM_DETECT_Task_Handle                   0x2000000c   Data           4  main.o(.data)
    LCD_Task_Handle                          0x20000010   Data           4  main.o(.data)
    LED1_Delay_time                          0x20000014   Data           4  main.o(.data)
    AppTaskCreate_Handle                     0x20000018   Data           4  main.o(.data)
    LED1_PWM_DC                              0x20000020   Data           8  main.o(.data)
    .data                                    0x20000028   Section       12  stm32f4xx_hal.o(.data)
    .data                                    0x20000034   Section        4  system_stm32f4xx.o(.data)
    .data                                    0x20000038   Section       60  tasks.o(.data)
    uxDeletedTasksWaitingCleanUp             0x2000003c   Data           4  tasks.o(.data)
    uxCurrentNumberOfTasks                   0x20000040   Data           4  tasks.o(.data)
    xTickCount                               0x20000044   Data           4  tasks.o(.data)
    uxTopReadyPriority                       0x20000048   Data           4  tasks.o(.data)
    xSchedulerRunning                        0x2000004c   Data           4  tasks.o(.data)
    xPendedTicks                             0x20000050   Data           4  tasks.o(.data)
    xYieldPending                            0x20000054   Data           4  tasks.o(.data)
    xNumOfOverflows                          0x20000058   Data           4  tasks.o(.data)
    uxTaskNumber                             0x2000005c   Data           4  tasks.o(.data)
    xNextTaskUnblockTime                     0x20000060   Data           4  tasks.o(.data)
    xIdleTaskHandle                          0x20000064   Data           4  tasks.o(.data)
    uxSchedulerSuspended                     0x20000068   Data           4  tasks.o(.data)
    pxDelayedTaskList                        0x2000006c   Data           4  tasks.o(.data)
    pxOverflowDelayedTaskList                0x20000070   Data           4  tasks.o(.data)
    .data                                    0x20000074   Section       20  timers.o(.data)
    xTimerQueue                              0x20000074   Data           4  timers.o(.data)
    xTimerTaskHandle                         0x20000078   Data           4  timers.o(.data)
    xLastTime                                0x2000007c   Data           4  timers.o(.data)
    pxCurrentTimerList                       0x20000080   Data           4  timers.o(.data)
    pxOverflowTimerList                      0x20000084   Data           4  timers.o(.data)
    .data                                    0x20000088   Section       32  heap_4.o(.data)
    pxEnd                                    0x20000088   Data           4  heap_4.o(.data)
    xFreeBytesRemaining                      0x2000008c   Data           4  heap_4.o(.data)
    xMinimumEverFreeBytesRemaining           0x20000090   Data           4  heap_4.o(.data)
    xNumberOfSuccessfulAllocations           0x20000094   Data           4  heap_4.o(.data)
    xNumberOfSuccessfulFrees                 0x20000098   Data           4  heap_4.o(.data)
    xBlockAllocatedBit                       0x2000009c   Data           4  heap_4.o(.data)
    xStart                                   0x200000a0   Data           8  heap_4.o(.data)
    .data                                    0x200000a8   Section       12  port.o(.data)
    ucMaxSysCallPriority                     0x200000a8   Data           1  port.o(.data)
    uxCriticalNesting                        0x200000ac   Data           4  port.o(.data)
    ulMaxPRIGROUPValue                       0x200000b0   Data           4  port.o(.data)
    .data                                    0x200000b4   Section        1  lcd.o(.data)
    .data                                    0x200000b5   Section        1  lcd_init.o(.data)
    .bss                                     0x200000b8   Section       72  bsp_time.o(.bss)
    .bss                                     0x20000100   Section     1704  freertos.o(.bss)
    xIdleTaskTCBBuffer                       0x20000100   Data          84  freertos.o(.bss)
    xIdleStack                               0x20000154   Data         512  freertos.o(.bss)
    xTimerTaskTCBBuffer                      0x20000354   Data          84  freertos.o(.bss)
    xTimerStack                              0x200003a8   Data        1024  freertos.o(.bss)
    .bss                                     0x200007a8   Section       72  stm32f4xx_hal_timebase_tim.o(.bss)
    .bss                                     0x200007f0   Section       64  queue.o(.bss)
    .bss                                     0x20000830   Section      740  tasks.o(.bss)
    pxReadyTasksLists                        0x20000830   Data         640  tasks.o(.bss)
    xDelayedTaskList1                        0x20000ab0   Data          20  tasks.o(.bss)
    xDelayedTaskList2                        0x20000ac4   Data          20  tasks.o(.bss)
    xPendingReadyList                        0x20000ad8   Data          20  tasks.o(.bss)
    xTasksWaitingTermination                 0x20000aec   Data          20  tasks.o(.bss)
    xSuspendedTaskList                       0x20000b00   Data          20  tasks.o(.bss)
    .bss                                     0x20000b14   Section      232  timers.o(.bss)
    xStaticTimerQueue                        0x20000b14   Data          72  timers.o(.bss)
    ucStaticTimerQueueStorage                0x20000b5c   Data         120  timers.o(.bss)
    xActiveTimerList1                        0x20000bd4   Data          20  timers.o(.bss)
    xActiveTimerList2                        0x20000be8   Data          20  timers.o(.bss)
    .bss                                     0x20000bfc   Section    15360  heap_4.o(.bss)
    ucHeap                                   0x20000bfc   Data       15360  heap_4.o(.bss)
    STACK                                    0x20004800   Section     1024  startup_stm32f401xe.o(STACK)

    Global Symbols

    Symbol Name                              Value     Ov Type        Size  Object(Section)

    BuildAttributes$$THM_ISAv4$E$P$D$K$B$S$7EM$VFPi3$EXTD16$VFPS$VFMA$PE$A:L22UL41UL21$X:L11$S22US41US21$IEEE1$IW$USESV6$~STKCKD$USESV7$~SHL$OTIME$ROPI$EBA8$MICROLIB$REQ8$PRES8$EABIv2 0x00000000   Number         0  anon$$obj.o ABSOLUTE
    __ARM_use_no_argv                        0x00000000   Number         0  main.o ABSOLUTE
    __arm_fini_                               - Undefined Weak Reference
    __cpp_initialize__aeabi_                  - Undefined Weak Reference
    __cxa_finalize                            - Undefined Weak Reference
    __decompress                              - Undefined Weak Reference
    _clock_init                               - Undefined Weak Reference
    _microlib_exit                            - Undefined Weak Reference
    __Vectors_Size                           0x00000194   Number         0  startup_stm32f401xe.o ABSOLUTE
    __Vectors                                0x08000000   Data           4  startup_stm32f401xe.o(RESET)
    __Vectors_End                            0x08000194   Data           0  startup_stm32f401xe.o(RESET)
    __main                                   0x08000195   Thumb Code     0  entry.o(.ARM.Collect$$$$00000000)
    _main_stk                                0x08000195   Thumb Code     0  entry2.o(.ARM.Collect$$$$00000001)
    _main_scatterload                        0x08000199   Thumb Code     0  entry5.o(.ARM.Collect$$$$00000004)
    __main_after_scatterload                 0x0800019d   Thumb Code     0  entry5.o(.ARM.Collect$$$$00000004)
    _main_clock                              0x0800019d   Thumb Code     0  entry7b.o(.ARM.Collect$$$$00000008)
    _main_cpp_init                           0x0800019d   Thumb Code     0  entry8b.o(.ARM.Collect$$$$0000000A)
    _main_init                               0x0800019d   Thumb Code     0  entry9a.o(.ARM.Collect$$$$0000000B)
    __rt_lib_shutdown_fini                   0x080001a5   Thumb Code     0  entry12b.o(.ARM.Collect$$$$0000000E)
    __rt_final_cpp                           0x080001a9   Thumb Code     0  entry10a.o(.ARM.Collect$$$$0000000F)
    __rt_final_exit                          0x080001a9   Thumb Code     0  entry11a.o(.ARM.Collect$$$$00000011)
    SVC_Handler                              0x080001ad   Thumb Code    28  port.o(.emb_text)
    __asm___6_port_c_39a90d8d__prvStartFirstTask 0x080001cd   Thumb Code    36  port.o(.emb_text)
    __asm___6_port_c_39a90d8d__prvEnableVFP  0x080001f5   Thumb Code    16  port.o(.emb_text)
    PendSV_Handler                           0x08000209   Thumb Code    88  port.o(.emb_text)
    vPortGetIPSR                             0x08000265   Thumb Code     6  port.o(.emb_text)
    Reset_Handler                            0x0800026d   Thumb Code     8  startup_stm32f401xe.o(.text)
    ADC_IRQHandler                           0x08000287   Thumb Code     0  startup_stm32f401xe.o(.text)
    DMA1_Stream0_IRQHandler                  0x08000287   Thumb Code     0  startup_stm32f401xe.o(.text)
    DMA1_Stream1_IRQHandler                  0x08000287   Thumb Code     0  startup_stm32f401xe.o(.text)
    DMA1_Stream2_IRQHandler                  0x08000287   Thumb Code     0  startup_stm32f401xe.o(.text)
    DMA1_Stream3_IRQHandler                  0x08000287   Thumb Code     0  startup_stm32f401xe.o(.text)
    DMA1_Stream4_IRQHandler                  0x08000287   Thumb Code     0  startup_stm32f401xe.o(.text)
    DMA1_Stream5_IRQHandler                  0x08000287   Thumb Code     0  startup_stm32f401xe.o(.text)
    DMA1_Stream6_IRQHandler                  0x08000287   Thumb Code     0  startup_stm32f401xe.o(.text)
    DMA1_Stream7_IRQHandler                  0x08000287   Thumb Code     0  startup_stm32f401xe.o(.text)
    DMA2_Stream0_IRQHandler                  0x08000287   Thumb Code     0  startup_stm32f401xe.o(.text)
    DMA2_Stream1_IRQHandler                  0x08000287   Thumb Code     0  startup_stm32f401xe.o(.text)
    DMA2_Stream2_IRQHandler                  0x08000287   Thumb Code     0  startup_stm32f401xe.o(.text)
    DMA2_Stream3_IRQHandler                  0x08000287   Thumb Code     0  startup_stm32f401xe.o(.text)
    DMA2_Stream4_IRQHandler                  0x08000287   Thumb Code     0  startup_stm32f401xe.o(.text)
    DMA2_Stream5_IRQHandler                  0x08000287   Thumb Code     0  startup_stm32f401xe.o(.text)
    DMA2_Stream6_IRQHandler                  0x08000287   Thumb Code     0  startup_stm32f401xe.o(.text)
    DMA2_Stream7_IRQHandler                  0x08000287   Thumb Code     0  startup_stm32f401xe.o(.text)
    EXTI0_IRQHandler                         0x08000287   Thumb Code     0  startup_stm32f401xe.o(.text)
    EXTI15_10_IRQHandler                     0x08000287   Thumb Code     0  startup_stm32f401xe.o(.text)
    EXTI1_IRQHandler                         0x08000287   Thumb Code     0  startup_stm32f401xe.o(.text)
    EXTI2_IRQHandler                         0x08000287   Thumb Code     0  startup_stm32f401xe.o(.text)
    EXTI3_IRQHandler                         0x08000287   Thumb Code     0  startup_stm32f401xe.o(.text)
    EXTI4_IRQHandler                         0x08000287   Thumb Code     0  startup_stm32f401xe.o(.text)
    EXTI9_5_IRQHandler                       0x08000287   Thumb Code     0  startup_stm32f401xe.o(.text)
    FLASH_IRQHandler                         0x08000287   Thumb Code     0  startup_stm32f401xe.o(.text)
    FPU_IRQHandler                           0x08000287   Thumb Code     0  startup_stm32f401xe.o(.text)
    I2C1_ER_IRQHandler                       0x08000287   Thumb Code     0  startup_stm32f401xe.o(.text)
    I2C1_EV_IRQHandler                       0x08000287   Thumb Code     0  startup_stm32f401xe.o(.text)
    I2C2_ER_IRQHandler                       0x08000287   Thumb Code     0  startup_stm32f401xe.o(.text)
    I2C2_EV_IRQHandler                       0x08000287   Thumb Code     0  startup_stm32f401xe.o(.text)
    I2C3_ER_IRQHandler                       0x08000287   Thumb Code     0  startup_stm32f401xe.o(.text)
    I2C3_EV_IRQHandler                       0x08000287   Thumb Code     0  startup_stm32f401xe.o(.text)
    OTG_FS_IRQHandler                        0x08000287   Thumb Code     0  startup_stm32f401xe.o(.text)
    OTG_FS_WKUP_IRQHandler                   0x08000287   Thumb Code     0  startup_stm32f401xe.o(.text)
    PVD_IRQHandler                           0x08000287   Thumb Code     0  startup_stm32f401xe.o(.text)
    RCC_IRQHandler                           0x08000287   Thumb Code     0  startup_stm32f401xe.o(.text)
    RTC_Alarm_IRQHandler                     0x08000287   Thumb Code     0  startup_stm32f401xe.o(.text)
    RTC_WKUP_IRQHandler                      0x08000287   Thumb Code     0  startup_stm32f401xe.o(.text)
    SDIO_IRQHandler                          0x08000287   Thumb Code     0  startup_stm32f401xe.o(.text)
    SPI1_IRQHandler                          0x08000287   Thumb Code     0  startup_stm32f401xe.o(.text)
    SPI2_IRQHandler                          0x08000287   Thumb Code     0  startup_stm32f401xe.o(.text)
    SPI3_IRQHandler                          0x08000287   Thumb Code     0  startup_stm32f401xe.o(.text)
    SPI4_IRQHandler                          0x08000287   Thumb Code     0  startup_stm32f401xe.o(.text)
    TAMP_STAMP_IRQHandler                    0x08000287   Thumb Code     0  startup_stm32f401xe.o(.text)
    TIM1_BRK_TIM9_IRQHandler                 0x08000287   Thumb Code     0  startup_stm32f401xe.o(.text)
    TIM1_CC_IRQHandler                       0x08000287   Thumb Code     0  startup_stm32f401xe.o(.text)
    TIM1_TRG_COM_TIM11_IRQHandler            0x08000287   Thumb Code     0  startup_stm32f401xe.o(.text)
    TIM2_IRQHandler                          0x08000287   Thumb Code     0  startup_stm32f401xe.o(.text)
    TIM3_IRQHandler                          0x08000287   Thumb Code     0  startup_stm32f401xe.o(.text)
    TIM4_IRQHandler                          0x08000287   Thumb Code     0  startup_stm32f401xe.o(.text)
    TIM5_IRQHandler                          0x08000287   Thumb Code     0  startup_stm32f401xe.o(.text)
    USART1_IRQHandler                        0x08000287   Thumb Code     0  startup_stm32f401xe.o(.text)
    USART2_IRQHandler                        0x08000287   Thumb Code     0  startup_stm32f401xe.o(.text)
    USART6_IRQHandler                        0x08000287   Thumb Code     0  startup_stm32f401xe.o(.text)
    WWDG_IRQHandler                          0x08000287   Thumb Code     0  startup_stm32f401xe.o(.text)
    __aeabi_uldivmod                         0x08000291   Thumb Code    98  uldiv.o(.text)
    __aeabi_memcpy                           0x080002f3   Thumb Code    36  memcpya.o(.text)
    __aeabi_memcpy4                          0x080002f3   Thumb Code     0  memcpya.o(.text)
    __aeabi_memcpy8                          0x080002f3   Thumb Code     0  memcpya.o(.text)
    __aeabi_memset                           0x08000317   Thumb Code    14  memseta.o(.text)
    __aeabi_memset4                          0x08000317   Thumb Code     0  memseta.o(.text)
    __aeabi_memset8                          0x08000317   Thumb Code     0  memseta.o(.text)
    __aeabi_memclr                           0x08000325   Thumb Code     4  memseta.o(.text)
    __aeabi_memclr4                          0x08000325   Thumb Code     0  memseta.o(.text)
    __aeabi_memclr8                          0x08000325   Thumb Code     0  memseta.o(.text)
    memset                                   0x08000329   Thumb Code    18  memseta.o(.text)
    __aeabi_d2f                              0x0800033b   Thumb Code    56  d2f.o(.text)
    __aeabi_llsl                             0x08000373   Thumb Code    30  llshl.o(.text)
    _ll_shift_l                              0x08000373   Thumb Code     0  llshl.o(.text)
    __aeabi_llsr                             0x08000391   Thumb Code    32  llushr.o(.text)
    _ll_ushift_r                             0x08000391   Thumb Code     0  llushr.o(.text)
    __I$use$fp                               0x080003b1   Thumb Code     0  iusefp.o(.text)
    _float_round                             0x080003b1   Thumb Code    18  fepilogue.o(.text)
    _float_epilogue                          0x080003c3   Thumb Code    92  fepilogue.o(.text)
    __scatterload                            0x08000421   Thumb Code    28  init.o(.text)
    __scatterload_rt2                        0x08000421   Thumb Code     0  init.o(.text)
    BusFault_Handler                         0x08000505   Thumb Code     2  stm32f4xx_it.o(i.BusFault_Handler)
    DebugMon_Handler                         0x08000507   Thumb Code     2  stm32f4xx_it.o(i.DebugMon_Handler)
    Error_Handler                            0x08000509   Thumb Code     4  main.o(i.Error_Handler)
    HAL_GPIO_Init                            0x0800050d   Thumb Code   446  stm32f4xx_hal_gpio.o(i.HAL_GPIO_Init)
    HAL_GPIO_ReadPin                         0x080006ed   Thumb Code    10  stm32f4xx_hal_gpio.o(i.HAL_GPIO_ReadPin)
    HAL_GPIO_WritePin                        0x080006f7   Thumb Code    10  stm32f4xx_hal_gpio.o(i.HAL_GPIO_WritePin)
    HAL_GetTick                              0x08000701   Thumb Code     6  stm32f4xx_hal.o(i.HAL_GetTick)
    HAL_IncTick                              0x0800070d   Thumb Code    12  stm32f4xx_hal.o(i.HAL_IncTick)
    HAL_Init                                 0x0800071d   Thumb Code    48  stm32f4xx_hal.o(i.HAL_Init)
    HAL_InitTick                             0x08000751   Thumb Code   118  stm32f4xx_hal_timebase_tim.o(i.HAL_InitTick)
    HAL_MspInit                              0x080007dd   Thumb Code    52  stm32f4xx_hal_msp.o(i.HAL_MspInit)
    HAL_NVIC_EnableIRQ                       0x08000815   Thumb Code    26  stm32f4xx_hal_cortex.o(i.HAL_NVIC_EnableIRQ)
    HAL_NVIC_SetPriority                     0x08000831   Thumb Code    60  stm32f4xx_hal_cortex.o(i.HAL_NVIC_SetPriority)
    HAL_NVIC_SetPriorityGrouping             0x08000871   Thumb Code    26  stm32f4xx_hal_cortex.o(i.HAL_NVIC_SetPriorityGrouping)
    HAL_RCC_ClockConfig                      0x08000895   Thumb Code   288  stm32f4xx_hal_rcc.o(i.HAL_RCC_ClockConfig)
    HAL_RCC_GetClockConfig                   0x080009c9   Thumb Code    54  stm32f4xx_hal_rcc.o(i.HAL_RCC_GetClockConfig)
    HAL_RCC_GetPCLK2Freq                     0x08000a09   Thumb Code    20  stm32f4xx_hal_rcc.o(i.HAL_RCC_GetPCLK2Freq)
    HAL_RCC_GetSysClockFreq                  0x08000a29   Thumb Code    88  stm32f4xx_hal_rcc.o(i.HAL_RCC_GetSysClockFreq)
    HAL_RCC_OscConfig                        0x08000a8d   Thumb Code   856  stm32f4xx_hal_rcc.o(i.HAL_RCC_OscConfig)
    HAL_TIMEx_BreakCallback                  0x08000df9   Thumb Code     2  stm32f4xx_hal_tim_ex.o(i.HAL_TIMEx_BreakCallback)
    HAL_TIMEx_CommutCallback                 0x08000dfb   Thumb Code     2  stm32f4xx_hal_tim_ex.o(i.HAL_TIMEx_CommutCallback)
    HAL_TIMEx_MasterConfigSynchronization    0x08000dfd   Thumb Code   104  stm32f4xx_hal_tim_ex.o(i.HAL_TIMEx_MasterConfigSynchronization)
    HAL_TIM_Base_Init                        0x08000e79   Thumb Code    90  stm32f4xx_hal_tim.o(i.HAL_TIM_Base_Init)
    HAL_TIM_Base_MspInit                     0x08000ed5   Thumb Code    30  stm32f4xx_hal_msp.o(i.HAL_TIM_Base_MspInit)
    HAL_TIM_Base_Start_IT                    0x08000efd   Thumb Code    88  stm32f4xx_hal_tim.o(i.HAL_TIM_Base_Start_IT)
    HAL_TIM_ConfigClockSource                0x08000f69   Thumb Code   220  stm32f4xx_hal_tim.o(i.HAL_TIM_ConfigClockSource)
    HAL_TIM_IC_CaptureCallback               0x08001045   Thumb Code     2  stm32f4xx_hal_tim.o(i.HAL_TIM_IC_CaptureCallback)
    HAL_TIM_IRQHandler                       0x08001047   Thumb Code   304  stm32f4xx_hal_tim.o(i.HAL_TIM_IRQHandler)
    HAL_TIM_MspPostInit                      0x08001179   Thumb Code   104  stm32f4xx_hal_msp.o(i.HAL_TIM_MspPostInit)
    HAL_TIM_OC_DelayElapsedCallback          0x080011f1   Thumb Code     2  stm32f4xx_hal_tim.o(i.HAL_TIM_OC_DelayElapsedCallback)
    HAL_TIM_PWM_ConfigChannel                0x080011f3   Thumb Code   204  stm32f4xx_hal_tim.o(i.HAL_TIM_PWM_ConfigChannel)
    HAL_TIM_PWM_Init                         0x080012bf   Thumb Code    90  stm32f4xx_hal_tim.o(i.HAL_TIM_PWM_Init)
    HAL_TIM_PWM_MspInit                      0x08001319   Thumb Code     2  stm32f4xx_hal_tim.o(i.HAL_TIM_PWM_MspInit)
    HAL_TIM_PWM_PulseFinishedCallback        0x0800131b   Thumb Code     2  stm32f4xx_hal_tim.o(i.HAL_TIM_PWM_PulseFinishedCallback)
    HAL_TIM_PWM_Start                        0x0800131d   Thumb Code   156  stm32f4xx_hal_tim.o(i.HAL_TIM_PWM_Start)
    HAL_TIM_PeriodElapsedCallback            0x080013cd   Thumb Code    14  main.o(i.HAL_TIM_PeriodElapsedCallback)
    HAL_TIM_TriggerCallback                  0x080013e1   Thumb Code     2  stm32f4xx_hal_tim.o(i.HAL_TIM_TriggerCallback)
    HardFault_Handler                        0x080013e3   Thumb Code     2  stm32f4xx_it.o(i.HardFault_Handler)
    LCD_Address_Set                          0x08001439   Thumb Code    58  lcd_init.o(i.LCD_Address_Set)
    LCD_DrawPoint                            0x08001473   Thumb Code    22  lcd.o(i.LCD_DrawPoint)
    LCD_Fill                                 0x08001489   Thumb Code    62  lcd.o(i.LCD_Fill)
    LCD_Init                                 0x080014c9   Thumb Code   436  lcd_init.o(i.LCD_Init)
    LCD_ShowChar                             0x08001689   Thumb Code   252  lcd.o(i.LCD_ShowChar)
    LCD_ShowIntNum                           0x08001795   Thumb Code   126  lcd.o(i.LCD_ShowIntNum)
    LCD_ShowString                           0x08001813   Thumb Code    58  lcd.o(i.LCD_ShowString)
    LCD_Show_Dynamic                         0x0800184d   Thumb Code    46  lcd.o(i.LCD_Show_Dynamic)
    LCD_Show_Static                          0x0800187d   Thumb Code   102  lcd.o(i.LCD_Show_Static)
    LCD_WR_DATA                              0x08001925   Thumb Code    20  lcd_init.o(i.LCD_WR_DATA)
    LCD_WR_REG                               0x08001939   Thumb Code    36  lcd_init.o(i.LCD_WR_REG)
    LCD_Writ_Bus                             0x08001961   Thumb Code    72  lcd_init.o(i.LCD_Writ_Bus)
    MX_GPIO_Init                             0x080019d9   Thumb Code   156  bsp_gpio.o(i.MX_GPIO_Init)
    MX_TIM3_Init                             0x08001a85   Thumb Code   226  bsp_time.o(i.MX_TIM3_Init)
    MemManage_Handler                        0x08001b71   Thumb Code     2  stm32f4xx_it.o(i.MemManage_Handler)
    NMI_Handler                              0x08001b73   Thumb Code     2  stm32f4xx_it.o(i.NMI_Handler)
    Set_TIM3_PWM_CCRx                        0x08001ba1   Thumb Code   100  bsp_time.o(i.Set_TIM3_PWM_CCRx)
    SysTick_Handler                          0x08001c11   Thumb Code    38  port.o(i.SysTick_Handler)
    SystemClock_Config                       0x08001c3d   Thumb Code   138  main.o(i.SystemClock_Config)
    SystemInit                               0x08001cd1   Thumb Code    12  system_stm32f4xx.o(i.SystemInit)
    TIM1_UP_TIM10_IRQHandler                 0x08001ce1   Thumb Code     6  stm32f4xx_it.o(i.TIM1_UP_TIM10_IRQHandler)
    TIM_Base_SetConfig                       0x08001ced   Thumb Code   136  stm32f4xx_hal_tim.o(i.TIM_Base_SetConfig)
    TIM_CCxChannelCmd                        0x08001d91   Thumb Code    26  stm32f4xx_hal_tim.o(i.TIM_CCxChannelCmd)
    TIM_ETR_SetConfig                        0x08001dab   Thumb Code    20  stm32f4xx_hal_tim.o(i.TIM_ETR_SetConfig)
    TIM_OC2_SetConfig                        0x08001e21   Thumb Code    84  stm32f4xx_hal_tim.o(i.TIM_OC2_SetConfig)
    UsageFault_Handler                       0x08001f5b   Thumb Code     2  stm32f4xx_it.o(i.UsageFault_Handler)
    __scatterload_copy                       0x08001f7d   Thumb Code    14  handlers.o(i.__scatterload_copy)
    __scatterload_null                       0x08001f8b   Thumb Code     2  handlers.o(i.__scatterload_null)
    __scatterload_zeroinit                   0x08001f8d   Thumb Code    14  handlers.o(i.__scatterload_zeroinit)
    main                                     0x08001f9d   Thumb Code    46  main.o(i.main)
    mypow                                    0x08001fe5   Thumb Code    16  lcd.o(i.mypow)
    pvPortMalloc                             0x0800276d   Thumb Code   216  heap_4.o(i.pvPortMalloc)
    pxPortInitialiseStack                    0x08002849   Thumb Code    40  port.o(i.pxPortInitialiseStack)
    uxListRemove                             0x08002875   Thumb Code    38  list.o(i.uxListRemove)
    vApplicationGetIdleTaskMemory            0x0800289d   Thumb Code    16  freertos.o(i.vApplicationGetIdleTaskMemory)
    vApplicationGetTimerTaskMemory           0x080028b1   Thumb Code    18  freertos.o(i.vApplicationGetTimerTaskMemory)
    vListInitialise                          0x080028c9   Thumb Code    22  list.o(i.vListInitialise)
    vListInitialiseItem                      0x080028df   Thumb Code     6  list.o(i.vListInitialiseItem)
    vListInsert                              0x080028e5   Thumb Code    48  list.o(i.vListInsert)
    vListInsertEnd                           0x08002915   Thumb Code    24  list.o(i.vListInsertEnd)
    vPortEnterCritical                       0x0800292d   Thumb Code    54  port.o(i.vPortEnterCritical)
    vPortExitCritical                        0x0800296d   Thumb Code    34  port.o(i.vPortExitCritical)
    vPortFree                                0x08002995   Thumb Code    94  heap_4.o(i.vPortFree)
    vPortSetupTimerInterrupt                 0x080029f9   Thumb Code    32  port.o(i.vPortSetupTimerInterrupt)
    vPortValidateInterruptPriority           0x08002a1d   Thumb Code    74  port.o(i.vPortValidateInterruptPriority)
    vQueueAddToRegistry                      0x08002a71   Thumb Code    34  queue.o(i.vQueueAddToRegistry)
    vQueueWaitForMessageRestricted           0x08002a99   Thumb Code    68  queue.o(i.vQueueWaitForMessageRestricted)
    vTaskDelay                               0x08002add   Thumb Code    66  tasks.o(i.vTaskDelay)
    vTaskDelete                              0x08002b29   Thumb Code   156  tasks.o(i.vTaskDelete)
    vTaskInternalSetTimeOutState             0x08002bd5   Thumb Code    12  tasks.o(i.vTaskInternalSetTimeOutState)
    vTaskMissedYield                         0x08002be5   Thumb Code     8  tasks.o(i.vTaskMissedYield)
    vTaskPlaceOnEventList                    0x08002bf1   Thumb Code    44  tasks.o(i.vTaskPlaceOnEventList)
    vTaskPlaceOnEventListRestricted          0x08002c21   Thumb Code    52  tasks.o(i.vTaskPlaceOnEventListRestricted)
    vTaskStartScheduler                      0x08002c59   Thumb Code   118  tasks.o(i.vTaskStartScheduler)
    vTaskSuspendAll                          0x08002ce1   Thumb Code    10  tasks.o(i.vTaskSuspendAll)
    vTaskSwitchContext                       0x08002cf1   Thumb Code    82  tasks.o(i.vTaskSwitchContext)
    xPortStartScheduler                      0x08002d4d   Thumb Code   222  port.o(i.xPortStartScheduler)
    xQueueGenericCreateStatic                0x08002e41   Thumb Code   102  queue.o(i.xQueueGenericCreateStatic)
    xQueueGenericReset                       0x08002ea9   Thumb Code   132  queue.o(i.xQueueGenericReset)
    xQueueGenericSend                        0x08002f31   Thumb Code   346  queue.o(i.xQueueGenericSend)
    xQueueGenericSendFromISR                 0x08003091   Thumb Code   190  queue.o(i.xQueueGenericSendFromISR)
    xQueueReceive                            0x08003151   Thumb Code   308  queue.o(i.xQueueReceive)
    xTaskCheckForTimeOut                     0x08003289   Thumb Code   112  tasks.o(i.xTaskCheckForTimeOut)
    xTaskCreate                              0x080032fd   Thumb Code    90  tasks.o(i.xTaskCreate)
    xTaskCreateStatic                        0x08003357   Thumb Code    86  tasks.o(i.xTaskCreateStatic)
    xTaskGetSchedulerState                   0x080033ad   Thumb Code    22  tasks.o(i.xTaskGetSchedulerState)
    xTaskGetTickCount                        0x080033c9   Thumb Code     6  tasks.o(i.xTaskGetTickCount)
    xTaskIncrementTick                       0x080033d5   Thumb Code   194  tasks.o(i.xTaskIncrementTick)
    xTaskPriorityDisinherit                  0x080034a1   Thumb Code   144  tasks.o(i.xTaskPriorityDisinherit)
    xTaskRemoveFromEventList                 0x08003539   Thumb Code   106  tasks.o(i.xTaskRemoveFromEventList)
    xTaskResumeAll                           0x080035b1   Thumb Code   182  tasks.o(i.xTaskResumeAll)
    xTimerCreateTimerTask                    0x08003675   Thumb Code    78  timers.o(i.xTimerCreateTimerTask)
    xTimerGenericCommand                     0x080036d5   Thumb Code    92  timers.o(i.xTimerGenericCommand)
    AHBPrescTable                            0x08003734   Data          16  system_stm32f4xx.o(.constdata)
    APBPrescTable                            0x08003744   Data           8  system_stm32f4xx.o(.constdata)
    ascii_1206                               0x0800374c   Data        1140  lcdfont.o(.constdata)
    ascii_1608                               0x08003bc0   Data        1520  lcdfont.o(.constdata)
    ascii_2412                               0x080041b0   Data        4560  lcdfont.o(.constdata)
    ascii_3216                               0x08005380   Data        6080  lcdfont.o(.constdata)
    Region$$Table$$Base                      0x08006b40   Number         0  anon$$obj.o(Region$$Table)
    Region$$Table$$Limit                     0x08006b60   Number         0  anon$$obj.o(Region$$Table)
    uwTickFreq                               0x20000028   Data           1  stm32f4xx_hal.o(.data)
    uwTickPrio                               0x2000002c   Data           4  stm32f4xx_hal.o(.data)
    uwTick                                   0x20000030   Data           4  stm32f4xx_hal.o(.data)
    SystemCoreClock                          0x20000034   Data           4  system_stm32f4xx.o(.data)
    pxCurrentTCB                             0x20000038   Data           4  tasks.o(.data)
    LCD_refresh_flag                         0x200000b4   Data           1  lcd.o(.data)
    LCD_init_flag                            0x200000b5   Data           1  lcd_init.o(.data)
    htim3                                    0x200000b8   Data          72  bsp_time.o(.bss)
    htim1                                    0x200007a8   Data          72  stm32f4xx_hal_timebase_tim.o(.bss)
    xQueueRegistry                           0x200007f0   Data          64  queue.o(.bss)
    __initial_sp                             0x20004c00   Data           0  startup_stm32f401xe.o(STACK)



==============================================================================

Memory Map of the image

  Image Entry point : 0x08000195

  Load Region LR_IROM1 (Base: 0x08000000, Size: 0x00006c18, Max: 0x00060000, ABSOLUTE)

    Execution Region ER_IROM1 (Exec base: 0x08000000, Load base: 0x08000000, Size: 0x00006b60, Max: 0x00060000, ABSOLUTE)

    Exec Addr    Load Addr    Size         Type   Attr      Idx    E Section Name        Object

    0x08000000   0x08000000   0x00000194   Data   RO            3    RESET               startup_stm32f401xe.o
    0x08000194   0x08000194   0x00000000   Code   RO         4364  * .ARM.Collect$$$$00000000  mc_w.l(entry.o)
    0x08000194   0x08000194   0x00000004   Code   RO         4379    .ARM.Collect$$$$00000001  mc_w.l(entry2.o)
    0x08000198   0x08000198   0x00000004   Code   RO         4382    .ARM.Collect$$$$00000004  mc_w.l(entry5.o)
    0x0800019c   0x0800019c   0x00000000   Code   RO         4384    .ARM.Collect$$$$00000008  mc_w.l(entry7b.o)
    0x0800019c   0x0800019c   0x00000000   Code   RO         4386    .ARM.Collect$$$$0000000A  mc_w.l(entry8b.o)
    0x0800019c   0x0800019c   0x00000008   Code   RO         4387    .ARM.Collect$$$$0000000B  mc_w.l(entry9a.o)
    0x080001a4   0x080001a4   0x00000004   Code   RO         4394    .ARM.Collect$$$$0000000E  mc_w.l(entry12b.o)
    0x080001a8   0x080001a8   0x00000000   Code   RO         4389    .ARM.Collect$$$$0000000F  mc_w.l(entry10a.o)
    0x080001a8   0x080001a8   0x00000000   Code   RO         4391    .ARM.Collect$$$$00000011  mc_w.l(entry11a.o)
    0x080001a8   0x080001a8   0x00000004   Code   RO         4380    .ARM.Collect$$$$00002712  mc_w.l(entry2.o)
    0x080001ac   0x080001ac   0x000000be   Code   RO         4060    .emb_text           port.o
    0x0800026a   0x0800026a   0x00000002   PAD
    0x0800026c   0x0800026c   0x00000024   Code   RO            4    .text               startup_stm32f401xe.o
    0x08000290   0x08000290   0x00000062   Code   RO         4367    .text               mc_w.l(uldiv.o)
    0x080002f2   0x080002f2   0x00000024   Code   RO         4369    .text               mc_w.l(memcpya.o)
    0x08000316   0x08000316   0x00000024   Code   RO         4373    .text               mc_w.l(memseta.o)
    0x0800033a   0x0800033a   0x00000038   Code   RO         4377    .text               mf_w.l(d2f.o)
    0x08000372   0x08000372   0x0000001e   Code   RO         4395    .text               mc_w.l(llshl.o)
    0x08000390   0x08000390   0x00000020   Code   RO         4397    .text               mc_w.l(llushr.o)
    0x080003b0   0x080003b0   0x00000000   Code   RO         4399    .text               mc_w.l(iusefp.o)
    0x080003b0   0x080003b0   0x0000006e   Code   RO         4400    .text               mf_w.l(fepilogue.o)
    0x0800041e   0x0800041e   0x00000002   PAD
    0x08000420   0x08000420   0x00000024   Code   RO         4402    .text               mc_w.l(init.o)
    0x08000444   0x08000444   0x000000c0   Code   RO          190    i.AppTaskCreate     main.o
    0x08000504   0x08000504   0x00000002   Code   RO          347    i.BusFault_Handler  stm32f4xx_it.o
    0x08000506   0x08000506   0x00000002   Code   RO          348    i.DebugMon_Handler  stm32f4xx_it.o
    0x08000508   0x08000508   0x00000004   Code   RO          191    i.Error_Handler     main.o
    0x0800050c   0x0800050c   0x000001e0   Code   RO          871    i.HAL_GPIO_Init     stm32f4xx_hal_gpio.o
    0x080006ec   0x080006ec   0x0000000a   Code   RO          873    i.HAL_GPIO_ReadPin  stm32f4xx_hal_gpio.o
    0x080006f6   0x080006f6   0x0000000a   Code   RO          875    i.HAL_GPIO_WritePin  stm32f4xx_hal_gpio.o
    0x08000700   0x08000700   0x0000000c   Code   RO         1445    i.HAL_GetTick       stm32f4xx_hal.o
    0x0800070c   0x0800070c   0x00000010   Code   RO         1451    i.HAL_IncTick       stm32f4xx_hal.o
    0x0800071c   0x0800071c   0x00000034   Code   RO         1452    i.HAL_Init          stm32f4xx_hal.o
    0x08000750   0x08000750   0x0000008c   Code   RO          453    i.HAL_InitTick      stm32f4xx_hal_timebase_tim.o
    0x080007dc   0x080007dc   0x00000038   Code   RO          411    i.HAL_MspInit       stm32f4xx_hal_msp.o
    0x08000814   0x08000814   0x0000001a   Code   RO         1287    i.HAL_NVIC_EnableIRQ  stm32f4xx_hal_cortex.o
    0x0800082e   0x0800082e   0x00000002   PAD
    0x08000830   0x08000830   0x00000040   Code   RO         1293    i.HAL_NVIC_SetPriority  stm32f4xx_hal_cortex.o
    0x08000870   0x08000870   0x00000024   Code   RO         1294    i.HAL_NVIC_SetPriorityGrouping  stm32f4xx_hal_cortex.o
    0x08000894   0x08000894   0x00000134   Code   RO          493    i.HAL_RCC_ClockConfig  stm32f4xx_hal_rcc.o
    0x080009c8   0x080009c8   0x00000040   Code   RO          497    i.HAL_RCC_GetClockConfig  stm32f4xx_hal_rcc.o
    0x08000a08   0x08000a08   0x00000020   Code   RO          501    i.HAL_RCC_GetPCLK2Freq  stm32f4xx_hal_rcc.o
    0x08000a28   0x08000a28   0x00000064   Code   RO          502    i.HAL_RCC_GetSysClockFreq  stm32f4xx_hal_rcc.o
    0x08000a8c   0x08000a8c   0x0000036c   Code   RO          505    i.HAL_RCC_OscConfig  stm32f4xx_hal_rcc.o
    0x08000df8   0x08000df8   0x00000002   Code   RO         2396    i.HAL_TIMEx_BreakCallback  stm32f4xx_hal_tim_ex.o
    0x08000dfa   0x08000dfa   0x00000002   Code   RO         2397    i.HAL_TIMEx_CommutCallback  stm32f4xx_hal_tim_ex.o
    0x08000dfc   0x08000dfc   0x0000007c   Code   RO         2415    i.HAL_TIMEx_MasterConfigSynchronization  stm32f4xx_hal_tim_ex.o
    0x08000e78   0x08000e78   0x0000005a   Code   RO         1692    i.HAL_TIM_Base_Init  stm32f4xx_hal_tim.o
    0x08000ed2   0x08000ed2   0x00000002   PAD
    0x08000ed4   0x08000ed4   0x00000028   Code   RO          413    i.HAL_TIM_Base_MspInit  stm32f4xx_hal_msp.o
    0x08000efc   0x08000efc   0x0000006c   Code   RO         1697    i.HAL_TIM_Base_Start_IT  stm32f4xx_hal_tim.o
    0x08000f68   0x08000f68   0x000000dc   Code   RO         1701    i.HAL_TIM_ConfigClockSource  stm32f4xx_hal_tim.o
    0x08001044   0x08001044   0x00000002   Code   RO         1726    i.HAL_TIM_IC_CaptureCallback  stm32f4xx_hal_tim.o
    0x08001046   0x08001046   0x00000130   Code   RO         1740    i.HAL_TIM_IRQHandler  stm32f4xx_hal_tim.o
    0x08001176   0x08001176   0x00000002   PAD
    0x08001178   0x08001178   0x00000078   Code   RO          414    i.HAL_TIM_MspPostInit  stm32f4xx_hal_msp.o
    0x080011f0   0x080011f0   0x00000002   Code   RO         1743    i.HAL_TIM_OC_DelayElapsedCallback  stm32f4xx_hal_tim.o
    0x080011f2   0x080011f2   0x000000cc   Code   RO         1764    i.HAL_TIM_PWM_ConfigChannel  stm32f4xx_hal_tim.o
    0x080012be   0x080012be   0x0000005a   Code   RO         1767    i.HAL_TIM_PWM_Init  stm32f4xx_hal_tim.o
    0x08001318   0x08001318   0x00000002   Code   RO         1769    i.HAL_TIM_PWM_MspInit  stm32f4xx_hal_tim.o
    0x0800131a   0x0800131a   0x00000002   Code   RO         1770    i.HAL_TIM_PWM_PulseFinishedCallback  stm32f4xx_hal_tim.o
    0x0800131c   0x0800131c   0x000000b0   Code   RO         1772    i.HAL_TIM_PWM_Start  stm32f4xx_hal_tim.o
    0x080013cc   0x080013cc   0x00000014   Code   RO          192    i.HAL_TIM_PeriodElapsedCallback  main.o
    0x080013e0   0x080013e0   0x00000002   Code   RO         1783    i.HAL_TIM_TriggerCallback  stm32f4xx_hal_tim.o
    0x080013e2   0x080013e2   0x00000002   Code   RO          349    i.HardFault_Handler  stm32f4xx_it.o
    0x080013e4   0x080013e4   0x00000054   Code   RO          193    i.KEY_Task          main.o
    0x08001438   0x08001438   0x0000003a   Code   RO         4278    i.LCD_Address_Set   lcd_init.o
    0x08001472   0x08001472   0x00000016   Code   RO         4143    i.LCD_DrawPoint     lcd.o
    0x08001488   0x08001488   0x0000003e   Code   RO         4145    i.LCD_Fill          lcd.o
    0x080014c6   0x080014c6   0x00000002   PAD
    0x080014c8   0x080014c8   0x000001c0   Code   RO         4279    i.LCD_Init          lcd_init.o
    0x08001688   0x08001688   0x0000010c   Code   RO         4146    i.LCD_ShowChar      lcd.o
    0x08001794   0x08001794   0x0000007e   Code   RO         4153    i.LCD_ShowIntNum    lcd.o
    0x08001812   0x08001812   0x0000003a   Code   RO         4155    i.LCD_ShowString    lcd.o
    0x0800184c   0x0800184c   0x0000002e   Code   RO         4156    i.LCD_Show_Dynamic  lcd.o
    0x0800187a   0x0800187a   0x00000002   PAD
    0x0800187c   0x0800187c   0x00000088   Code   RO         4157    i.LCD_Show_Static   lcd.o
    0x08001904   0x08001904   0x00000020   Code   RO          194    i.LCD_Task          main.o
    0x08001924   0x08001924   0x00000014   Code   RO         4280    i.LCD_WR_DATA       lcd_init.o
    0x08001938   0x08001938   0x00000028   Code   RO         4282    i.LCD_WR_REG        lcd_init.o
    0x08001960   0x08001960   0x0000004c   Code   RO         4283    i.LCD_Writ_Bus      lcd_init.o
    0x080019ac   0x080019ac   0x0000002c   Code   RO          195    i.LED_Task          main.o
    0x080019d8   0x080019d8   0x000000ac   Code   RO           13    i.MX_GPIO_Init      bsp_gpio.o
    0x08001a84   0x08001a84   0x000000ec   Code   RO          154    i.MX_TIM3_Init      bsp_time.o
    0x08001b70   0x08001b70   0x00000002   Code   RO          350    i.MemManage_Handler  stm32f4xx_it.o
    0x08001b72   0x08001b72   0x00000002   Code   RO          351    i.NMI_Handler       stm32f4xx_it.o
    0x08001b74   0x08001b74   0x0000002c   Code   RO          196    i.PWM_DETECT_Task   main.o
    0x08001ba0   0x08001ba0   0x00000070   Code   RO          155    i.Set_TIM3_PWM_CCRx  bsp_time.o
    0x08001c10   0x08001c10   0x0000002c   Code   RO         4061    i.SysTick_Handler   port.o
    0x08001c3c   0x08001c3c   0x00000094   Code   RO          198    i.SystemClock_Config  main.o
    0x08001cd0   0x08001cd0   0x00000010   Code   RO         2664    i.SystemInit        system_stm32f4xx.o
    0x08001ce0   0x08001ce0   0x0000000c   Code   RO          352    i.TIM1_UP_TIM10_IRQHandler  stm32f4xx_it.o
    0x08001cec   0x08001cec   0x000000a4   Code   RO         1785    i.TIM_Base_SetConfig  stm32f4xx_hal_tim.o
    0x08001d90   0x08001d90   0x0000001a   Code   RO         1786    i.TIM_CCxChannelCmd  stm32f4xx_hal_tim.o
    0x08001daa   0x08001daa   0x00000014   Code   RO         1796    i.TIM_ETR_SetConfig  stm32f4xx_hal_tim.o
    0x08001dbe   0x08001dbe   0x00000010   Code   RO         1797    i.TIM_ITRx_SetConfig  stm32f4xx_hal_tim.o
    0x08001dce   0x08001dce   0x00000002   PAD
    0x08001dd0   0x08001dd0   0x00000050   Code   RO         1798    i.TIM_OC1_SetConfig  stm32f4xx_hal_tim.o
    0x08001e20   0x08001e20   0x00000058   Code   RO         1799    i.TIM_OC2_SetConfig  stm32f4xx_hal_tim.o
    0x08001e78   0x08001e78   0x00000058   Code   RO         1800    i.TIM_OC3_SetConfig  stm32f4xx_hal_tim.o
    0x08001ed0   0x08001ed0   0x00000044   Code   RO         1801    i.TIM_OC4_SetConfig  stm32f4xx_hal_tim.o
    0x08001f14   0x08001f14   0x00000022   Code   RO         1803    i.TIM_TI1_ConfigInputStage  stm32f4xx_hal_tim.o
    0x08001f36   0x08001f36   0x00000024   Code   RO         1805    i.TIM_TI2_ConfigInputStage  stm32f4xx_hal_tim.o
    0x08001f5a   0x08001f5a   0x00000002   Code   RO          353    i.UsageFault_Handler  stm32f4xx_it.o
    0x08001f5c   0x08001f5c   0x00000020   Code   RO         1300    i.__NVIC_SetPriority  stm32f4xx_hal_cortex.o
    0x08001f7c   0x08001f7c   0x0000000e   Code   RO         4406    i.__scatterload_copy  mc_w.l(handlers.o)
    0x08001f8a   0x08001f8a   0x00000002   Code   RO         4407    i.__scatterload_null  mc_w.l(handlers.o)
    0x08001f8c   0x08001f8c   0x0000000e   Code   RO         4408    i.__scatterload_zeroinit  mc_w.l(handlers.o)
    0x08001f9a   0x08001f9a   0x00000002   PAD
    0x08001f9c   0x08001f9c   0x00000048   Code   RO          199    i.main              main.o
    0x08001fe4   0x08001fe4   0x00000010   Code   RO         4158    i.mypow             lcd.o
    0x08001ff4   0x08001ff4   0x00000070   Code   RO         3172    i.prvAddCurrentTaskToDelayedList  tasks.o
    0x08002064   0x08002064   0x000000d0   Code   RO         3173    i.prvAddNewTaskToReadyList  tasks.o
    0x08002134   0x08002134   0x00000058   Code   RO         3492    i.prvCheckForValidListAndQueue  timers.o
    0x0800218c   0x0800218c   0x00000026   Code   RO         2842    i.prvCopyDataFromQueue  queue.o
    0x080021b2   0x080021b2   0x0000006c   Code   RO         2843    i.prvCopyDataToQueue  queue.o
    0x0800221e   0x0800221e   0x00000034   Code   RO         3174    i.prvDeleteTCB      tasks.o
    0x08002252   0x08002252   0x00000002   PAD
    0x08002254   0x08002254   0x0000004c   Code   RO         4005    i.prvHeapInit       heap_4.o
    0x080022a0   0x080022a0   0x00000060   Code   RO         3175    i.prvIdleTask       tasks.o
    0x08002300   0x08002300   0x00000016   Code   RO         2845    i.prvInitialiseNewQueue  queue.o
    0x08002316   0x08002316   0x00000098   Code   RO         3176    i.prvInitialiseNewTask  tasks.o
    0x080023ae   0x080023ae   0x00000002   PAD
    0x080023b0   0x080023b0   0x0000004c   Code   RO         4006    i.prvInsertBlockIntoFreeList  heap_4.o
    0x080023fc   0x080023fc   0x00000038   Code   RO         3494    i.prvInsertTimerInActiveList  timers.o
    0x08002434   0x08002434   0x0000001c   Code   RO         2846    i.prvIsQueueEmpty   queue.o
    0x08002450   0x08002450   0x000000f0   Code   RO         3495    i.prvProcessReceivedCommands  timers.o
    0x08002540   0x08002540   0x000000c0   Code   RO         3496    i.prvProcessTimerOrBlockTask  timers.o
    0x08002600   0x08002600   0x00000020   Code   RO         3177    i.prvResetNextTaskUnblockTime  tasks.o
    0x08002620   0x08002620   0x00000028   Code   RO         3497    i.prvSampleTimeNow  timers.o
    0x08002648   0x08002648   0x0000006c   Code   RO         3498    i.prvSwitchTimerLists  timers.o
    0x080026b4   0x080026b4   0x00000028   Code   RO         4062    i.prvTaskExitError  port.o
    0x080026dc   0x080026dc   0x00000024   Code   RO         3499    i.prvTimerTask      timers.o
    0x08002700   0x08002700   0x0000006a   Code   RO         2847    i.prvUnlockQueue    queue.o
    0x0800276a   0x0800276a   0x00000002   PAD
    0x0800276c   0x0800276c   0x000000dc   Code   RO         4007    i.pvPortMalloc      heap_4.o
    0x08002848   0x08002848   0x0000002c   Code   RO         4063    i.pxPortInitialiseStack  port.o
    0x08002874   0x08002874   0x00000026   Code   RO         2802    i.uxListRemove      list.o
    0x0800289a   0x0800289a   0x00000002   PAD
    0x0800289c   0x0800289c   0x00000014   Code   RO          307    i.vApplicationGetIdleTaskMemory  freertos.o
    0x080028b0   0x080028b0   0x00000018   Code   RO          308    i.vApplicationGetTimerTaskMemory  freertos.o
    0x080028c8   0x080028c8   0x00000016   Code   RO         2803    i.vListInitialise   list.o
    0x080028de   0x080028de   0x00000006   Code   RO         2804    i.vListInitialiseItem  list.o
    0x080028e4   0x080028e4   0x00000030   Code   RO         2805    i.vListInsert       list.o
    0x08002914   0x08002914   0x00000018   Code   RO         2806    i.vListInsertEnd    list.o
    0x0800292c   0x0800292c   0x00000040   Code   RO         4065    i.vPortEnterCritical  port.o
    0x0800296c   0x0800296c   0x00000028   Code   RO         4066    i.vPortExitCritical  port.o
    0x08002994   0x08002994   0x00000064   Code   RO         4008    i.vPortFree         heap_4.o
    0x080029f8   0x080029f8   0x00000024   Code   RO         4067    i.vPortSetupTimerInterrupt  port.o
    0x08002a1c   0x08002a1c   0x00000054   Code   RO         4068    i.vPortValidateInterruptPriority  port.o
    0x08002a70   0x08002a70   0x00000028   Code   RO         2851    i.vQueueAddToRegistry  queue.o
    0x08002a98   0x08002a98   0x00000044   Code   RO         2854    i.vQueueWaitForMessageRestricted  queue.o
    0x08002adc   0x08002adc   0x0000004c   Code   RO         3186    i.vTaskDelay        tasks.o
    0x08002b28   0x08002b28   0x000000ac   Code   RO         3188    i.vTaskDelete       tasks.o
    0x08002bd4   0x08002bd4   0x00000010   Code   RO         3190    i.vTaskInternalSetTimeOutState  tasks.o
    0x08002be4   0x08002be4   0x0000000c   Code   RO         3191    i.vTaskMissedYield  tasks.o
    0x08002bf0   0x08002bf0   0x00000030   Code   RO         3193    i.vTaskPlaceOnEventList  tasks.o
    0x08002c20   0x08002c20   0x00000038   Code   RO         3194    i.vTaskPlaceOnEventListRestricted  tasks.o
    0x08002c58   0x08002c58   0x00000088   Code   RO         3201    i.vTaskStartScheduler  tasks.o
    0x08002ce0   0x08002ce0   0x00000010   Code   RO         3203    i.vTaskSuspendAll   tasks.o
    0x08002cf0   0x08002cf0   0x0000005c   Code   RO         3204    i.vTaskSwitchContext  tasks.o
    0x08002d4c   0x08002d4c   0x000000f4   Code   RO         4069    i.xPortStartScheduler  port.o
    0x08002e40   0x08002e40   0x00000066   Code   RO         2858    i.xQueueGenericCreateStatic  queue.o
    0x08002ea6   0x08002ea6   0x00000002   PAD
    0x08002ea8   0x08002ea8   0x00000088   Code   RO         2859    i.xQueueGenericReset  queue.o
    0x08002f30   0x08002f30   0x00000160   Code   RO         2860    i.xQueueGenericSend  queue.o
    0x08003090   0x08003090   0x000000be   Code   RO         2861    i.xQueueGenericSendFromISR  queue.o
    0x0800314e   0x0800314e   0x00000002   PAD
    0x08003150   0x08003150   0x00000138   Code   RO         2867    i.xQueueReceive     queue.o
    0x08003288   0x08003288   0x00000074   Code   RO         3206    i.xTaskCheckForTimeOut  tasks.o
    0x080032fc   0x080032fc   0x0000005a   Code   RO         3207    i.xTaskCreate       tasks.o
    0x08003356   0x08003356   0x00000056   Code   RO         3208    i.xTaskCreateStatic  tasks.o
    0x080033ac   0x080033ac   0x0000001c   Code   RO         3212    i.xTaskGetSchedulerState  tasks.o
    0x080033c8   0x080033c8   0x0000000c   Code   RO         3213    i.xTaskGetTickCount  tasks.o
    0x080033d4   0x080033d4   0x000000cc   Code   RO         3215    i.xTaskIncrementTick  tasks.o
    0x080034a0   0x080034a0   0x00000098   Code   RO         3218    i.xTaskPriorityDisinherit  tasks.o
    0x08003538   0x08003538   0x00000078   Code   RO         3220    i.xTaskRemoveFromEventList  tasks.o
    0x080035b0   0x080035b0   0x000000c4   Code   RO         3221    i.xTaskResumeAll    tasks.o
    0x08003674   0x08003674   0x00000060   Code   RO         3506    i.xTimerCreateTimerTask  timers.o
    0x080036d4   0x080036d4   0x00000060   Code   RO         3507    i.xTimerGenericCommand  timers.o
    0x08003734   0x08003734   0x00000010   Data   RO         2665    .constdata          system_stm32f4xx.o
    0x08003744   0x08003744   0x00000008   Data   RO         2666    .constdata          system_stm32f4xx.o
    0x0800374c   0x0800374c   0x00000474   Data   RO         4336    .constdata          lcdfont.o
    0x08003bc0   0x08003bc0   0x000005f0   Data   RO         4337    .constdata          lcdfont.o
    0x080041b0   0x080041b0   0x000011d0   Data   RO         4338    .constdata          lcdfont.o
    0x08005380   0x08005380   0x000017c0   Data   RO         4339    .constdata          lcdfont.o
    0x08006b40   0x08006b40   0x00000020   Data   RO         4404    Region$$Table       anon$$obj.o


    Execution Region RW_IRAM1 (Exec base: 0x20000000, Load base: 0x08006b60, Size: 0x00004c00, Max: 0x00018000, ABSOLUTE)

    Exec Addr    Load Addr    Size         Type   Attr      Idx    E Section Name        Object

    0x20000000   0x08006b60   0x00000028   Data   RW          200    .data               main.o
    0x20000028   0x08006b88   0x0000000c   Data   RW         1459    .data               stm32f4xx_hal.o
    0x20000034   0x08006b94   0x00000004   Data   RW         2667    .data               system_stm32f4xx.o
    0x20000038   0x08006b98   0x0000003c   Data   RW         3224    .data               tasks.o
    0x20000074   0x08006bd4   0x00000014   Data   RW         3513    .data               timers.o
    0x20000088   0x08006be8   0x00000020   Data   RW         4014    .data               heap_4.o
    0x200000a8   0x08006c08   0x0000000c   Data   RW         4070    .data               port.o
    0x200000b4   0x08006c14   0x00000001   Data   RW         4159    .data               lcd.o
    0x200000b5   0x08006c15   0x00000001   Data   RW         4284    .data               lcd_init.o
    0x200000b6   0x08006c16   0x00000002   PAD
    0x200000b8        -       0x00000048   Zero   RW          156    .bss                bsp_time.o
    0x20000100        -       0x000006a8   Zero   RW          309    .bss                freertos.o
    0x200007a8        -       0x00000048   Zero   RW          456    .bss                stm32f4xx_hal_timebase_tim.o
    0x200007f0        -       0x00000040   Zero   RW         2870    .bss                queue.o
    0x20000830        -       0x000002e4   Zero   RW         3223    .bss                tasks.o
    0x20000b14        -       0x000000e8   Zero   RW         3512    .bss                timers.o
    0x20000bfc        -       0x00003c00   Zero   RW         4013    .bss                heap_4.o
    0x200047fc   0x08006c16   0x00000004   PAD
    0x20004800        -       0x00000400   Zero   RW            1    STACK               startup_stm32f401xe.o


==============================================================================

Image component sizes


      Code (inc. data)   RO Data    RW Data    ZI Data      Debug   Object Name

       172         16          0          0          0     409859   bsp_gpio.o
       348         22          0          0         72       1739   bsp_time.o
         0          0          0          0          0      20260   event_groups.o
        44         10          0          0       1704       2165   freertos.o
       472         24          0         32      15360       5183   heap_4.o
       734         50          0          1          0       7534   lcd.o
       642         20          0          1          0       5678   lcd_init.o
         0          0      13300          0          0       1614   lcdfont.o
       138          0          0          0          0       3858   list.o
       640        144          0         40          0      28568   main.o
       786         82          0         12          0      12457   port.o
      1502         20          0          0         64      18080   queue.o
        36          8        404          0       1024        888   startup_stm32f401xe.o
        80         14          0         12          0       8246   stm32f4xx_hal.o
       158         14          0          0          0      33294   stm32f4xx_hal_cortex.o
       500         34          0          0          0       3035   stm32f4xx_hal_gpio.o
       216         30          0          0          0       2399   stm32f4xx_hal_msp.o
      1380         74          0          0          0       5606   stm32f4xx_hal_rcc.o
      1822         88          0          0          0      18030   stm32f4xx_hal_tim.o
       128         20          0          0          0       2689   stm32f4xx_hal_tim_ex.o
       140         22          0          0         72       1575   stm32f4xx_hal_timebase_tim.o
        24          6          0          0          0       3620   stm32f4xx_it.o
        16          4         24          4          0       1283   system_stm32f4xx.o
      2280        186          0         60        740      28978   tasks.o
       952         80          0         20        232      30859   timers.o

    ----------------------------------------------------------------------
     13236        968      13760        184      19272     657497   Object Totals
         0          0         32          0          0          0   (incl. Generated)
        26          0          0          2          4          0   (incl. Padding)

    ----------------------------------------------------------------------

      Code (inc. data)   RO Data    RW Data    ZI Data      Debug   Library Member Name

         0          0          0          0          0          0   entry.o
         0          0          0          0          0          0   entry10a.o
         0          0          0          0          0          0   entry11a.o
         4          0          0          0          0          0   entry12b.o
         8          4          0          0          0          0   entry2.o
         4          0          0          0          0          0   entry5.o
         0          0          0          0          0          0   entry7b.o
         0          0          0          0          0          0   entry8b.o
         8          4          0          0          0          0   entry9a.o
        30          0          0          0          0          0   handlers.o
        36          8          0          0          0         68   init.o
         0          0          0          0          0          0   iusefp.o
        30          0          0          0          0         68   llshl.o
        32          0          0          0          0         68   llushr.o
        36          0          0          0          0         68   memcpya.o
        36          0          0          0          0        108   memseta.o
        98          0          0          0          0         92   uldiv.o
        56          0          0          0          0         88   d2f.o
       110          0          0          0          0        168   fepilogue.o

    ----------------------------------------------------------------------
       492         16          0          0          0        728   Library Totals
         4          0          0          0          0          0   (incl. Padding)

    ----------------------------------------------------------------------

      Code (inc. data)   RO Data    RW Data    ZI Data      Debug   Library Name

       322         16          0          0          0        472   mc_w.l
       166          0          0          0          0        256   mf_w.l

    ----------------------------------------------------------------------
       492         16          0          0          0        728   Library Totals

    ----------------------------------------------------------------------

==============================================================================


      Code (inc. data)   RO Data    RW Data    ZI Data      Debug   

     13728        984      13760        184      19272     644869   Grand Totals
     13728        984      13760        184      19272     644869   ELF Image Totals
     13728        984      13760        184          0          0   ROM Totals

==============================================================================

    Total RO  Size (Code + RO Data)                27488 (  26.84kB)
    Total RW  Size (RW Data + ZI Data)             19456 (  19.00kB)
    Total ROM Size (Code + RO Data + RW Data)      27672 (  27.02kB)

==============================================================================

