<html>
<body>
<pre>
<h1>µVision Build Log</h1>
<h2>Tool Versions:</h2>
IDE-Version: ¦ÌVision V5.41.0.0
Copyright (C) 2024 ARM Ltd and ARM Germany GmbH. All rights reserved.
License Information:  ,  , LIC=S5ISZ-J922Q-8Y7VV-PTGAJ-QU6XD-4N4KI
 
Tool Versions:
Toolchain:       MDK-ARM Professional  Version: 5.41.0.0
Toolchain Path:  D:\Keil_v5\ARM\ARM_Compiler_5.06u7\Bin
C Compiler:      Armcc.exe V5.06 update 7 (build 960)
Assembler:       Armasm.exe V5.06 update 7 (build 960)
Linker/Locator:  ArmLink.exe V5.06 update 7 (build 960)
Library Manager: ArmAr.exe V5.06 update 7 (build 960)
Hex Converter:   FromElf.exe V5.06 update 7 (build 960)
CPU DLL:         SARMCM3.DLL V5.41.0.0
Dialog DLL:      DCM.DLL V1.17.5.0
Target DLL:      STLink\ST-LINKIII-KEIL_SWO.dll V3.3.0.0
Dialog DLL:      TCM.DLL V1.56.4.0
 
<h2>Project:</h2>
C:\Users\lenovo\OneDrive\Desktop\STM32F401\STM32F401CC\FreeRTOS-v1.0-closedposition-loop FOC\MDK-ARM\FreeRTOS-v1.0.uvprojx
Project File Date:  11/25/2024

<h2>Output:</h2>
*** Using Compiler 'V5.06 update 7 (build 960)', folder: 'D:\Keil_v5\ARM\ARM_Compiler_5.06u7\Bin'
Rebuild target 'FreeRTOS-v1.0'
assembling startup_stm32f401xe.s...
compiling stm32f4xx_hal_flash_ex.c...
compiling stm32f4xx_hal_gpio.c...
compiling stm32f4xx_hal_flash.c...
compiling stm32f4xx_hal_timebase_tim.c...
compiling stm32f4xx_hal_rcc.c...
compiling stm32f4xx_it.c...
compiling stm32f4xx_hal_rcc_ex.c...
compiling stm32f4xx_hal_flash_ramfunc.c...
compiling i2c.c...
compiling tim.c...
compiling stm32f4xx_hal_msp.c...
compiling gpio.c...
compiling freertos.c...
compiling main.c...
../Core/Src/main.c(365): warning:  #177-D: variable "angle"  was declared but never referenced
  	float angle;
../Core/Src/main.c: 1 warning, 0 errors
compiling stm32f4xx_hal_dma_ex.c...
compiling croutine.c...
compiling event_groups.c...
compiling list.c...
compiling queue.c...
compiling stream_buffer.c...
compiling timers.c...
compiling tasks.c...
compiling heap_4.c...
compiling port.c...
compiling cmsis_os.c...
compiling stm32f4xx_hal_cortex.c...
compiling stm32f4xx_hal_pwr.c...
compiling stm32f4xx_hal.c...
compiling stm32f4xx_hal_i2c_ex.c...
compiling stm32f4xx_hal_exti.c...
compiling system_stm32f4xx.c...
compiling stm32f4xx_hal_dma.c...
compiling stm32f4xx_hal_pwr_ex.c...
compiling lcdfont.c...
compiling AS5600.c...
compiling stm32f4xx_hal_tim_ex.c...
compiling lcd_init.c...
compiling lcd.c...
compiling stm32f4xx_hal_tim.c...
compiling Closedloop-FOC.c...
compiling stm32f4xx_hal_i2c.c...
compiling Timecount.c...
linking...
Program Size: Code=22432 RO-data=14048 RW-data=236 ZI-data=19396  
FromELF: creating hex file...
"FreeRTOS-v1.0\FreeRTOS-v1.0" - 0 Error(s), 1 Warning(s).

<h2>Software Packages used:</h2>

Package Vendor: ARM
                https://www.keil.com/pack/ARM.CMSIS.6.1.0.pack
                ARM::CMSIS@6.1.0
                CMSIS (Common Microcontroller Software Interface Standard)
   * Component: CORE Version: 6.1.0

Package Vendor: Keil
                http://www.keil.com/pack/Keil.STM32F4xx_DFP.2.15.0.pack
                Keil::STM32F4xx_DFP@2.15.0
                STMicroelectronics STM32F4 Series Device Support, Drivers and Examples

<h2>Collection of Component include folders:</h2>
  ./RTE/_FreeRTOS-v1.0
  D:/Keil_v5/ARM/Pack/ARM/CMSIS/6.1.0/CMSIS/Core/Include
  D:/Keil_v5/ARM/Pack/Keil/STM32F4xx_DFP/2.15.0/Drivers/CMSIS/Device/ST/STM32F4xx/Include

<h2>Collection of Component Files used:</h2>

   * Component: ARM::CMSIS:CORE@6.1.0
      Include file:  CMSIS/Core/Include/tz_context.h
Build Time Elapsed:  00:00:07
</pre>
</body>
</html>
