Component: ARM Compiler 5.06 update 7 (build 960) Tool: armlink [4d3601]

==============================================================================

Section Cross References

    startup_stm32f401xe.o(RESET) refers to startup_stm32f401xe.o(STACK) for __initial_sp
    startup_stm32f401xe.o(RESET) refers to startup_stm32f401xe.o(.text) for Reset_Handler
    startup_stm32f401xe.o(RESET) refers to stm32f4xx_it.o(i.NMI_Handler) for NMI_Handler
    startup_stm32f401xe.o(RESET) refers to stm32f4xx_it.o(i.HardFault_Handler) for HardFault_Handler
    startup_stm32f401xe.o(RESET) refers to stm32f4xx_it.o(i.MemManage_Handler) for MemManage_Handler
    startup_stm32f401xe.o(RESET) refers to stm32f4xx_it.o(i.BusFault_Handler) for BusFault_Handler
    startup_stm32f401xe.o(RESET) refers to stm32f4xx_it.o(i.UsageFault_Handler) for UsageFault_Handler
    startup_stm32f401xe.o(RESET) refers to port.o(.emb_text) for SVC_Handler
    startup_stm32f401xe.o(RESET) refers to stm32f4xx_it.o(i.DebugMon_Handler) for DebugMon_Handler
    startup_stm32f401xe.o(RESET) refers to port.o(i.SysTick_Handler) for SysTick_Handler
    startup_stm32f401xe.o(RESET) refers to stm32f4xx_it.o(i.TIM1_UP_TIM10_IRQHandler) for TIM1_UP_TIM10_IRQHandler
    startup_stm32f401xe.o(.text) refers to system_stm32f4xx.o(i.SystemInit) for SystemInit
    startup_stm32f401xe.o(.text) refers to entry.o(.ARM.Collect$$$$00000000) for __main
    main.o(i.AS5600_Task) refers to tasks.o(i.xTaskGetTickCount) for xTaskGetTickCount
    main.o(i.AS5600_Task) refers to tasks.o(i.vTaskDelayUntil) for vTaskDelayUntil
    main.o(i.AppTaskCreate) refers to port.o(i.vPortEnterCritical) for vPortEnterCritical
    main.o(i.AppTaskCreate) refers to tasks.o(i.xTaskCreate) for xTaskCreate
    main.o(i.AppTaskCreate) refers to tasks.o(i.vTaskDelete) for vTaskDelete
    main.o(i.AppTaskCreate) refers to port.o(i.vPortExitCritical) for vPortExitCritical
    main.o(i.AppTaskCreate) refers to main.o(.data) for .data
    main.o(i.AppTaskCreate) refers to main.o(i.LED_Task) for LED_Task
    main.o(i.AppTaskCreate) refers to main.o(i.KEY_Task) for KEY_Task
    main.o(i.AppTaskCreate) refers to main.o(i.PWM_DETECT_Task) for PWM_DETECT_Task
    main.o(i.AppTaskCreate) refers to lcd.o(.bss) for LCD_Show_Parameter
    main.o(i.AppTaskCreate) refers to main.o(i.LCD_Task) for LCD_Task
    main.o(i.AppTaskCreate) refers to main.o(i.Openloop_FOC_Task) for Openloop_FOC_Task
    main.o(i.AppTaskCreate) refers to main.o(i.AS5600_Task) for AS5600_Task
    main.o(i.HAL_TIM_PeriodElapsedCallback) refers to stm32f4xx_hal.o(i.HAL_IncTick) for HAL_IncTick
    main.o(i.KEY_Task) refers to stm32f4xx_hal_gpio.o(i.HAL_GPIO_ReadPin) for HAL_GPIO_ReadPin
    main.o(i.KEY_Task) refers to tasks.o(i.vTaskDelay) for vTaskDelay
    main.o(i.KEY_Task) refers to main.o(.data) for .data
    main.o(i.LCD_Task) refers to as5600.o(i.getAngle) for getAngle
    main.o(i.LCD_Task) refers to as5600.o(i.getMechanicalAngle) for getMechanicalAngle
    main.o(i.LCD_Task) refers to lcd.o(i.LCD_Show_Dynamic) for LCD_Show_Dynamic
    main.o(i.LCD_Task) refers to tasks.o(i.vTaskDelay) for vTaskDelay
    main.o(i.LCD_Task) refers to lcd_init.o(i.LCD_Init) for LCD_Init
    main.o(i.LCD_Task) refers to lcd.o(i.LCD_Show_Static) for LCD_Show_Static
    main.o(i.LCD_Task) refers to lcd_init.o(.data) for LCD_init_flag
    main.o(i.LCD_Task) refers to main.o(.data) for .data
    main.o(i.LCD_Task) refers to lcd.o(.bss) for LCD_Show_Parameter
    main.o(i.LCD_Task) refers to closedloop-foc.o(.bss) for FOC_Init_Parameter
    main.o(i.LED_Task) refers to tasks.o(i.vTaskDelay) for vTaskDelay
    main.o(i.LED_Task) refers to main.o(.data) for .data
    main.o(i.Openloop_FOC_Task) refers to stm32f4xx_hal_gpio.o(i.HAL_GPIO_WritePin) for HAL_GPIO_WritePin
    main.o(i.Openloop_FOC_Task) refers to timecount.o(i.Get_Interval_Timetick) for Get_Interval_Timetick
    main.o(i.Openloop_FOC_Task) refers to closedloop-foc.o(i.DFOC_M0_SET_VEL_PID) for DFOC_M0_SET_VEL_PID
    main.o(i.Openloop_FOC_Task) refers to closedloop-foc.o(i.DFOC_M0_SET_ANGLE_PID) for DFOC_M0_SET_ANGLE_PID
    main.o(i.Openloop_FOC_Task) refers to closedloop-foc.o(i.DFOC_M0_setVelocity) for DFOC_M0_setVelocity
    main.o(i.Openloop_FOC_Task) refers to tasks.o(i.vTaskDelayUntil) for vTaskDelayUntil
    main.o(i.Openloop_FOC_Task) refers to closedloop-foc.o(i.FOC_Iint) for FOC_Iint
    main.o(i.Openloop_FOC_Task) refers to tasks.o(i.xTaskGetTickCount) for xTaskGetTickCount
    main.o(i.Openloop_FOC_Task) refers to closedloop-foc.o(.data) for FOC_Iint_Flag
    main.o(i.Openloop_FOC_Task) refers to closedloop-foc.o(.bss) for FOC_Init_Parameter
    main.o(i.Openloop_FOC_Task) refers to main.o(.data) for .data
    main.o(i.Openloop_FOC_Task) refers to lcd.o(.bss) for LCD_Show_Parameter
    main.o(i.Openloop_FOC_Task) refers to pid.o(.data) for PID_Angle_Coefficient
    main.o(i.Openloop_FOC_Task) refers to pid.o(.data) for PID_Vel_Coefficient
[...]
    i.__kernel_poly                          0x08004bc0   Section        0  poly.o(i.__kernel_poly)
    i.__kernel_sin                           0x08004cb8   Section        0  sin_i.o(i.__kernel_sin)
    i.__mathlib_dbl_divzero                  0x08004de8   Section        0  dunder.o(i.__mathlib_dbl_divzero)
    i.__mathlib_dbl_infnan                   0x08004e18   Section        0  dunder.o(i.__mathlib_dbl_infnan)
    i.__mathlib_dbl_infnan2                  0x08004e2c   Section        0  dunder.o(i.__mathlib_dbl_infnan2)
    i.__mathlib_dbl_invalid                  0x08004e40   Section        0  dunder.o(i.__mathlib_dbl_invalid)
    i.__mathlib_dbl_overflow                 0x08004e60   Section        0  dunder.o(i.__mathlib_dbl_overflow)
    i.__mathlib_dbl_underflow                0x08004e80   Section        0  dunder.o(i.__mathlib_dbl_underflow)
    i.__scatterload_copy                     0x08004ea0   Section       14  handlers.o(i.__scatterload_copy)
    i.__scatterload_null                     0x08004eae   Section        2  handlers.o(i.__scatterload_null)
    i.__scatterload_zeroinit                 0x08004eb0   Section       14  handlers.o(i.__scatterload_zeroinit)
    i.__set_errno                            0x08004ec0   Section        0  errno.o(i.__set_errno)
    i._electricalAngle                       0x08004ecc   Section        0  closedloop-foc.o(i._electricalAngle)
    i._normalizeAngle                        0x08004f00   Section        0  closedloop-foc.o(i._normalizeAngle)
    i.fabs                                   0x08004f44   Section        0  fabs.o(i.fabs)
    i.getAngle                               0x08004f5c   Section        0  as5600.o(i.getAngle)
    i.getMechanicalAngle                     0x08004f78   Section        0  as5600.o(i.getMechanicalAngle)
    i.getSensorAngle                         0x08004f80   Section        0  as5600.o(i.getSensorAngle)
    i.getVelocity                            0x08005004   Section        0  as5600.o(i.getVelocity)
    i.main                                   0x0800505c   Section        0  main.o(i.main)
    i.mypow                                  0x080050a8   Section        0  lcd.o(i.mypow)
    i.prvAddCurrentTaskToDelayedList         0x080050b8   Section        0  tasks.o(i.prvAddCurrentTaskToDelayedList)
    prvAddCurrentTaskToDelayedList           0x080050b9   Thumb Code   102  tasks.o(i.prvAddCurrentTaskToDelayedList)
    i.prvAddNewTaskToReadyList               0x08005128   Section        0  tasks.o(i.prvAddNewTaskToReadyList)
    prvAddNewTaskToReadyList                 0x08005129   Thumb Code   190  tasks.o(i.prvAddNewTaskToReadyList)
    i.prvCheckForValidListAndQueue           0x080051f8   Section        0  timers.o(i.prvCheckForValidListAndQueue)
    prvCheckForValidListAndQueue             0x080051f9   Thumb Code    72  timers.o(i.prvCheckForValidListAndQueue)
    i.prvCopyDataFromQueue                   0x08005250   Section        0  queue.o(i.prvCopyDataFromQueue)
    prvCopyDataFromQueue                     0x08005251   Thumb Code    38  queue.o(i.prvCopyDataFromQueue)
    i.prvCopyDataToQueue                     0x08005276   Section        0  queue.o(i.prvCopyDataToQueue)
    prvCopyDataToQueue                       0x08005277   Thumb Code   108  queue.o(i.prvCopyDataToQueue)
    i.prvDeleteTCB                           0x080052e2   Section        0  tasks.o(i.prvDeleteTCB)
    prvDeleteTCB                             0x080052e3   Thumb Code    52  tasks.o(i.prvDeleteTCB)
    i.prvHeapInit                            0x08005318   Section        0  heap_4.o(i.prvHeapInit)
    prvHeapInit                              0x08005319   Thumb Code    66  heap_4.o(i.prvHeapInit)
    i.prvIdleTask                            0x08005364   Section        0  tasks.o(i.prvIdleTask)
    prvIdleTask                              0x08005365   Thumb Code    82  tasks.o(i.prvIdleTask)
    i.prvInitialiseNewQueue                  0x080053c4   Section        0  queue.o(i.prvInitialiseNewQueue)
    prvInitialiseNewQueue                    0x080053c5   Thumb Code    22  queue.o(i.prvInitialiseNewQueue)
    i.prvInitialiseNewTask                   0x080053da   Section        0  tasks.o(i.prvInitialiseNewTask)
    prvInitialiseNewTask                     0x080053db   Thumb Code   152  tasks.o(i.prvInitialiseNewTask)
    i.prvInsertBlockIntoFreeList             0x08005474   Section        0  heap_4.o(i.prvInsertBlockIntoFreeList)
    prvInsertBlockIntoFreeList               0x08005475   Thumb Code    72  heap_4.o(i.prvInsertBlockIntoFreeList)
    i.prvInsertTimerInActiveList             0x080054c0   Section        0  timers.o(i.prvInsertTimerInActiveList)
    prvInsertTimerInActiveList               0x080054c1   Thumb Code    52  timers.o(i.prvInsertTimerInActiveList)
    i.prvIsQueueEmpty                        0x080054f8   Section        0  queue.o(i.prvIsQueueEmpty)
    prvIsQueueEmpty                          0x080054f9   Thumb Code    28  queue.o(i.prvIsQueueEmpty)
    i.prvProcessReceivedCommands             0x08005514   Section        0  timers.o(i.prvProcessReceivedCommands)
    prvProcessReceivedCommands               0x08005515   Thumb Code   234  timers.o(i.prvProcessReceivedCommands)
    i.prvProcessTimerOrBlockTask             0x08005604   Section        0  timers.o(i.prvProcessTimerOrBlockTask)
    prvProcessTimerOrBlockTask               0x08005605   Thumb Code   182  timers.o(i.prvProcessTimerOrBlockTask)
    i.prvResetNextTaskUnblockTime            0x080056c4   Section        0  tasks.o(i.prvResetNextTaskUnblockTime)
    prvResetNextTaskUnblockTime              0x080056c5   Thumb Code    26  tasks.o(i.prvResetNextTaskUnblockTime)
    i.prvSampleTimeNow                       0x080056e4   Section        0  timers.o(i.prvSampleTimeNow)
    prvSampleTimeNow                         0x080056e5   Thumb Code    36  timers.o(i.prvSampleTimeNow)
    i.prvSwitchTimerLists                    0x0800570c   Section        0  timers.o(i.prvSwitchTimerLists)
    prvSwitchTimerLists                      0x0800570d   Thumb Code   104  timers.o(i.prvSwitchTimerLists)
    i.prvTaskExitError                       0x08005778   Section        0  port.o(i.prvTaskExitError)
    prvTaskExitError                         0x08005779   Thumb Code    36  port.o(i.prvTaskExitError)
    i.prvTimerTask                           0x080057a0   Section        0  timers.o(i.prvTimerTask)
    prvTimerTask                             0x080057a1   Thumb Code    32  timers.o(i.prvTimerTask)
    i.prvUnlockQueue                         0x080057c4   Section        0  queue.o(i.prvUnlockQueue)
    prvUnlockQueue                           0x080057c5   Thumb Code   106  queue.o(i.prvUnlockQueue)
    i.pvPortMalloc                           0x08005830   Section        0  heap_4.o(i.pvPortMalloc)
    i.pxPortInitialiseStack                  0x0800590c   Section        0  port.o(i.pxPortInitialiseStack)
    i.setPwm                                 0x08005938   Section        0  closedloop-foc.o(i.setPwm)
    i.setTorque                              0x08005a30   Section        0  closedloop-foc.o(i.setTorque)
    i.sqrt                                   0x08005bf0   Section        0  sqrt.o(i.sqrt)
    i.uxListRemove                           0x08005c5e   Section        0  list.o(i.uxListRemove)
    i.vApplicationGetIdleTaskMemory          0x08005c84   Section        0  freertos.o(i.vApplicationGetIdleTaskMemory)
    i.vApplicationGetTimerTaskMemory         0x08005c98   Section        0  freertos.o(i.vApplicationGetTimerTaskMemory)
    i.vListInitialise                        0x08005cb0   Section        0  list.o(i.vListInitialise)
    i.vListInitialiseItem                    0x08005cc6   Section        0  list.o(i.vListInitialiseItem)
    i.vListInsert                            0x08005ccc   Section        0  list.o(i.vListInsert)
    i.vListInsertEnd                         0x08005cfc   Section        0  list.o(i.vListInsertEnd)
    i.vPortEnterCritical                     0x08005d14   Section        0  port.o(i.vPortEnterCritical)
    i.vPortExitCritical                      0x08005d54   Section        0  port.o(i.vPortExitCritical)
    i.vPortFree                              0x08005d7c   Section        0  heap_4.o(i.vPortFree)
    i.vPortSetupTimerInterrupt               0x08005de0   Section        0  port.o(i.vPortSetupTimerInterrupt)
    i.vPortValidateInterruptPriority         0x08005e04   Section        0  port.o(i.vPortValidateInterruptPriority)
    i.vQueueAddToRegistry                    0x08005e58   Section        0  queue.o(i.vQueueAddToRegistry)
    i.vQueueWaitForMessageRestricted         0x08005e80   Section        0  queue.o(i.vQueueWaitForMessageRestricted)
    i.vTaskDelay                             0x08005ec4   Section        0  tasks.o(i.vTaskDelay)
    i.vTaskDelayUntil                        0x08005f10   Section        0  tasks.o(i.vTaskDelayUntil)
    i.vTaskDelete                            0x08005f9c   Section        0  tasks.o(i.vTaskDelete)
    i.vTaskInternalSetTimeOutState           0x08006048   Section        0  tasks.o(i.vTaskInternalSetTimeOutState)
    i.vTaskMissedYield                       0x08006058   Section        0  tasks.o(i.vTaskMissedYield)
    i.vTaskPlaceOnEventList                  0x08006064   Section        0  tasks.o(i.vTaskPlaceOnEventList)
    i.vTaskPlaceOnEventListRestricted        0x08006094   Section        0  tasks.o(i.vTaskPlaceOnEventListRestricted)
    i.vTaskStartScheduler                    0x080060cc   Section        0  tasks.o(i.vTaskStartScheduler)
    i.vTaskSuspendAll                        0x08006154   Section        0  tasks.o(i.vTaskSuspendAll)
    i.vTaskSwitchContext                     0x08006164   Section        0  tasks.o(i.vTaskSwitchContext)
    i.xPortStartScheduler                    0x080061c0   Section        0  port.o(i.xPortStartScheduler)
    i.xQueueGenericCreateStatic              0x080062b4   Section        0  queue.o(i.xQueueGenericCreateStatic)
    i.xQueueGenericReset                     0x0800631c   Section        0  queue.o(i.xQueueGenericReset)
    i.xQueueGenericSend                      0x080063a4   Section        0  queue.o(i.xQueueGenericSend)
    i.xQueueGenericSendFromISR               0x08006504   Section        0  queue.o(i.xQueueGenericSendFromISR)
    i.xQueueReceive                          0x080065c4   Section        0  queue.o(i.xQueueReceive)
    i.xTaskCheckForTimeOut                   0x080066fc   Section        0  tasks.o(i.xTaskCheckForTimeOut)
    i.xTaskCreate                            0x08006770   Section        0  tasks.o(i.xTaskCreate)
    i.xTaskCreateStatic                      0x080067ca   Section        0  tasks.o(i.xTaskCreateStatic)
    i.xTaskGetSchedulerState                 0x08006820   Section        0  tasks.o(i.xTaskGetSchedulerState)
    i.xTaskGetTickCount                      0x0800683c   Section        0  tasks.o(i.xTaskGetTickCount)
    i.xTaskIncrementTick                     0x08006848   Section        0  tasks.o(i.xTaskIncrementTick)
    i.xTaskPriorityDisinherit                0x08006914   Section        0  tasks.o(i.xTaskPriorityDisinherit)
    i.xTaskRemoveFromEventList               0x080069ac   Section        0  tasks.o(i.xTaskRemoveFromEventList)
    i.xTaskResumeAll                         0x08006a24   Section        0  tasks.o(i.xTaskResumeAll)
    i.xTimerCreateTimerTask                  0x08006ae8   Section        0  timers.o(i.xTimerCreateTimerTask)
    i.xTimerGenericCommand                   0x08006b48   Section        0  timers.o(i.xTimerGenericCommand)
    .constdata                               0x08006ba8   Section       16  system_stm32f4xx.o(.constdata)
    .constdata                               0x08006bb8   Section        8  system_stm32f4xx.o(.constdata)
    .constdata                               0x08006bc0   Section     1140  lcdfont.o(.constdata)
    .constdata                               0x08007034   Section     1520  lcdfont.o(.constdata)
    .constdata                               0x08007624   Section     4560  lcdfont.o(.constdata)
    .constdata                               0x080087f4   Section     6080  lcdfont.o(.constdata)
    .constdata                               0x08009fb8   Section      136  pow.o(.constdata)
    bp                                       0x08009fb8   Data          16  pow.o(.constdata)
    dp_h                                     0x08009fc8   Data          16  pow.o(.constdata)
    dp_l                                     0x08009fd8   Data          16  pow.o(.constdata)
    L                                        0x08009fe8   Data          48  pow.o(.constdata)
    P                                        0x0800a018   Data          40  pow.o(.constdata)
    .constdata                               0x0800a040   Section       48  cos_i.o(.constdata)
    C                                        0x0800a040   Data          48  cos_i.o(.constdata)
    .constdata                               0x0800a070   Section        8  qnan.o(.constdata)
    .constdata                               0x0800a078   Section      200  rred.o(.constdata)
    pio2s                                    0x0800a078   Data          48  rred.o(.constdata)
    twooverpi                                0x0800a0a8   Data         152  rred.o(.constdata)
    .constdata                               0x0800a140   Section       40  sin_i.o(.constdata)
    S                                        0x0800a140   Data          40  sin_i.o(.constdata)
    .data                                    0x20000000   Section       36  main.o(.data)
    LED1_level_change_flag                   0x20000000   Data           1  main.o(.data)
    key_down_flag                            0x20000001   Data           1  main.o(.data)
    Led_Task_Handle                          0x20000004   Data           4  main.o(.data)
    KEY_Task_Handle                          0x20000008   Data           4  main.o(.data)
    PWM_DETECT_Task_Handle                   0x2000000c   Data           4  main.o(.data)
    LCD_Task_Handle                          0x20000010   Data           4  main.o(.data)
    Openloop_FOC_Task_Handle                 0x20000014   Data           4  main.o(.data)
    AS5600_Task_Handle                       0x20000018   Data           4  main.o(.data)
    LED1_Delay_time                          0x2000001c   Data           4  main.o(.data)
    AppTaskCreate_Handle                     0x20000020   Data           4  main.o(.data)
    .data                                    0x20000024   Section       12  stm32f4xx_hal.o(.data)
    .data                                    0x20000030   Section        4  system_stm32f4xx.o(.data)
    .data                                    0x20000034   Section       60  tasks.o(.data)
    uxDeletedTasksWaitingCleanUp             0x20000038   Data           4  tasks.o(.data)
    uxCurrentNumberOfTasks                   0x2000003c   Data           4  tasks.o(.data)
    xTickCount                               0x20000040   Data           4  tasks.o(.data)
    uxTopReadyPriority                       0x20000044   Data           4  tasks.o(.data)
    xSchedulerRunning                        0x20000048   Data           4  tasks.o(.data)
    xPendedTicks                             0x2000004c   Data           4  tasks.o(.data)
    xYieldPending                            0x20000050   Data           4  tasks.o(.data)
    xNumOfOverflows                          0x20000054   Data           4  tasks.o(.data)
    uxTaskNumber                             0x20000058   Data           4  tasks.o(.data)
    xNextTaskUnblockTime                     0x2000005c   Data           4  tasks.o(.data)
    xIdleTaskHandle                          0x20000060   Data           4  tasks.o(.data)
    uxSchedulerSuspended                     0x20000064   Data           4  tasks.o(.data)
    pxDelayedTaskList                        0x20000068   Data           4  tasks.o(.data)
    pxOverflowDelayedTaskList                0x2000006c   Data           4  tasks.o(.data)
    .data                                    0x20000070   Section       20  timers.o(.data)
    xTimerQueue                              0x20000070   Data           4  timers.o(.data)
    xTimerTaskHandle                         0x20000074   Data           4  timers.o(.data)
    xLastTime                                0x20000078   Data           4  timers.o(.data)
    pxCurrentTimerList                       0x2000007c   Data           4  timers.o(.data)
    pxOverflowTimerList                      0x20000080   Data           4  timers.o(.data)
    .data                                    0x20000084   Section       32  heap_4.o(.data)
    pxEnd                                    0x20000084   Data           4  heap_4.o(.data)
    xFreeBytesRemaining                      0x20000088   Data           4  heap_4.o(.data)
    xMinimumEverFreeBytesRemaining           0x2000008c   Data           4  heap_4.o(.data)
    xNumberOfSuccessfulAllocations           0x20000090   Data           4  heap_4.o(.data)
    xNumberOfSuccessfulFrees                 0x20000094   Data           4  heap_4.o(.data)
    xBlockAllocatedBit                       0x20000098   Data           4  heap_4.o(.data)
    xStart                                   0x2000009c   Data           8  heap_4.o(.data)
    .data                                    0x200000a4   Section       12  port.o(.data)
    ucMaxSysCallPriority                     0x200000a4   Data           1  port.o(.data)
    uxCriticalNesting                        0x200000a8   Data           4  port.o(.data)
    ulMaxPRIGROUPValue                       0x200000ac   Data           4  port.o(.data)
    .data                                    0x200000b0   Section        1  lcd.o(.data)
    .data                                    0x200000b1   Section        1  lcd_init.o(.data)
    .data                                    0x200000b4   Section       32  closedloop-foc.o(.data)
    .data                                    0x200000d4   Section        8  as5600.o(.data)
    .data                                    0x200000dc   Section       40  pid.o(.data)
    .data                                    0x20000104   Section       40  pid.o(.data)
    .data                                    0x2000012c   Section        4  errno.o(.data)
    _errno                                   0x2000012c   Data           4  errno.o(.data)
    .bss                                     0x20000130   Section       84  i2c.o(.bss)
    .bss                                     0x20000184   Section       72  tim.o(.bss)
    .bss                                     0x200001cc   Section       72  stm32f4xx_hal_timebase_tim.o(.bss)
    .bss                                     0x20000214   Section     1704  freertos.o(.bss)
    xIdleTaskTCBBuffer                       0x20000214   Data          84  freertos.o(.bss)
    xIdleStack                               0x20000268   Data         512  freertos.o(.bss)
    xTimerTaskTCBBuffer                      0x20000468   Data          84  freertos.o(.bss)
    xTimerStack                              0x200004bc   Data        1024  freertos.o(.bss)
    .bss                                     0x200008bc   Section       64  queue.o(.bss)
    .bss                                     0x200008fc   Section      740  tasks.o(.bss)
    pxReadyTasksLists                        0x200008fc   Data         640  tasks.o(.bss)
    xDelayedTaskList1                        0x20000b7c   Data          20  tasks.o(.bss)
    xDelayedTaskList2                        0x20000b90   Data          20  tasks.o(.bss)
    xPendingReadyList                        0x20000ba4   Data          20  tasks.o(.bss)
    xTasksWaitingTermination                 0x20000bb8   Data          20  tasks.o(.bss)
    xSuspendedTaskList                       0x20000bcc   Data          20  tasks.o(.bss)
    .bss                                     0x20000be0   Section      232  timers.o(.bss)
    xStaticTimerQueue                        0x20000be0   Data          72  timers.o(.bss)
    ucStaticTimerQueueStorage                0x20000c28   Data         120  timers.o(.bss)
    xActiveTimerList1                        0x20000ca0   Data          20  timers.o(.bss)
    xActiveTimerList2                        0x20000cb4   Data          20  timers.o(.bss)
    .bss                                     0x20000cc8   Section    15360  heap_4.o(.bss)
    ucHeap                                   0x20000cc8   Data       15360  heap_4.o(.bss)
    .bss                                     0x200048c8   Section       28  lcd.o(.bss)
    .bss                                     0x200048e4   Section       88  closedloop-foc.o(.bss)
    .bss                                     0x2000493c   Section       96  as5600.o(.bss)
    .bss                                     0x2000499c   Section       40  lowpass_filter.o(.bss)
    .bss                                     0x200049c4   Section       40  lowpass_filter.o(.bss)
    .bss                                     0x200049ec   Section       88  pid.o(.bss)
    .bss                                     0x20004a44   Section       88  pid.o(.bss)
    STACK                                    0x20004aa0   Section     1024  startup_stm32f401xe.o(STACK)

    Global Symbols

    Symbol Name                              Value     Ov Type        Size  Object(Section)

    BuildAttributes$$THM_ISAv4$E$P$D$K$B$S$7EM$VFPi3$EXTD16$VFPS$VFMA$PE$A:L22UL41UL21$X:L11$S22US41US21$IEEE1$IW$USESV6$~STKCKD$USESV7$~SHL$OTIME$ROPI$IEEEX$EBA8$MICROLIB$REQ8$PRES8$EABIv2 0x00000000   Number         0  anon$$obj.o ABSOLUTE
    __ARM_use_no_argv                        0x00000000   Number         0  main.o ABSOLUTE
    __arm_fini_                               - Undefined Weak Reference
    __cpp_initialize__aeabi_                  - Undefined Weak Reference
    __cxa_finalize                            - Undefined Weak Reference
    _clock_init                               - Undefined Weak Reference
    _microlib_exit                            - Undefined Weak Reference
    __Vectors_Size                           0x00000194   Number         0  startup_stm32f401xe.o ABSOLUTE
    __Vectors                                0x08000000   Data           4  startup_stm32f401xe.o(RESET)
    __Vectors_End                            0x08000194   Data           0  startup_stm32f401xe.o(RESET)
    __main                                   0x08000195   Thumb Code     0  entry.o(.ARM.Collect$$$$00000000)
    _main_stk                                0x08000195   Thumb Code     0  entry2.o(.ARM.Collect$$$$00000001)
    _main_scatterload                        0x08000199   Thumb Code     0  entry5.o(.ARM.Collect$$$$00000004)
    __main_after_scatterload                 0x0800019d   Thumb Code     0  entry5.o(.ARM.Collect$$$$00000004)
    _main_clock                              0x0800019d   Thumb Code     0  entry7b.o(.ARM.Collect$$$$00000008)
    _main_cpp_init                           0x0800019d   Thumb Code     0  entry8b.o(.ARM.Collect$$$$0000000A)
    _main_init                               0x0800019d   Thumb Code     0  entry9a.o(.ARM.Collect$$$$0000000B)
    __rt_lib_shutdown_fini                   0x080001a5   Thumb Code     0  entry12b.o(.ARM.Collect$$$$0000000E)
    __rt_final_cpp                           0x080001a9   Thumb Code     0  entry10a.o(.ARM.Collect$$$$0000000F)
    __rt_final_exit                          0x080001a9   Thumb Code     0  entry11a.o(.ARM.Collect$$$$00000011)
    SVC_Handler                              0x080001ad   Thumb Code    28  port.o(.emb_text)
    __asm___6_port_c_39a90d8d__prvStartFirstTask 0x080001cd   Thumb Code    36  port.o(.emb_text)
    __asm___6_port_c_39a90d8d__prvEnableVFP  0x080001f5   Thumb Code    16  port.o(.emb_text)
    PendSV_Handler                           0x08000209   Thumb Code    88  port.o(.emb_text)
    vPortGetIPSR                             0x08000265   Thumb Code     6  port.o(.emb_text)
    Reset_Handler                            0x0800026d   Thumb Code     8  startup_stm32f401xe.o(.text)
    ADC_IRQHandler                           0x08000287   Thumb Code     0  startup_stm32f401xe.o(.text)
    DMA1_Stream0_IRQHandler                  0x08000287   Thumb Code     0  startup_stm32f401xe.o(.text)
    DMA1_Stream1_IRQHandler                  0x08000287   Thumb Code     0  startup_stm32f401xe.o(.text)
    DMA1_Stream2_IRQHandler                  0x08000287   Thumb Code     0  startup_stm32f401xe.o(.text)
    DMA1_Stream3_IRQHandler                  0x08000287   Thumb Code     0  startup_stm32f401xe.o(.text)
    DMA1_Stream4_IRQHandler                  0x08000287   Thumb Code     0  startup_stm32f401xe.o(.text)
    DMA1_Stream5_IRQHandler                  0x08000287   Thumb Code     0  startup_stm32f401xe.o(.text)
    DMA1_Stream6_IRQHandler                  0x08000287   Thumb Code     0  startup_stm32f401xe.o(.text)
    DMA1_Stream7_IRQHandler                  0x08000287   Thumb Code     0  startup_stm32f401xe.o(.text)
    DMA2_Stream0_IRQHandler                  0x08000287   Thumb Code     0  startup_stm32f401xe.o(.text)
    DMA2_Stream1_IRQHandler                  0x08000287   Thumb Code     0  startup_stm32f401xe.o(.text)
    DMA2_Stream2_IRQHandler                  0x08000287   Thumb Code     0  startup_stm32f401xe.o(.text)
    DMA2_Stream3_IRQHandler                  0x08000287   Thumb Code     0  startup_stm32f401xe.o(.text)
    DMA2_Stream4_IRQHandler                  0x08000287   Thumb Code     0  startup_stm32f401xe.o(.text)
    DMA2_Stream5_IRQHandler                  0x08000287   Thumb Code     0  startup_stm32f401xe.o(.text)
    DMA2_Stream6_IRQHandler                  0x08000287   Thumb Code     0  startup_stm32f401xe.o(.text)
    DMA2_Stream7_IRQHandler                  0x08000287   Thumb Code     0  startup_stm32f401xe.o(.text)
    EXTI0_IRQHandler                         0x08000287   Thumb Code     0  startup_stm32f401xe.o(.text)
    EXTI15_10_IRQHandler                     0x08000287   Thumb Code     0  startup_stm32f401xe.o(.text)
    EXTI1_IRQHandler                         0x08000287   Thumb Code     0  startup_stm32f401xe.o(.text)
    EXTI2_IRQHandler                         0x08000287   Thumb Code     0  startup_stm32f401xe.o(.text)
    EXTI3_IRQHandler                         0x08000287   Thumb Code     0  startup_stm32f401xe.o(.text)
    EXTI4_IRQHandler                         0x08000287   Thumb Code     0  startup_stm32f401xe.o(.text)
    EXTI9_5_IRQHandler                       0x08000287   Thumb Code     0  startup_stm32f401xe.o(.text)
    FLASH_IRQHandler                         0x08000287   Thumb Code     0  startup_stm32f401xe.o(.text)
    FPU_IRQHandler                           0x08000287   Thumb Code     0  startup_stm32f401xe.o(.text)
    I2C1_ER_IRQHandler                       0x08000287   Thumb Code     0  startup_stm32f401xe.o(.text)
    I2C1_EV_IRQHandler                       0x08000287   Thumb Code     0  startup_stm32f401xe.o(.text)
    I2C2_ER_IRQHandler                       0x08000287   Thumb Code     0  startup_stm32f401xe.o(.text)
    I2C2_EV_IRQHandler                       0x08000287   Thumb Code     0  startup_stm32f401xe.o(.text)
    I2C3_ER_IRQHandler                       0x08000287   Thumb Code     0  startup_stm32f401xe.o(.text)
    I2C3_EV_IRQHandler                       0x08000287   Thumb Code     0  startup_stm32f401xe.o(.text)
    OTG_FS_IRQHandler                        0x08000287   Thumb Code     0  startup_stm32f401xe.o(.text)
    OTG_FS_WKUP_IRQHandler                   0x08000287   Thumb Code     0  startup_stm32f401xe.o(.text)
    PVD_IRQHandler                           0x08000287   Thumb Code     0  startup_stm32f401xe.o(.text)
    RCC_IRQHandler                           0x08000287   Thumb Code     0  startup_stm32f401xe.o(.text)
    RTC_Alarm_IRQHandler                     0x08000287   Thumb Code     0  startup_stm32f401xe.o(.text)
    RTC_WKUP_IRQHandler                      0x08000287   Thumb Code     0  startup_stm32f401xe.o(.text)
    SDIO_IRQHandler                          0x08000287   Thumb Code     0  startup_stm32f401xe.o(.text)
    SPI1_IRQHandler                          0x08000287   Thumb Code     0  startup_stm32f401xe.o(.text)
    SPI2_IRQHandler                          0x08000287   Thumb Code     0  startup_stm32f401xe.o(.text)
    SPI3_IRQHandler                          0x08000287   Thumb Code     0  startup_stm32f401xe.o(.text)
    SPI4_IRQHandler                          0x08000287   Thumb Code     0  startup_stm32f401xe.o(.text)
    TAMP_STAMP_IRQHandler                    0x08000287   Thumb Code     0  startup_stm32f401xe.o(.text)
    TIM1_BRK_TIM9_IRQHandler                 0x08000287   Thumb Code     0  startup_stm32f401xe.o(.text)
    TIM1_CC_IRQHandler                       0x08000287   Thumb Code     0  startup_stm32f401xe.o(.text)
    TIM1_TRG_COM_TIM11_IRQHandler            0x08000287   Thumb Code     0  startup_stm32f401xe.o(.text)
    TIM2_IRQHandler                          0x08000287   Thumb Code     0  startup_stm32f401xe.o(.text)
    TIM3_IRQHandler                          0x08000287   Thumb Code     0  startup_stm32f401xe.o(.text)
    TIM4_IRQHandler                          0x08000287   Thumb Code     0  startup_stm32f401xe.o(.text)
    TIM5_IRQHandler                          0x08000287   Thumb Code     0  startup_stm32f401xe.o(.text)
    USART1_IRQHandler                        0x08000287   Thumb Code     0  startup_stm32f401xe.o(.text)
    USART2_IRQHandler                        0x08000287   Thumb Code     0  startup_stm32f401xe.o(.text)
    USART6_IRQHandler                        0x08000287   Thumb Code     0  startup_stm32f401xe.o(.text)
    WWDG_IRQHandler                          0x08000287   Thumb Code     0  startup_stm32f401xe.o(.text)
    __aeabi_uldivmod                         0x08000291   Thumb Code    98  uldiv.o(.text)
    __aeabi_memcpy                           0x080002f3   Thumb Code    36  memcpya.o(.text)
    __aeabi_memcpy4                          0x080002f3   Thumb Code     0  memcpya.o(.text)
    __aeabi_memcpy8                          0x080002f3   Thumb Code     0  memcpya.o(.text)
    __aeabi_memset                           0x08000317   Thumb Code    14  memseta.o(.text)
    __aeabi_memset4                          0x08000317   Thumb Code     0  memseta.o(.text)
    __aeabi_memset8                          0x08000317   Thumb Code     0  memseta.o(.text)
    __aeabi_memclr                           0x08000325   Thumb Code     4  memseta.o(.text)
    __aeabi_memclr4                          0x08000325   Thumb Code     0  memseta.o(.text)
    __aeabi_memclr8                          0x08000325   Thumb Code     0  memseta.o(.text)
    memset                                   0x08000329   Thumb Code    18  memseta.o(.text)
    __aeabi_dadd                             0x0800033b   Thumb Code   322  dadd.o(.text)
    __aeabi_dsub                             0x0800047d   Thumb Code     6  dadd.o(.text)
    __aeabi_drsub                            0x08000483   Thumb Code     6  dadd.o(.text)
    __aeabi_dmul                             0x08000489   Thumb Code   228  dmul.o(.text)
    __aeabi_f2d                              0x0800056d   Thumb Code    38  f2d.o(.text)
    __aeabi_d2f                              0x08000593   Thumb Code    56  d2f.o(.text)
    __aeabi_llsl                             0x080005cb   Thumb Code    30  llshl.o(.text)
    _ll_shift_l                              0x080005cb   Thumb Code     0  llshl.o(.text)
    __aeabi_llsr                             0x080005e9   Thumb Code    32  llushr.o(.text)
    _ll_ushift_r                             0x080005e9   Thumb Code     0  llushr.o(.text)
    __aeabi_lasr                             0x08000609   Thumb Code    36  llsshr.o(.text)
    _ll_sshift_r                             0x08000609   Thumb Code     0  llsshr.o(.text)
    __I$use$fp                               0x0800062d   Thumb Code     0  iusefp.o(.text)
    _float_round                             0x0800062d   Thumb Code    18  fepilogue.o(.text)
    _float_epilogue                          0x0800063f   Thumb Code    92  fepilogue.o(.text)
    _double_round                            0x0800069b   Thumb Code    30  depilogue.o(.text)
    _double_epilogue                         0x080006b9   Thumb Code   156  depilogue.o(.text)
    __aeabi_ddiv                             0x08000755   Thumb Code   222  ddiv.o(.text)
    __ARM_scalbn                             0x08000833   Thumb Code    46  dscalb.o(.text)
    scalbn                                   0x08000833   Thumb Code     0  dscalb.o(.text)
    _dsqrt                                   0x08000861   Thumb Code   162  dsqrt.o(.text)
    _drem                                    0x08000903   Thumb Code   134  drem.o(.text)
    __aeabi_i2d                              0x08000989   Thumb Code    34  dflti.o(.text)
    __aeabi_cdrcmple                         0x080009ad   Thumb Code    48  cdrcmple.o(.text)
    __scatterload                            0x080009dd   Thumb Code    28  init.o(.text)
    __scatterload_rt2                        0x080009dd   Thumb Code     0  init.o(.text)
    __aeabi_ui2d                             0x08000a01   Thumb Code    26  dfltui.o(.text)
    __aeabi_d2iz                             0x08000a1b   Thumb Code    62  dfixi.o(.text)
    __decompress                             0x08000a59   Thumb Code     0  __dczerorl2.o(.text)
    __decompress1                            0x08000a59   Thumb Code    86  __dczerorl2.o(.text)
    BusFault_Handler                         0x08000bdd   Thumb Code     2  stm32f4xx_it.o(i.BusFault_Handler)
    DFOC_M0_SET_ANGLE_PID                    0x08000bdf   Thumb Code    26  closedloop-foc.o(i.DFOC_M0_SET_ANGLE_PID)
    DFOC_M0_SET_VEL_PID                      0x08000bf9   Thumb Code    26  closedloop-foc.o(i.DFOC_M0_SET_VEL_PID)
    DFOC_M0_VEL_PID                          0x08000c15   Thumb Code    12  closedloop-foc.o(i.DFOC_M0_VEL_PID)
    DFOC_M0_Velocity                         0x08000c25   Thumb Code    36  closedloop-foc.o(i.DFOC_M0_Velocity)
    DFOC_M0_setVelocity                      0x08000c4d   Thumb Code    78  closedloop-foc.o(i.DFOC_M0_setVelocity)
    DFOC_alignSensor                         0x08000ca5   Thumb Code    74  closedloop-foc.o(i.DFOC_alignSensor)
    DebugMon_Handler                         0x08000d01   Thumb Code     2  stm32f4xx_it.o(i.DebugMon_Handler)
    Error_Handler                            0x08000d03   Thumb Code     4  main.o(i.Error_Handler)
    FOC_Iint                                 0x08000d09   Thumb Code   212  closedloop-foc.o(i.FOC_Iint)
    First_Time_Laod                          0x08000df5   Thumb Code    14  timecount.o(i.First_Time_Laod)
    Get_Interval_Timetick                    0x08000e03   Thumb Code    28  timecount.o(i.Get_Interval_Timetick)
    Get_xCurrentTime_t                       0x08000e1f   Thumb Code    12  timecount.o(i.Get_xCurrentTime_t)
    HAL_GPIO_Init                            0x08000e2d   Thumb Code   446  stm32f4xx_hal_gpio.o(i.HAL_GPIO_Init)
    HAL_GPIO_ReadPin                         0x0800100d   Thumb Code    10  stm32f4xx_hal_gpio.o(i.HAL_GPIO_ReadPin)
    HAL_GPIO_WritePin                        0x08001017   Thumb Code    10  stm32f4xx_hal_gpio.o(i.HAL_GPIO_WritePin)
    HAL_GetTick                              0x08001021   Thumb Code     6  stm32f4xx_hal.o(i.HAL_GetTick)
    HAL_I2C_Init                             0x0800102d   Thumb Code   376  stm32f4xx_hal_i2c.o(i.HAL_I2C_Init)
    HAL_I2C_Mem_Read                         0x080011b5   Thumb Code   502  stm32f4xx_hal_i2c.o(i.HAL_I2C_Mem_Read)
    HAL_I2C_MspInit                          0x080013b9   Thumb Code   132  i2c.o(i.HAL_I2C_MspInit)
    HAL_IncTick                              0x0800144d   Thumb Code    12  stm32f4xx_hal.o(i.HAL_IncTick)
    HAL_Init                                 0x0800145d   Thumb Code    48  stm32f4xx_hal.o(i.HAL_Init)
    HAL_InitTick                             0x08001491   Thumb Code   118  stm32f4xx_hal_timebase_tim.o(i.HAL_InitTick)
    HAL_MspInit                              0x0800151d   Thumb Code    52  stm32f4xx_hal_msp.o(i.HAL_MspInit)
    HAL_NVIC_EnableIRQ                       0x08001555   Thumb Code    26  stm32f4xx_hal_cortex.o(i.HAL_NVIC_EnableIRQ)
    HAL_NVIC_SetPriority                     0x08001571   Thumb Code    60  stm32f4xx_hal_cortex.o(i.HAL_NVIC_SetPriority)
    HAL_NVIC_SetPriorityGrouping             0x080015b1   Thumb Code    26  stm32f4xx_hal_cortex.o(i.HAL_NVIC_SetPriorityGrouping)
    HAL_RCC_ClockConfig                      0x080015d5   Thumb Code   288  stm32f4xx_hal_rcc.o(i.HAL_RCC_ClockConfig)
    HAL_RCC_GetClockConfig                   0x08001709   Thumb Code    54  stm32f4xx_hal_rcc.o(i.HAL_RCC_GetClockConfig)
    HAL_RCC_GetPCLK1Freq                     0x08001749   Thumb Code    20  stm32f4xx_hal_rcc.o(i.HAL_RCC_GetPCLK1Freq)
    HAL_RCC_GetPCLK2Freq                     0x08001769   Thumb Code    20  stm32f4xx_hal_rcc.o(i.HAL_RCC_GetPCLK2Freq)
    HAL_RCC_GetSysClockFreq                  0x08001789   Thumb Code    88  stm32f4xx_hal_rcc.o(i.HAL_RCC_GetSysClockFreq)
    HAL_RCC_OscConfig                        0x080017ed   Thumb Code   856  stm32f4xx_hal_rcc.o(i.HAL_RCC_OscConfig)
    HAL_TIMEx_BreakCallback                  0x08001b59   Thumb Code     2  stm32f4xx_hal_tim_ex.o(i.HAL_TIMEx_BreakCallback)
    HAL_TIMEx_CommutCallback                 0x08001b5b   Thumb Code     2  stm32f4xx_hal_tim_ex.o(i.HAL_TIMEx_CommutCallback)
    HAL_TIMEx_MasterConfigSynchronization    0x08001b5d   Thumb Code   104  stm32f4xx_hal_tim_ex.o(i.HAL_TIMEx_MasterConfigSynchronization)
    HAL_TIM_Base_Init                        0x08001bd9   Thumb Code    90  stm32f4xx_hal_tim.o(i.HAL_TIM_Base_Init)
    HAL_TIM_Base_MspInit                     0x08001c35   Thumb Code    30  tim.o(i.HAL_TIM_Base_MspInit)
    HAL_TIM_Base_Start_IT                    0x08001c5d   Thumb Code    88  stm32f4xx_hal_tim.o(i.HAL_TIM_Base_Start_IT)
    HAL_TIM_ConfigClockSource                0x08001cc9   Thumb Code   220  stm32f4xx_hal_tim.o(i.HAL_TIM_ConfigClockSource)
    HAL_TIM_IC_CaptureCallback               0x08001da5   Thumb Code     2  stm32f4xx_hal_tim.o(i.HAL_TIM_IC_CaptureCallback)
    HAL_TIM_IRQHandler                       0x08001da7   Thumb Code   304  stm32f4xx_hal_tim.o(i.HAL_TIM_IRQHandler)
    HAL_TIM_MspPostInit                      0x08001ed9   Thumb Code   104  tim.o(i.HAL_TIM_MspPostInit)
    HAL_TIM_OC_DelayElapsedCallback          0x08001f51   Thumb Code     2  stm32f4xx_hal_tim.o(i.HAL_TIM_OC_DelayElapsedCallback)
    HAL_TIM_PWM_ConfigChannel                0x08001f53   Thumb Code   204  stm32f4xx_hal_tim.o(i.HAL_TIM_PWM_ConfigChannel)
    HAL_TIM_PWM_Init                         0x0800201f   Thumb Code    90  stm32f4xx_hal_tim.o(i.HAL_TIM_PWM_Init)
    HAL_TIM_PWM_MspInit                      0x08002079   Thumb Code     2  stm32f4xx_hal_tim.o(i.HAL_TIM_PWM_MspInit)
    HAL_TIM_PWM_PulseFinishedCallback        0x0800207b   Thumb Code     2  stm32f4xx_hal_tim.o(i.HAL_TIM_PWM_PulseFinishedCallback)
    HAL_TIM_PWM_Start                        0x0800207d   Thumb Code   156  stm32f4xx_hal_tim.o(i.HAL_TIM_PWM_Start)
    HAL_TIM_PeriodElapsedCallback            0x0800212d   Thumb Code    14  main.o(i.HAL_TIM_PeriodElapsedCallback)
    HAL_TIM_TriggerCallback                  0x08002141   Thumb Code     2  stm32f4xx_hal_tim.o(i.HAL_TIM_TriggerCallback)
    HardFault_Handler                        0x08002143   Thumb Code     2  stm32f4xx_it.o(i.HardFault_Handler)
    LCD_Address_Set                          0x080024f9   Thumb Code    58  lcd_init.o(i.LCD_Address_Set)
    LCD_DrawPoint                            0x08002533   Thumb Code    22  lcd.o(i.LCD_DrawPoint)
    LCD_Fill                                 0x08002549   Thumb Code    62  lcd.o(i.LCD_Fill)
    LCD_Init                                 0x08002589   Thumb Code   436  lcd_init.o(i.LCD_Init)
    LCD_ShowChar                             0x08002749   Thumb Code   252  lcd.o(i.LCD_ShowChar)
    LCD_ShowFloatNum1                        0x08002855   Thumb Code   220  lcd.o(i.LCD_ShowFloatNum1)
    LCD_ShowIntNum                           0x08002935   Thumb Code   182  lcd.o(i.LCD_ShowIntNum)
    LCD_ShowString                           0x080029eb   Thumb Code    58  lcd.o(i.LCD_ShowString)
    LCD_Show_Dynamic                         0x08002a25   Thumb Code   290  lcd.o(i.LCD_Show_Dynamic)
    LCD_Show_Static                          0x08002b55   Thumb Code   120  lcd.o(i.LCD_Show_Static)
    LCD_WR_DATA                              0x08002c4d   Thumb Code    20  lcd_init.o(i.LCD_WR_DATA)
    LCD_WR_REG                               0x08002c61   Thumb Code    36  lcd_init.o(i.LCD_WR_REG)
    LCD_Writ_Bus                             0x08002c89   Thumb Code    72  lcd_init.o(i.LCD_Writ_Bus)
    LowPassFilter_Init                       0x08002d19   Thumb Code    18  lowpass_filter.o(i.LowPassFilter_Init)
    LowPassFilter_Operator                   0x08002d31   Thumb Code   114  lowpass_filter.o(i.LowPassFilter_Operator)
    MX_GPIO_Init                             0x08002dad   Thumb Code   202  gpio.o(i.MX_GPIO_Init)
    MX_I2C3_Init                             0x08002e89   Thumb Code    50  i2c.o(i.MX_I2C3_Init)
    MX_TIM3_Init                             0x08002ec9   Thumb Code   226  tim.o(i.MX_TIM3_Init)
    MemManage_Handler                        0x08002fb5   Thumb Code     2  stm32f4xx_it.o(i.MemManage_Handler)
    NMI_Handler                              0x08002fb7   Thumb Code     2  stm32f4xx_it.o(i.NMI_Handler)
    PIDController_Init                       0x0800309d   Thumb Code    30  pid.o(i.PIDController_Init)
    PIDController_Operator                   0x080030c1   Thumb Code   282  pid.o(i.PIDController_Operator)
    Sensor_init                              0x080031ed   Thumb Code    88  as5600.o(i.Sensor_init)
    Sensor_update                            0x08003245   Thumb Code    90  as5600.o(i.Sensor_update)
    Set_TIM3_PWM_CCRx                        0x080032a5   Thumb Code   100  tim.o(i.Set_TIM3_PWM_CCRx)
    SysTick_Handler                          0x08003315   Thumb Code    38  port.o(i.SysTick_Handler)
    SystemClock_Config                       0x08003341   Thumb Code   138  main.o(i.SystemClock_Config)
    SystemInit                               0x080033d5   Thumb Code    12  system_stm32f4xx.o(i.SystemInit)
    TIM1_UP_TIM10_IRQHandler                 0x080033e5   Thumb Code     6  stm32f4xx_it.o(i.TIM1_UP_TIM10_IRQHandler)
    TIM_Base_SetConfig                       0x080033f1   Thumb Code   136  stm32f4xx_hal_tim.o(i.TIM_Base_SetConfig)
    TIM_CCxChannelCmd                        0x08003495   Thumb Code    26  stm32f4xx_hal_tim.o(i.TIM_CCxChannelCmd)
    TIM_ETR_SetConfig                        0x080034af   Thumb Code    20  stm32f4xx_hal_tim.o(i.TIM_ETR_SetConfig)
    TIM_OC2_SetConfig                        0x08003525   Thumb Code    84  stm32f4xx_hal_tim.o(i.TIM_OC2_SetConfig)
    UsageFault_Handler                       0x0800365f   Thumb Code     2  stm32f4xx_it.o(i.UsageFault_Handler)
    __ARM_fpclassify                         0x08003661   Thumb Code    48  fpclassify.o(i.__ARM_fpclassify)
    __hardfp_cos                             0x080036b1   Thumb Code   180  cos.o(i.__hardfp_cos)
    __hardfp_fmod                            0x08003779   Thumb Code   254  fmod.o(i.__hardfp_fmod)
    __hardfp_pow                             0x08003881   Thumb Code  3072  pow.o(i.__hardfp_pow)
    __hardfp_sin                             0x080044d1   Thumb Code   180  sin.o(i.__hardfp_sin)
    __hardfp_sqrt                            0x08004599   Thumb Code   122  sqrt.o(i.__hardfp_sqrt)
    __ieee754_rem_pio2                       0x08004619   Thumb Code   938  rred.o(i.__ieee754_rem_pio2)
    __kernel_cos                             0x08004a51   Thumb Code   322  cos_i.o(i.__kernel_cos)
    __kernel_poly                            0x08004bc1   Thumb Code   248  poly.o(i.__kernel_poly)
    __kernel_sin                             0x08004cb9   Thumb Code   280  sin_i.o(i.__kernel_sin)
    __mathlib_dbl_divzero                    0x08004de9   Thumb Code    28  dunder.o(i.__mathlib_dbl_divzero)
    __mathlib_dbl_infnan                     0x08004e19   Thumb Code    20  dunder.o(i.__mathlib_dbl_infnan)
    __mathlib_dbl_infnan2                    0x08004e2d   Thumb Code    20  dunder.o(i.__mathlib_dbl_infnan2)
    __mathlib_dbl_invalid                    0x08004e41   Thumb Code    24  dunder.o(i.__mathlib_dbl_invalid)
    __mathlib_dbl_overflow                   0x08004e61   Thumb Code    24  dunder.o(i.__mathlib_dbl_overflow)
    __mathlib_dbl_underflow                  0x08004e81   Thumb Code    24  dunder.o(i.__mathlib_dbl_underflow)
    __scatterload_copy                       0x08004ea1   Thumb Code    14  handlers.o(i.__scatterload_copy)
    __scatterload_null                       0x08004eaf   Thumb Code     2  handlers.o(i.__scatterload_null)
    __scatterload_zeroinit                   0x08004eb1   Thumb Code    14  handlers.o(i.__scatterload_zeroinit)
    __set_errno                              0x08004ec1   Thumb Code     6  errno.o(i.__set_errno)
    _electricalAngle                         0x08004ecd   Thumb Code    46  closedloop-foc.o(i._electricalAngle)
    _normalizeAngle                          0x08004f01   Thumb Code    54  closedloop-foc.o(i._normalizeAngle)
    fabs                                     0x08004f45   Thumb Code    24  fabs.o(i.fabs)
    getAngle                                 0x08004f5d   Thumb Code    22  as5600.o(i.getAngle)
    getMechanicalAngle                       0x08004f79   Thumb Code     6  as5600.o(i.getMechanicalAngle)
    getSensorAngle                           0x08004f81   Thumb Code   106  as5600.o(i.getSensorAngle)
    getVelocity                              0x08005005   Thumb Code    80  as5600.o(i.getVelocity)
    main                                     0x0800505d   Thumb Code    50  main.o(i.main)
    mypow                                    0x080050a9   Thumb Code    16  lcd.o(i.mypow)
    pvPortMalloc                             0x08005831   Thumb Code   216  heap_4.o(i.pvPortMalloc)
    pxPortInitialiseStack                    0x0800590d   Thumb Code    40  port.o(i.pxPortInitialiseStack)
    setPwm                                   0x08005939   Thumb Code   242  closedloop-foc.o(i.setPwm)
    setTorque                                0x08005a31   Thumb Code   426  closedloop-foc.o(i.setTorque)
    sqrt                                     0x08005bf1   Thumb Code   110  sqrt.o(i.sqrt)
    uxListRemove                             0x08005c5f   Thumb Code    38  list.o(i.uxListRemove)
    vApplicationGetIdleTaskMemory            0x08005c85   Thumb Code    16  freertos.o(i.vApplicationGetIdleTaskMemory)
    vApplicationGetTimerTaskMemory           0x08005c99   Thumb Code    18  freertos.o(i.vApplicationGetTimerTaskMemory)
    vListInitialise                          0x08005cb1   Thumb Code    22  list.o(i.vListInitialise)
    vListInitialiseItem                      0x08005cc7   Thumb Code     6  list.o(i.vListInitialiseItem)
    vListInsert                              0x08005ccd   Thumb Code    48  list.o(i.vListInsert)
    vListInsertEnd                           0x08005cfd   Thumb Code    24  list.o(i.vListInsertEnd)
    vPortEnterCritical                       0x08005d15   Thumb Code    54  port.o(i.vPortEnterCritical)
    vPortExitCritical                        0x08005d55   Thumb Code    34  port.o(i.vPortExitCritical)
    vPortFree                                0x08005d7d   Thumb Code    94  heap_4.o(i.vPortFree)
    vPortSetupTimerInterrupt                 0x08005de1   Thumb Code    32  port.o(i.vPortSetupTimerInterrupt)
    vPortValidateInterruptPriority           0x08005e05   Thumb Code    74  port.o(i.vPortValidateInterruptPriority)
    vQueueAddToRegistry                      0x08005e59   Thumb Code    34  queue.o(i.vQueueAddToRegistry)
    vQueueWaitForMessageRestricted           0x08005e81   Thumb Code    68  queue.o(i.vQueueWaitForMessageRestricted)
    vTaskDelay                               0x08005ec5   Thumb Code    66  tasks.o(i.vTaskDelay)
    vTaskDelayUntil                          0x08005f11   Thumb Code   132  tasks.o(i.vTaskDelayUntil)
    vTaskDelete                              0x08005f9d   Thumb Code   156  tasks.o(i.vTaskDelete)
    vTaskInternalSetTimeOutState             0x08006049   Thumb Code    12  tasks.o(i.vTaskInternalSetTimeOutState)
    vTaskMissedYield                         0x08006059   Thumb Code     8  tasks.o(i.vTaskMissedYield)
    vTaskPlaceOnEventList                    0x08006065   Thumb Code    44  tasks.o(i.vTaskPlaceOnEventList)
    vTaskPlaceOnEventListRestricted          0x08006095   Thumb Code    52  tasks.o(i.vTaskPlaceOnEventListRestricted)
    vTaskStartScheduler                      0x080060cd   Thumb Code   118  tasks.o(i.vTaskStartScheduler)
    vTaskSuspendAll                          0x08006155   Thumb Code    10  tasks.o(i.vTaskSuspendAll)
    vTaskSwitchContext                       0x08006165   Thumb Code    82  tasks.o(i.vTaskSwitchContext)
    xPortStartScheduler                      0x080061c1   Thumb Code   222  port.o(i.xPortStartScheduler)
    xQueueGenericCreateStatic                0x080062b5   Thumb Code   102  queue.o(i.xQueueGenericCreateStatic)
    xQueueGenericReset                       0x0800631d   Thumb Code   132  queue.o(i.xQueueGenericReset)
    xQueueGenericSend                        0x080063a5   Thumb Code   346  queue.o(i.xQueueGenericSend)
    xQueueGenericSendFromISR                 0x08006505   Thumb Code   190  queue.o(i.xQueueGenericSendFromISR)
    xQueueReceive                            0x080065c5   Thumb Code   308  queue.o(i.xQueueReceive)
    xTaskCheckForTimeOut                     0x080066fd   Thumb Code   112  tasks.o(i.xTaskCheckForTimeOut)
    xTaskCreate                              0x08006771   Thumb Code    90  tasks.o(i.xTaskCreate)
    xTaskCreateStatic                        0x080067cb   Thumb Code    86  tasks.o(i.xTaskCreateStatic)
    xTaskGetSchedulerState                   0x08006821   Thumb Code    22  tasks.o(i.xTaskGetSchedulerState)
    xTaskGetTickCount                        0x0800683d   Thumb Code     6  tasks.o(i.xTaskGetTickCount)
    xTaskIncrementTick                       0x08006849   Thumb Code   194  tasks.o(i.xTaskIncrementTick)
    xTaskPriorityDisinherit                  0x08006915   Thumb Code   144  tasks.o(i.xTaskPriorityDisinherit)
    xTaskRemoveFromEventList                 0x080069ad   Thumb Code   106  tasks.o(i.xTaskRemoveFromEventList)
    xTaskResumeAll                           0x08006a25   Thumb Code   182  tasks.o(i.xTaskResumeAll)
    xTimerCreateTimerTask                    0x08006ae9   Thumb Code    78  timers.o(i.xTimerCreateTimerTask)
    xTimerGenericCommand                     0x08006b49   Thumb Code    92  timers.o(i.xTimerGenericCommand)
    AHBPrescTable                            0x08006ba8   Data          16  system_stm32f4xx.o(.constdata)
    APBPrescTable                            0x08006bb8   Data           8  system_stm32f4xx.o(.constdata)
    ascii_1206                               0x08006bc0   Data        1140  lcdfont.o(.constdata)
    ascii_1608                               0x08007034   Data        1520  lcdfont.o(.constdata)
    ascii_2412                               0x08007624   Data        4560  lcdfont.o(.constdata)
    ascii_3216                               0x080087f4   Data        6080  lcdfont.o(.constdata)
    __mathlib_zero                           0x0800a070   Data           8  qnan.o(.constdata)
    Region$$Table$$Base                      0x0800a168   Number         0  anon$$obj.o(Region$$Table)
    Region$$Table$$Limit                     0x0800a188   Number         0  anon$$obj.o(Region$$Table)
    uwTickFreq                               0x20000024   Data           1  stm32f4xx_hal.o(.data)
    uwTickPrio                               0x20000028   Data           4  stm32f4xx_hal.o(.data)
    uwTick                                   0x2000002c   Data           4  stm32f4xx_hal.o(.data)
    SystemCoreClock                          0x20000030   Data           4  system_stm32f4xx.o(.data)
    pxCurrentTCB                             0x20000034   Data           4  tasks.o(.data)
    LCD_refresh_flag                         0x200000b0   Data           1  lcd.o(.data)
    LCD_init_flag                            0x200000b1   Data           1  lcd_init.o(.data)
    FOC_Iint_Flag                            0x200000b4   Data           1  closedloop-foc.o(.data)
    voltage_power_limit                      0x200000b8   Data           4  closedloop-foc.o(.data)
    Ubeta                                    0x200000bc   Data           4  closedloop-foc.o(.data)
    Ua                                       0x200000c0   Data           4  closedloop-foc.o(.data)
    Ub                                       0x200000c4   Data           4  closedloop-foc.o(.data)
    Uc                                       0x200000c8   Data           4  closedloop-foc.o(.data)
    zero_electric_angle                      0x200000cc   Data           4  closedloop-foc.o(.data)
    Ualpha                                   0x200000d0   Data           4  closedloop-foc.o(.data)
    _raw_ang_hi                              0x200000d4   Data           4  as5600.o(.data)
    _ams5600_Read_Address                    0x200000d8   Data           4  as5600.o(.data)
    PID_Vel_Coefficient                      0x200000dc   Data          40  pid.o(.data)
    PID_Angle_Coefficient                    0x20000104   Data          40  pid.o(.data)
    hi2c3                                    0x20000130   Data          84  i2c.o(.bss)
    htim3                                    0x20000184   Data          72  tim.o(.bss)
    htim1                                    0x200001cc   Data          72  stm32f4xx_hal_timebase_tim.o(.bss)
    xQueueRegistry                           0x200008bc   Data          64  queue.o(.bss)
    LCD_Show_Parameter                       0x200048c8   Data          28  lcd.o(.bss)
    FOC_Init_Parameter                       0x200048e4   Data          88  closedloop-foc.o(.bss)
    Sensor_AS5600_Parameter                  0x2000493c   Data          96  as5600.o(.bss)
    Lowpass_Vel_Filter_Para                  0x2000499c   Data          40  lowpass_filter.o(.bss)
    Lowpass_Angle_Filter_Para                0x200049c4   Data          40  lowpass_filter.o(.bss)
    PID_Vel_Loop_Parameter                   0x200049ec   Data          88  pid.o(.bss)
    PID_Angle_Loop_Parameter                 0x20004a44   Data          88  pid.o(.bss)
    __initial_sp                             0x20004ea0   Data           0  startup_stm32f401xe.o(STACK)



==============================================================================

Memory Map of the image

  Image Entry point : 0x08000195

  Load Region LR_IROM1 (Base: 0x08000000, Size: 0x0000a2b8, Max: 0x00060000, ABSOLUTE, COMPRESSED[0x0000a1b0])

    Execution Region ER_IROM1 (Exec base: 0x08000000, Load base: 0x08000000, Size: 0x0000a188, Max: 0x00060000, ABSOLUTE)

    Exec Addr    Load Addr    Size         Type   Attr      Idx    E Section Name        Object

    0x08000000   0x08000000   0x00000194   Data   RO            3    RESET               startup_stm32f401xe.o
    0x08000194   0x08000194   0x00000000   Code   RO         5315  * .ARM.Collect$$$$00000000  mc_w.l(entry.o)
    0x08000194   0x08000194   0x00000004   Code   RO         5375    .ARM.Collect$$$$00000001  mc_w.l(entry2.o)
    0x08000198   0x08000198   0x00000004   Code   RO         5378    .ARM.Collect$$$$00000004  mc_w.l(entry5.o)
    0x0800019c   0x0800019c   0x00000000   Code   RO         5380    .ARM.Collect$$$$00000008  mc_w.l(entry7b.o)
    0x0800019c   0x0800019c   0x00000000   Code   RO         5382    .ARM.Collect$$$$0000000A  mc_w.l(entry8b.o)
    0x0800019c   0x0800019c   0x00000008   Code   RO         5383    .ARM.Collect$$$$0000000B  mc_w.l(entry9a.o)
    0x080001a4   0x080001a4   0x00000004   Code   RO         5390    .ARM.Collect$$$$0000000E  mc_w.l(entry12b.o)
    0x080001a8   0x080001a8   0x00000000   Code   RO         5385    .ARM.Collect$$$$0000000F  mc_w.l(entry10a.o)
    0x080001a8   0x080001a8   0x00000000   Code   RO         5387    .ARM.Collect$$$$00000011  mc_w.l(entry11a.o)
    0x080001a8   0x080001a8   0x00000004   Code   RO         5376    .ARM.Collect$$$$00002712  mc_w.l(entry2.o)
    0x080001ac   0x080001ac   0x000000be   Code   RO         4620    .emb_text           port.o
    0x0800026a   0x0800026a   0x00000002   PAD
    0x0800026c   0x0800026c   0x00000024   Code   RO            4    .text               startup_stm32f401xe.o
    0x08000290   0x08000290   0x00000062   Code   RO         5318    .text               mc_w.l(uldiv.o)
    0x080002f2   0x080002f2   0x00000024   Code   RO         5320    .text               mc_w.l(memcpya.o)
    0x08000316   0x08000316   0x00000024   Code   RO         5324    .text               mc_w.l(memseta.o)
    0x0800033a   0x0800033a   0x0000014e   Code   RO         5328    .text               mf_w.l(dadd.o)
    0x08000488   0x08000488   0x000000e4   Code   RO         5330    .text               mf_w.l(dmul.o)
    0x0800056c   0x0800056c   0x00000026   Code   RO         5332    .text               mf_w.l(f2d.o)
    0x08000592   0x08000592   0x00000038   Code   RO         5334    .text               mf_w.l(d2f.o)
    0x080005ca   0x080005ca   0x0000001e   Code   RO         5391    .text               mc_w.l(llshl.o)
    0x080005e8   0x080005e8   0x00000020   Code   RO         5393    .text               mc_w.l(llushr.o)
    0x08000608   0x08000608   0x00000024   Code   RO         5395    .text               mc_w.l(llsshr.o)
    0x0800062c   0x0800062c   0x00000000   Code   RO         5404    .text               mc_w.l(iusefp.o)
    0x0800062c   0x0800062c   0x0000006e   Code   RO         5405    .text               mf_w.l(fepilogue.o)
    0x0800069a   0x0800069a   0x000000ba   Code   RO         5407    .text               mf_w.l(depilogue.o)
    0x08000754   0x08000754   0x000000de   Code   RO         5409    .text               mf_w.l(ddiv.o)
    0x08000832   0x08000832   0x0000002e   Code   RO         5413    .text               mf_w.l(dscalb.o)
    0x08000860   0x08000860   0x000000a2   Code   RO         5415    .text               mf_w.l(dsqrt.o)
    0x08000902   0x08000902   0x00000086   Code   RO         5417    .text               mf_w.l(drem.o)
    0x08000988   0x08000988   0x00000022   Code   RO         5419    .text               mf_w.l(dflti.o)
    0x080009aa   0x080009aa   0x00000002   PAD
    0x080009ac   0x080009ac   0x00000030   Code   RO         5423    .text               mf_w.l(cdrcmple.o)
    0x080009dc   0x080009dc   0x00000024   Code   RO         5425    .text               mc_w.l(init.o)
    0x08000a00   0x08000a00   0x0000001a   Code   RO         5427    .text               mf_w.l(dfltui.o)
    0x08000a1a   0x08000a1a   0x0000003e   Code   RO         5429    .text               mf_w.l(dfixi.o)
    0x08000a58   0x08000a58   0x00000056   Code   RO         5439    .text               mc_w.l(__dczerorl2.o)
    0x08000aae   0x08000aae   0x00000012   Code   RO           13    i.AS5600_Task       main.o
    0x08000ac0   0x08000ac0   0x0000011c   Code   RO           14    i.AppTaskCreate     main.o
    0x08000bdc   0x08000bdc   0x00000002   Code   RO          418    i.BusFault_Handler  stm32f4xx_it.o
    0x08000bde   0x08000bde   0x0000001a   Code   RO         4930    i.DFOC_M0_SET_ANGLE_PID  closedloop-foc.o
    0x08000bf8   0x08000bf8   0x0000001a   Code   RO         4931    i.DFOC_M0_SET_VEL_PID  closedloop-foc.o
    0x08000c12   0x08000c12   0x00000002   PAD
    0x08000c14   0x08000c14   0x00000010   Code   RO         4932    i.DFOC_M0_VEL_PID   closedloop-foc.o
    0x08000c24   0x08000c24   0x00000028   Code   RO         4933    i.DFOC_M0_Velocity  closedloop-foc.o
    0x08000c4c   0x08000c4c   0x00000058   Code   RO         4935    i.DFOC_M0_setVelocity  closedloop-foc.o
    0x08000ca4   0x08000ca4   0x0000005c   Code   RO         4938    i.DFOC_alignSensor  closedloop-foc.o
    0x08000d00   0x08000d00   0x00000002   Code   RO          419    i.DebugMon_Handler  stm32f4xx_it.o
    0x08000d02   0x08000d02   0x00000004   Code   RO           15    i.Error_Handler     main.o
    0x08000d06   0x08000d06   0x00000002   PAD
    0x08000d08   0x08000d08   0x000000ec   Code   RO         4939    i.FOC_Iint          closedloop-foc.o
    0x08000df4   0x08000df4   0x0000000e   Code   RO         5047    i.First_Time_Laod   timecount.o
    0x08000e02   0x08000e02   0x0000001c   Code   RO         5048    i.Get_Interval_Timetick  timecount.o
    0x08000e1e   0x08000e1e   0x0000000c   Code   RO         5049    i.Get_xCurrentTime_t  timecount.o
    0x08000e2a   0x08000e2a   0x00000002   PAD
    0x08000e2c   0x08000e2c   0x000001e0   Code   RO          964    i.HAL_GPIO_Init     stm32f4xx_hal_gpio.o
    0x0800100c   0x0800100c   0x0000000a   Code   RO          966    i.HAL_GPIO_ReadPin  stm32f4xx_hal_gpio.o
    0x08001016   0x08001016   0x0000000a   Code   RO          968    i.HAL_GPIO_WritePin  stm32f4xx_hal_gpio.o
    0x08001020   0x08001020   0x0000000c   Code   RO         1538    i.HAL_GetTick       stm32f4xx_hal.o
    0x0800102c   0x0800102c   0x00000188   Code   RO         1794    i.HAL_I2C_Init      stm32f4xx_hal_i2c.o
    0x080011b4   0x080011b4   0x00000204   Code   RO         1812    i.HAL_I2C_Mem_Read  stm32f4xx_hal_i2c.o
    0x080013b8   0x080013b8   0x00000094   Code   RO          323    i.HAL_I2C_MspInit   i2c.o
    0x0800144c   0x0800144c   0x00000010   Code   RO         1544    i.HAL_IncTick       stm32f4xx_hal.o
    0x0800145c   0x0800145c   0x00000034   Code   RO         1545    i.HAL_Init          stm32f4xx_hal.o
    0x08001490   0x08001490   0x0000008c   Code   RO          506    i.HAL_InitTick      stm32f4xx_hal_timebase_tim.o
    0x0800151c   0x0800151c   0x00000038   Code   RO          482    i.HAL_MspInit       stm32f4xx_hal_msp.o
    0x08001554   0x08001554   0x0000001a   Code   RO         1380    i.HAL_NVIC_EnableIRQ  stm32f4xx_hal_cortex.o
    0x0800156e   0x0800156e   0x00000002   PAD
    0x08001570   0x08001570   0x00000040   Code   RO         1386    i.HAL_NVIC_SetPriority  stm32f4xx_hal_cortex.o
    0x080015b0   0x080015b0   0x00000024   Code   RO         1387    i.HAL_NVIC_SetPriorityGrouping  stm32f4xx_hal_cortex.o
    0x080015d4   0x080015d4   0x00000134   Code   RO          586    i.HAL_RCC_ClockConfig  stm32f4xx_hal_rcc.o
    0x08001708   0x08001708   0x00000040   Code   RO          590    i.HAL_RCC_GetClockConfig  stm32f4xx_hal_rcc.o
    0x08001748   0x08001748   0x00000020   Code   RO          593    i.HAL_RCC_GetPCLK1Freq  stm32f4xx_hal_rcc.o
    0x08001768   0x08001768   0x00000020   Code   RO          594    i.HAL_RCC_GetPCLK2Freq  stm32f4xx_hal_rcc.o
    0x08001788   0x08001788   0x00000064   Code   RO          595    i.HAL_RCC_GetSysClockFreq  stm32f4xx_hal_rcc.o
    0x080017ec   0x080017ec   0x0000036c   Code   RO          598    i.HAL_RCC_OscConfig  stm32f4xx_hal_rcc.o
    0x08001b58   0x08001b58   0x00000002   Code   RO         2956    i.HAL_TIMEx_BreakCallback  stm32f4xx_hal_tim_ex.o
    0x08001b5a   0x08001b5a   0x00000002   Code   RO         2957    i.HAL_TIMEx_CommutCallback  stm32f4xx_hal_tim_ex.o
    0x08001b5c   0x08001b5c   0x0000007c   Code   RO         2975    i.HAL_TIMEx_MasterConfigSynchronization  stm32f4xx_hal_tim_ex.o
    0x08001bd8   0x08001bd8   0x0000005a   Code   RO         2252    i.HAL_TIM_Base_Init  stm32f4xx_hal_tim.o
    0x08001c32   0x08001c32   0x00000002   PAD
    0x08001c34   0x08001c34   0x00000028   Code   RO          365    i.HAL_TIM_Base_MspInit  tim.o
    0x08001c5c   0x08001c5c   0x0000006c   Code   RO         2257    i.HAL_TIM_Base_Start_IT  stm32f4xx_hal_tim.o
    0x08001cc8   0x08001cc8   0x000000dc   Code   RO         2261    i.HAL_TIM_ConfigClockSource  stm32f4xx_hal_tim.o
    0x08001da4   0x08001da4   0x00000002   Code   RO         2286    i.HAL_TIM_IC_CaptureCallback  stm32f4xx_hal_tim.o
    0x08001da6   0x08001da6   0x00000130   Code   RO         2300    i.HAL_TIM_IRQHandler  stm32f4xx_hal_tim.o
    0x08001ed6   0x08001ed6   0x00000002   PAD
    0x08001ed8   0x08001ed8   0x00000078   Code   RO          366    i.HAL_TIM_MspPostInit  tim.o
    0x08001f50   0x08001f50   0x00000002   Code   RO         2303    i.HAL_TIM_OC_DelayElapsedCallback  stm32f4xx_hal_tim.o
    0x08001f52   0x08001f52   0x000000cc   Code   RO         2324    i.HAL_TIM_PWM_ConfigChannel  stm32f4xx_hal_tim.o
    0x0800201e   0x0800201e   0x0000005a   Code   RO         2327    i.HAL_TIM_PWM_Init  stm32f4xx_hal_tim.o
    0x08002078   0x08002078   0x00000002   Code   RO         2329    i.HAL_TIM_PWM_MspInit  stm32f4xx_hal_tim.o
    0x0800207a   0x0800207a   0x00000002   Code   RO         2330    i.HAL_TIM_PWM_PulseFinishedCallback  stm32f4xx_hal_tim.o
    0x0800207c   0x0800207c   0x000000b0   Code   RO         2332    i.HAL_TIM_PWM_Start  stm32f4xx_hal_tim.o
    0x0800212c   0x0800212c   0x00000014   Code   RO           16    i.HAL_TIM_PeriodElapsedCallback  main.o
    0x08002140   0x08002140   0x00000002   Code   RO         2343    i.HAL_TIM_TriggerCallback  stm32f4xx_hal_tim.o
    0x08002142   0x08002142   0x00000002   Code   RO          420    i.HardFault_Handler  stm32f4xx_it.o
    0x08002144   0x08002144   0x0000002e   Code   RO         1837    i.I2C_IsAcknowledgeFailed  stm32f4xx_hal_i2c.o
    0x08002172   0x08002172   0x00000002   PAD
    0x08002174   0x08002174   0x000000fc   Code   RO         1847    i.I2C_RequestMemoryRead  stm32f4xx_hal_i2c.o
    0x08002270   0x08002270   0x00000090   Code   RO         1853    i.I2C_WaitOnFlagUntilTimeout  stm32f4xx_hal_i2c.o
    0x08002300   0x08002300   0x000000bc   Code   RO         1854    i.I2C_WaitOnMasterAddressFlagUntilTimeout  stm32f4xx_hal_i2c.o
    0x080023bc   0x080023bc   0x00000070   Code   RO         1855    i.I2C_WaitOnRXNEFlagUntilTimeout  stm32f4xx_hal_i2c.o
    0x0800242c   0x0800242c   0x00000056   Code   RO         1856    i.I2C_WaitOnTXEFlagUntilTimeout  stm32f4xx_hal_i2c.o
    0x08002482   0x08002482   0x00000002   PAD
    0x08002484   0x08002484   0x00000074   Code   RO           17    i.KEY_Task          main.o
    0x080024f8   0x080024f8   0x0000003a   Code   RO         4839    i.LCD_Address_Set   lcd_init.o
    0x08002532   0x08002532   0x00000016   Code   RO         4703    i.LCD_DrawPoint     lcd.o
    0x08002548   0x08002548   0x0000003e   Code   RO         4705    i.LCD_Fill          lcd.o
    0x08002586   0x08002586   0x00000002   PAD
    0x08002588   0x08002588   0x000001c0   Code   RO         4840    i.LCD_Init          lcd_init.o
    0x08002748   0x08002748   0x0000010c   Code   RO         4706    i.LCD_ShowChar      lcd.o
    0x08002854   0x08002854   0x000000e0   Code   RO         4712    i.LCD_ShowFloatNum1  lcd.o
    0x08002934   0x08002934   0x000000b6   Code   RO         4713    i.LCD_ShowIntNum    lcd.o
    0x080029ea   0x080029ea   0x0000003a   Code   RO         4715    i.LCD_ShowString    lcd.o
    0x08002a24   0x08002a24   0x00000130   Code   RO         4716    i.LCD_Show_Dynamic  lcd.o
    0x08002b54   0x08002b54   0x000000a8   Code   RO         4717    i.LCD_Show_Static   lcd.o
    0x08002bfc   0x08002bfc   0x00000050   Code   RO           18    i.LCD_Task          main.o
    0x08002c4c   0x08002c4c   0x00000014   Code   RO         4841    i.LCD_WR_DATA       lcd_init.o
    0x08002c60   0x08002c60   0x00000028   Code   RO         4843    i.LCD_WR_REG        lcd_init.o
    0x08002c88   0x08002c88   0x0000004c   Code   RO         4844    i.LCD_Writ_Bus      lcd_init.o
    0x08002cd4   0x08002cd4   0x00000044   Code   RO           19    i.LED_Task          main.o
    0x08002d18   0x08002d18   0x00000018   Code   RO         5172    i.LowPassFilter_Init  lowpass_filter.o
    0x08002d30   0x08002d30   0x0000007c   Code   RO         5173    i.LowPassFilter_Operator  lowpass_filter.o
    0x08002dac   0x08002dac   0x000000dc   Code   RO          294    i.MX_GPIO_Init      gpio.o
    0x08002e88   0x08002e88   0x00000040   Code   RO          324    i.MX_I2C3_Init      i2c.o
    0x08002ec8   0x08002ec8   0x000000ec   Code   RO          367    i.MX_TIM3_Init      tim.o
    0x08002fb4   0x08002fb4   0x00000002   Code   RO          421    i.MemManage_Handler  stm32f4xx_it.o
    0x08002fb6   0x08002fb6   0x00000002   Code   RO          422    i.NMI_Handler       stm32f4xx_it.o
    0x08002fb8   0x08002fb8   0x000000e4   Code   RO           20    i.Openloop_FOC_Task  main.o
    0x0800309c   0x0800309c   0x00000024   Code   RO         5213    i.PIDController_Init  pid.o
    0x080030c0   0x080030c0   0x00000120   Code   RO         5214    i.PIDController_Operator  pid.o
    0x080031e0   0x080031e0   0x0000000c   Code   RO           21    i.PWM_DETECT_Task   main.o
    0x080031ec   0x080031ec   0x00000058   Code   RO         5105    i.Sensor_init       as5600.o
    0x08003244   0x08003244   0x00000060   Code   RO         5106    i.Sensor_update     as5600.o
    0x080032a4   0x080032a4   0x00000070   Code   RO          368    i.Set_TIM3_PWM_CCRx  tim.o
    0x08003314   0x08003314   0x0000002c   Code   RO         4621    i.SysTick_Handler   port.o
    0x08003340   0x08003340   0x00000094   Code   RO           23    i.SystemClock_Config  main.o
    0x080033d4   0x080033d4   0x00000010   Code   RO         3224    i.SystemInit        system_stm32f4xx.o
    0x080033e4   0x080033e4   0x0000000c   Code   RO          423    i.TIM1_UP_TIM10_IRQHandler  stm32f4xx_it.o
    0x080033f0   0x080033f0   0x000000a4   Code   RO         2345    i.TIM_Base_SetConfig  stm32f4xx_hal_tim.o
    0x08003494   0x08003494   0x0000001a   Code   RO         2346    i.TIM_CCxChannelCmd  stm32f4xx_hal_tim.o
    0x080034ae   0x080034ae   0x00000014   Code   RO         2356    i.TIM_ETR_SetConfig  stm32f4xx_hal_tim.o
    0x080034c2   0x080034c2   0x00000010   Code   RO         2357    i.TIM_ITRx_SetConfig  stm32f4xx_hal_tim.o
    0x080034d2   0x080034d2   0x00000002   PAD
    0x080034d4   0x080034d4   0x00000050   Code   RO         2358    i.TIM_OC1_SetConfig  stm32f4xx_hal_tim.o
    0x08003524   0x08003524   0x00000058   Code   RO         2359    i.TIM_OC2_SetConfig  stm32f4xx_hal_tim.o
    0x0800357c   0x0800357c   0x00000058   Code   RO         2360    i.TIM_OC3_SetConfig  stm32f4xx_hal_tim.o
    0x080035d4   0x080035d4   0x00000044   Code   RO         2361    i.TIM_OC4_SetConfig  stm32f4xx_hal_tim.o
    0x08003618   0x08003618   0x00000022   Code   RO         2363    i.TIM_TI1_ConfigInputStage  stm32f4xx_hal_tim.o
    0x0800363a   0x0800363a   0x00000024   Code   RO         2365    i.TIM_TI2_ConfigInputStage  stm32f4xx_hal_tim.o
    0x0800365e   0x0800365e   0x00000002   Code   RO          424    i.UsageFault_Handler  stm32f4xx_it.o
    0x08003660   0x08003660   0x00000030   Code   RO         5359    i.__ARM_fpclassify  m_wm.l(fpclassify.o)
    0x08003690   0x08003690   0x00000020   Code   RO         1393    i.__NVIC_SetPriority  stm32f4xx_hal_cortex.o
    0x080036b0   0x080036b0   0x000000c8   Code   RO         5253    i.__hardfp_cos      m_wm.l(cos.o)
    0x08003778   0x08003778   0x00000104   Code   RO         5265    i.__hardfp_fmod     m_wm.l(fmod.o)
    0x0800387c   0x0800387c   0x00000004   PAD
    0x08003880   0x08003880   0x00000c50   Code   RO         5277    i.__hardfp_pow      m_wm.l(pow.o)
    0x080044d0   0x080044d0   0x000000c8   Code   RO         5291    i.__hardfp_sin      m_wm.l(sin.o)
    0x08004598   0x08004598   0x0000007a   Code   RO         5303    i.__hardfp_sqrt     m_wm.l(sqrt.o)
    0x08004612   0x08004612   0x00000006   PAD
    0x08004618   0x08004618   0x00000438   Code   RO         5364    i.__ieee754_rem_pio2  m_wm.l(rred.o)
    0x08004a50   0x08004a50   0x00000170   Code   RO         5336    i.__kernel_cos      m_wm.l(cos_i.o)
    0x08004bc0   0x08004bc0   0x000000f8   Code   RO         5361    i.__kernel_poly     m_wm.l(poly.o)
    0x08004cb8   0x08004cb8   0x00000130   Code   RO         5369    i.__kernel_sin      m_wm.l(sin_i.o)
    0x08004de8   0x08004de8   0x00000030   Code   RO         5339    i.__mathlib_dbl_divzero  m_wm.l(dunder.o)
    0x08004e18   0x08004e18   0x00000014   Code   RO         5340    i.__mathlib_dbl_infnan  m_wm.l(dunder.o)
    0x08004e2c   0x08004e2c   0x00000014   Code   RO         5341    i.__mathlib_dbl_infnan2  m_wm.l(dunder.o)
    0x08004e40   0x08004e40   0x00000020   Code   RO         5342    i.__mathlib_dbl_invalid  m_wm.l(dunder.o)
    0x08004e60   0x08004e60   0x00000020   Code   RO         5343    i.__mathlib_dbl_overflow  m_wm.l(dunder.o)
    0x08004e80   0x08004e80   0x00000020   Code   RO         5345    i.__mathlib_dbl_underflow  m_wm.l(dunder.o)
    0x08004ea0   0x08004ea0   0x0000000e   Code   RO         5433    i.__scatterload_copy  mc_w.l(handlers.o)
    0x08004eae   0x08004eae   0x00000002   Code   RO         5434    i.__scatterload_null  mc_w.l(handlers.o)
    0x08004eb0   0x08004eb0   0x0000000e   Code   RO         5435    i.__scatterload_zeroinit  mc_w.l(handlers.o)
    0x08004ebe   0x08004ebe   0x00000002   PAD
    0x08004ec0   0x08004ec0   0x0000000c   Code   RO         5399    i.__set_errno       mc_w.l(errno.o)
    0x08004ecc   0x08004ecc   0x00000034   Code   RO         4940    i._electricalAngle  closedloop-foc.o
    0x08004f00   0x08004f00   0x00000044   Code   RO         4941    i._normalizeAngle   closedloop-foc.o
    0x08004f44   0x08004f44   0x00000018   Code   RO         5355    i.fabs              m_wm.l(fabs.o)
    0x08004f5c   0x08004f5c   0x0000001c   Code   RO         5107    i.getAngle          as5600.o
    0x08004f78   0x08004f78   0x00000006   Code   RO         5108    i.getMechanicalAngle  as5600.o
    0x08004f7e   0x08004f7e   0x00000002   PAD
    0x08004f80   0x08004f80   0x00000084   Code   RO         5109    i.getSensorAngle    as5600.o
    0x08005004   0x08005004   0x00000058   Code   RO         5110    i.getVelocity       as5600.o
    0x0800505c   0x0800505c   0x0000004c   Code   RO           24    i.main              main.o
    0x080050a8   0x080050a8   0x00000010   Code   RO         4718    i.mypow             lcd.o
    0x080050b8   0x080050b8   0x00000070   Code   RO         3732    i.prvAddCurrentTaskToDelayedList  tasks.o
    0x08005128   0x08005128   0x000000d0   Code   RO         3733    i.prvAddNewTaskToReadyList  tasks.o
    0x080051f8   0x080051f8   0x00000058   Code   RO         4052    i.prvCheckForValidListAndQueue  timers.o
    0x08005250   0x08005250   0x00000026   Code   RO         3402    i.prvCopyDataFromQueue  queue.o
    0x08005276   0x08005276   0x0000006c   Code   RO         3403    i.prvCopyDataToQueue  queue.o
    0x080052e2   0x080052e2   0x00000034   Code   RO         3734    i.prvDeleteTCB      tasks.o
    0x08005316   0x08005316   0x00000002   PAD
    0x08005318   0x08005318   0x0000004c   Code   RO         4565    i.prvHeapInit       heap_4.o
    0x08005364   0x08005364   0x00000060   Code   RO         3735    i.prvIdleTask       tasks.o
    0x080053c4   0x080053c4   0x00000016   Code   RO         3405    i.prvInitialiseNewQueue  queue.o
    0x080053da   0x080053da   0x00000098   Code   RO         3736    i.prvInitialiseNewTask  tasks.o
    0x08005472   0x08005472   0x00000002   PAD
    0x08005474   0x08005474   0x0000004c   Code   RO         4566    i.prvInsertBlockIntoFreeList  heap_4.o
    0x080054c0   0x080054c0   0x00000038   Code   RO         4054    i.prvInsertTimerInActiveList  timers.o
    0x080054f8   0x080054f8   0x0000001c   Code   RO         3406    i.prvIsQueueEmpty   queue.o
    0x08005514   0x08005514   0x000000f0   Code   RO         4055    i.prvProcessReceivedCommands  timers.o
    0x08005604   0x08005604   0x000000c0   Code   RO         4056    i.prvProcessTimerOrBlockTask  timers.o
    0x080056c4   0x080056c4   0x00000020   Code   RO         3737    i.prvResetNextTaskUnblockTime  tasks.o
    0x080056e4   0x080056e4   0x00000028   Code   RO         4057    i.prvSampleTimeNow  timers.o
    0x0800570c   0x0800570c   0x0000006c   Code   RO         4058    i.prvSwitchTimerLists  timers.o
    0x08005778   0x08005778   0x00000028   Code   RO         4622    i.prvTaskExitError  port.o
    0x080057a0   0x080057a0   0x00000024   Code   RO         4059    i.prvTimerTask      timers.o
    0x080057c4   0x080057c4   0x0000006a   Code   RO         3407    i.prvUnlockQueue    queue.o
    0x0800582e   0x0800582e   0x00000002   PAD
    0x08005830   0x08005830   0x000000dc   Code   RO         4567    i.pvPortMalloc      heap_4.o
    0x0800590c   0x0800590c   0x0000002c   Code   RO         4623    i.pxPortInitialiseStack  port.o
    0x08005938   0x08005938   0x000000f8   Code   RO         4942    i.setPwm            closedloop-foc.o
    0x08005a30   0x08005a30   0x000001c0   Code   RO         4943    i.setTorque         closedloop-foc.o
    0x08005bf0   0x08005bf0   0x0000006e   Code   RO         5305    i.sqrt              m_wm.l(sqrt.o)
    0x08005c5e   0x08005c5e   0x00000026   Code   RO         3362    i.uxListRemove      list.o
    0x08005c84   0x08005c84   0x00000014   Code   RO          545    i.vApplicationGetIdleTaskMemory  freertos.o
    0x08005c98   0x08005c98   0x00000018   Code   RO          546    i.vApplicationGetTimerTaskMemory  freertos.o
    0x08005cb0   0x08005cb0   0x00000016   Code   RO         3363    i.vListInitialise   list.o
    0x08005cc6   0x08005cc6   0x00000006   Code   RO         3364    i.vListInitialiseItem  list.o
    0x08005ccc   0x08005ccc   0x00000030   Code   RO         3365    i.vListInsert       list.o
    0x08005cfc   0x08005cfc   0x00000018   Code   RO         3366    i.vListInsertEnd    list.o
    0x08005d14   0x08005d14   0x00000040   Code   RO         4625    i.vPortEnterCritical  port.o
    0x08005d54   0x08005d54   0x00000028   Code   RO         4626    i.vPortExitCritical  port.o
    0x08005d7c   0x08005d7c   0x00000064   Code   RO         4568    i.vPortFree         heap_4.o
    0x08005de0   0x08005de0   0x00000024   Code   RO         4627    i.vPortSetupTimerInterrupt  port.o
    0x08005e04   0x08005e04   0x00000054   Code   RO         4628    i.vPortValidateInterruptPriority  port.o
    0x08005e58   0x08005e58   0x00000028   Code   RO         3411    i.vQueueAddToRegistry  queue.o
    0x08005e80   0x08005e80   0x00000044   Code   RO         3414    i.vQueueWaitForMessageRestricted  queue.o
    0x08005ec4   0x08005ec4   0x0000004c   Code   RO         3746    i.vTaskDelay        tasks.o
    0x08005f10   0x08005f10   0x0000008c   Code   RO         3747    i.vTaskDelayUntil   tasks.o
    0x08005f9c   0x08005f9c   0x000000ac   Code   RO         3748    i.vTaskDelete       tasks.o
    0x08006048   0x08006048   0x00000010   Code   RO         3750    i.vTaskInternalSetTimeOutState  tasks.o
    0x08006058   0x08006058   0x0000000c   Code   RO         3751    i.vTaskMissedYield  tasks.o
    0x08006064   0x08006064   0x00000030   Code   RO         3753    i.vTaskPlaceOnEventList  tasks.o
    0x08006094   0x08006094   0x00000038   Code   RO         3754    i.vTaskPlaceOnEventListRestricted  tasks.o
    0x080060cc   0x080060cc   0x00000088   Code   RO         3761    i.vTaskStartScheduler  tasks.o
    0x08006154   0x08006154   0x00000010   Code   RO         3763    i.vTaskSuspendAll   tasks.o
    0x08006164   0x08006164   0x0000005c   Code   RO         3764    i.vTaskSwitchContext  tasks.o
    0x080061c0   0x080061c0   0x000000f4   Code   RO         4629    i.xPortStartScheduler  port.o
    0x080062b4   0x080062b4   0x00000066   Code   RO         3418    i.xQueueGenericCreateStatic  queue.o
    0x0800631a   0x0800631a   0x00000002   PAD
    0x0800631c   0x0800631c   0x00000088   Code   RO         3419    i.xQueueGenericReset  queue.o
    0x080063a4   0x080063a4   0x00000160   Code   RO         3420    i.xQueueGenericSend  queue.o
    0x08006504   0x08006504   0x000000be   Code   RO         3421    i.xQueueGenericSendFromISR  queue.o
    0x080065c2   0x080065c2   0x00000002   PAD
    0x080065c4   0x080065c4   0x00000138   Code   RO         3427    i.xQueueReceive     queue.o
    0x080066fc   0x080066fc   0x00000074   Code   RO         3766    i.xTaskCheckForTimeOut  tasks.o
    0x08006770   0x08006770   0x0000005a   Code   RO         3767    i.xTaskCreate       tasks.o
    0x080067ca   0x080067ca   0x00000056   Code   RO         3768    i.xTaskCreateStatic  tasks.o
    0x08006820   0x08006820   0x0000001c   Code   RO         3772    i.xTaskGetSchedulerState  tasks.o
    0x0800683c   0x0800683c   0x0000000c   Code   RO         3773    i.xTaskGetTickCount  tasks.o
    0x08006848   0x08006848   0x000000cc   Code   RO         3775    i.xTaskIncrementTick  tasks.o
    0x08006914   0x08006914   0x00000098   Code   RO         3778    i.xTaskPriorityDisinherit  tasks.o
    0x080069ac   0x080069ac   0x00000078   Code   RO         3780    i.xTaskRemoveFromEventList  tasks.o
    0x08006a24   0x08006a24   0x000000c4   Code   RO         3781    i.xTaskResumeAll    tasks.o
    0x08006ae8   0x08006ae8   0x00000060   Code   RO         4066    i.xTimerCreateTimerTask  timers.o
    0x08006b48   0x08006b48   0x00000060   Code   RO         4067    i.xTimerGenericCommand  timers.o
    0x08006ba8   0x08006ba8   0x00000010   Data   RO         3225    .constdata          system_stm32f4xx.o
    0x08006bb8   0x08006bb8   0x00000008   Data   RO         3226    .constdata          system_stm32f4xx.o
    0x08006bc0   0x08006bc0   0x00000474   Data   RO         4897    .constdata          lcdfont.o
    0x08007034   0x08007034   0x000005f0   Data   RO         4898    .constdata          lcdfont.o
    0x08007624   0x08007624   0x000011d0   Data   RO         4899    .constdata          lcdfont.o
    0x080087f4   0x080087f4   0x000017c0   Data   RO         4900    .constdata          lcdfont.o
    0x08009fb4   0x08009fb4   0x00000004   PAD
    0x08009fb8   0x08009fb8   0x00000088   Data   RO         5280    .constdata          m_wm.l(pow.o)
    0x0800a040   0x0800a040   0x00000030   Data   RO         5337    .constdata          m_wm.l(cos_i.o)
    0x0800a070   0x0800a070   0x00000008   Data   RO         5363    .constdata          m_wm.l(qnan.o)
    0x0800a078   0x0800a078   0x000000c8   Data   RO         5366    .constdata          m_wm.l(rred.o)
    0x0800a140   0x0800a140   0x00000028   Data   RO         5370    .constdata          m_wm.l(sin_i.o)
    0x0800a168   0x0800a168   0x00000020   Data   RO         5431    Region$$Table       anon$$obj.o


    Execution Region RW_IRAM1 (Exec base: 0x20000000, Load base: 0x0800a188, Size: 0x00004ea0, Max: 0x00018000, ABSOLUTE, COMPRESSED[0x00000028])

    Exec Addr    Load Addr    Size         Type   Attr      Idx    E Section Name        Object

    0x20000000   COMPRESSED   0x00000024   Data   RW           25    .data               main.o
    0x20000024   COMPRESSED   0x0000000c   Data   RW         1552    .data               stm32f4xx_hal.o
    0x20000030   COMPRESSED   0x00000004   Data   RW         3227    .data               system_stm32f4xx.o
    0x20000034   COMPRESSED   0x0000003c   Data   RW         3784    .data               tasks.o
    0x20000070   COMPRESSED   0x00000014   Data   RW         4073    .data               timers.o
    0x20000084   COMPRESSED   0x00000020   Data   RW         4574    .data               heap_4.o
    0x200000a4   COMPRESSED   0x0000000c   Data   RW         4630    .data               port.o
    0x200000b0   COMPRESSED   0x00000001   Data   RW         4720    .data               lcd.o
    0x200000b1   COMPRESSED   0x00000001   Data   RW         4845    .data               lcd_init.o
    0x200000b2   COMPRESSED   0x00000002   PAD
    0x200000b4   COMPRESSED   0x00000020   Data   RW         4945    .data               closedloop-foc.o
    0x200000d4   COMPRESSED   0x00000008   Data   RW         5112    .data               as5600.o
    0x200000dc   COMPRESSED   0x00000028   Data   RW         5217    .data               pid.o
    0x20000104   COMPRESSED   0x00000028   Data   RW         5218    .data               pid.o
    0x2000012c   COMPRESSED   0x00000004   Data   RW         5400    .data               mc_w.l(errno.o)
    0x20000130        -       0x00000054   Zero   RW          325    .bss                i2c.o
    0x20000184        -       0x00000048   Zero   RW          369    .bss                tim.o
    0x200001cc        -       0x00000048   Zero   RW          509    .bss                stm32f4xx_hal_timebase_tim.o
    0x20000214        -       0x000006a8   Zero   RW          547    .bss                freertos.o
    0x200008bc        -       0x00000040   Zero   RW         3430    .bss                queue.o
    0x200008fc        -       0x000002e4   Zero   RW         3783    .bss                tasks.o
    0x20000be0        -       0x000000e8   Zero   RW         4072    .bss                timers.o
    0x20000cc8        -       0x00003c00   Zero   RW         4573    .bss                heap_4.o
    0x200048c8        -       0x0000001c   Zero   RW         4719    .bss                lcd.o
    0x200048e4        -       0x00000058   Zero   RW         4944    .bss                closedloop-foc.o
    0x2000493c        -       0x00000060   Zero   RW         5111    .bss                as5600.o
    0x2000499c        -       0x00000028   Zero   RW         5174    .bss                lowpass_filter.o
    0x200049c4        -       0x00000028   Zero   RW         5175    .bss                lowpass_filter.o
    0x200049ec        -       0x00000058   Zero   RW         5215    .bss                pid.o
    0x20004a44        -       0x00000058   Zero   RW         5216    .bss                pid.o
    0x20004a9c   COMPRESSED   0x00000004   PAD
    0x20004aa0        -       0x00000400   Zero   RW            1    STACK               startup_stm32f401xe.o


==============================================================================

Image component sizes


      Code (inc. data)   RO Data    RW Data    ZI Data      Debug   Object Name

       438         46          0          8         96       5857   as5600.o
      1340        108          0         32         88      10582   closedloop-foc.o
         0          0          0          0          0      20264   event_groups.o
        44         10          0          0       1704       2433   freertos.o
       220         18          0          0          0       1071   gpio.o
       472         24          0         32      15360       5195   heap_4.o
       212         30          0          0         84       1941   i2c.o
      1304         82          0          1         28      10064   lcd.o
       642         20          0          1          0       5650   lcd_init.o
         0          0      13300          0          0       1618   lcdfont.o
       138          0          0          0          0       3874   list.o
       148         16          0          0         80       2910   lowpass_filter.o
      1054        262          0         36          0     449807   main.o
       324         12          0         80        176       3522   pid.o
       786         82          0         12          0      12481   port.o
      1502         20          0          0         64      18108   queue.o
        36          8        404          0       1024        888   startup_stm32f401xe.o
        80         14          0         12          0       8262   stm32f4xx_hal.o
       158         14          0          0          0      33310   stm32f4xx_hal_cortex.o
       500         34          0          0          0       3035   stm32f4xx_hal_gpio.o
      1736         36          0          0          0      10558   stm32f4xx_hal_i2c.o
        56          4          0          0          0        974   stm32f4xx_hal_msp.o
      1412         86          0          0          0       6265   stm32f4xx_hal_rcc.o
      1822         88          0          0          0      18078   stm32f4xx_hal_tim.o
       128         20          0          0          0       2697   stm32f4xx_hal_tim_ex.o
       140         22          0          0         72       1583   stm32f4xx_hal_timebase_tim.o
        24          6          0          0          0       3640   stm32f4xx_it.o
        16          4         24          4          0       1283   system_stm32f4xx.o
      2420        194          0         60        740      30244   tasks.o
       508         48          0          0         72       3420   tim.o
        54          0          0          0          0       3091   timecount.o
       952         80          0         20        232      30883   timers.o

    ----------------------------------------------------------------------
     18700       1388      13764        300      19824     713588   Object Totals
         0          0         32          0          0          0   (incl. Generated)
        34          0          4          2          4          0   (incl. Padding)

    ----------------------------------------------------------------------

      Code (inc. data)   RO Data    RW Data    ZI Data      Debug   Library Member Name

       200         20          0          0          0        164   cos.o
       368         46         48          0          0        200   cos_i.o
       184         44          0          0          0        744   dunder.o
        24          0          0          0          0        124   fabs.o
       260          6          0          0          0        144   fmod.o
        48          0          0          0          0        124   fpclassify.o
       248          0          0          0          0        152   poly.o
      3152        296        136          0          0        352   pow.o
         0          0          8          0          0          0   qnan.o
      1080        142        200          0          0        188   rred.o
       200         20          0          0          0        164   sin.o
       304         24         40          0          0        208   sin_i.o
       232          0          0          0          0        296   sqrt.o
        86          0          0          0          0          0   __dczerorl2.o
         0          0          0          0          0          0   entry.o
         0          0          0          0          0          0   entry10a.o
         0          0          0          0          0          0   entry11a.o
         4          0          0          0          0          0   entry12b.o
         8          4          0          0          0          0   entry2.o
         4          0          0          0          0          0   entry5.o
         0          0          0          0          0          0   entry7b.o
         0          0          0          0          0          0   entry8b.o
         8          4          0          0          0          0   entry9a.o
        12          6          0          4          0         68   errno.o
        30          0          0          0          0          0   handlers.o
        36          8          0          0          0         68   init.o
         0          0          0          0          0          0   iusefp.o
        30          0          0          0          0         68   llshl.o
        36          0          0          0          0         68   llsshr.o
        32          0          0          0          0         68   llushr.o
        36          0          0          0          0         68   memcpya.o
        36          0          0          0          0        108   memseta.o
        98          0          0          0          0         92   uldiv.o
        48          0          0          0          0         68   cdrcmple.o
        56          0          0          0          0         88   d2f.o
       334          0          0          0          0        148   dadd.o
       222          0          0          0          0        100   ddiv.o
       186          0          0          0          0        176   depilogue.o
        62          0          0          0          0         80   dfixi.o
        34          0          0          0          0         76   dflti.o
        26          0          0          0          0         76   dfltui.o
       228          0          0          0          0         96   dmul.o
       134          0          0          0          0         96   drem.o
        46          0          0          0          0         80   dscalb.o
       162          0          0          0          0        100   dsqrt.o
        38          0          0          0          0         68   f2d.o
       110          0          0          0          0        168   fepilogue.o

    ----------------------------------------------------------------------
      8456        624        432          4          0       4888   Library Totals
        14          4          0          0          0          0   (incl. Padding)

    ----------------------------------------------------------------------

      Code (inc. data)   RO Data    RW Data    ZI Data      Debug   Library Name

      6300        598        432          0          0       2860   m_wm.l
       456         22          0          4          0        608   mc_w.l
      1686          0          0          0          0       1420   mf_w.l

    ----------------------------------------------------------------------
      8456        624        432          4          0       4888   Library Totals

    ----------------------------------------------------------------------

==============================================================================


      Code (inc. data)   RO Data    RW Data    ZI Data      Debug   

     27156       2012      14196        304      19824     699172   Grand Totals
     27156       2012      14196         40      19824     699172   ELF Image Totals (compressed)
     27156       2012      14196         40          0          0   ROM Totals

==============================================================================

    Total RO  Size (Code + RO Data)                41352 (  40.38kB)
    Total RW  Size (RW Data + ZI Data)             20128 (  19.66kB)
    Total ROM Size (Code + RO Data + RW Data)      41392 (  40.42kB)

==============================================================================

